Archive member included because of file (symbol)

d:/embedded systems/required/imt_sdk_win_64/imt_sdk_win_64/winavr/bin/../lib/gcc/avr/4.3.3/avr5\libgcc.a(_udivmodqi4.o)
                              ./APP/main.o (__udivmodqi4)
d:/embedded systems/required/imt_sdk_win_64/imt_sdk_win_64/winavr/bin/../lib/gcc/avr/4.3.3/avr5\libgcc.a(_udivmodsi4.o)
                              ./LIB/DELAY/DELAY.o (__udivmodsi4)
d:/embedded systems/required/imt_sdk_win_64/imt_sdk_win_64/winavr/bin/../lib/gcc/avr/4.3.3/avr5\libgcc.a(_exit.o)
                              d:/embedded systems/required/imt_sdk_win_64/imt_sdk_win_64/winavr/bin/../lib/gcc/avr/4.3.3/../../../../avr/lib/avr5/crtm32.o (exit)
d:/embedded systems/required/imt_sdk_win_64/imt_sdk_win_64/winavr/bin/../lib/gcc/avr/4.3.3/avr5\libgcc.a(_copy_data.o)
                              ./HAL/NRF24L01/NRF24L01.o (__do_copy_data)
d:/embedded systems/required/imt_sdk_win_64/imt_sdk_win_64/winavr/bin/../lib/gcc/avr/4.3.3/avr5\libgcc.a(_clear_bss.o)
                              ./MCAL/TIMER/TIMER.o (__do_clear_bss)
d:/embedded systems/required/imt_sdk_win_64/imt_sdk_win_64/winavr/bin/../lib/gcc/avr/4.3.3/avr5\libgcc.a(_fixunssfsi.o)
                              ./LIB/DELAY/DELAY.o (__fixunssfsi)
d:/embedded systems/required/imt_sdk_win_64/imt_sdk_win_64/winavr/bin/../lib/gcc/avr/4.3.3/avr5\libgcc.a(_addsub_sf.o)
                              ./LIB/DELAY/DELAY.o (__subsf3)
d:/embedded systems/required/imt_sdk_win_64/imt_sdk_win_64/winavr/bin/../lib/gcc/avr/4.3.3/avr5\libgcc.a(_mul_sf.o)
                              ./LIB/DELAY/DELAY.o (__mulsf3)
d:/embedded systems/required/imt_sdk_win_64/imt_sdk_win_64/winavr/bin/../lib/gcc/avr/4.3.3/avr5\libgcc.a(_div_sf.o)
                              ./LIB/DELAY/DELAY.o (__divsf3)
d:/embedded systems/required/imt_sdk_win_64/imt_sdk_win_64/winavr/bin/../lib/gcc/avr/4.3.3/avr5\libgcc.a(_eq_sf.o)
                              ./LIB/DELAY/DELAY.o (__eqsf2)
d:/embedded systems/required/imt_sdk_win_64/imt_sdk_win_64/winavr/bin/../lib/gcc/avr/4.3.3/avr5\libgcc.a(_ne_sf.o)
                              ./HAL/LCD/LCD.o (__nesf2)
d:/embedded systems/required/imt_sdk_win_64/imt_sdk_win_64/winavr/bin/../lib/gcc/avr/4.3.3/avr5\libgcc.a(_gt_sf.o)
                              ./LIB/DELAY/DELAY.o (__gtsf2)
d:/embedded systems/required/imt_sdk_win_64/imt_sdk_win_64/winavr/bin/../lib/gcc/avr/4.3.3/avr5\libgcc.a(_ge_sf.o)
                              d:/embedded systems/required/imt_sdk_win_64/imt_sdk_win_64/winavr/bin/../lib/gcc/avr/4.3.3/avr5\libgcc.a(_fixunssfsi.o) (__gesf2)
d:/embedded systems/required/imt_sdk_win_64/imt_sdk_win_64/winavr/bin/../lib/gcc/avr/4.3.3/avr5\libgcc.a(_lt_sf.o)
                              ./HAL/SERVO/SERVO.o (__ltsf2)
d:/embedded systems/required/imt_sdk_win_64/imt_sdk_win_64/winavr/bin/../lib/gcc/avr/4.3.3/avr5\libgcc.a(_le_sf.o)
                              ./LIB/DELAY/DELAY.o (__lesf2)
d:/embedded systems/required/imt_sdk_win_64/imt_sdk_win_64/winavr/bin/../lib/gcc/avr/4.3.3/avr5\libgcc.a(_si_to_sf.o)
                              ./LIB/DELAY/DELAY.o (__floatsisf)
d:/embedded systems/required/imt_sdk_win_64/imt_sdk_win_64/winavr/bin/../lib/gcc/avr/4.3.3/avr5\libgcc.a(_sf_to_si.o)
                              ./LIB/DELAY/DELAY.o (__fixsfsi)
d:/embedded systems/required/imt_sdk_win_64/imt_sdk_win_64/winavr/bin/../lib/gcc/avr/4.3.3/avr5\libgcc.a(_thenan_sf.o)
                              d:/embedded systems/required/imt_sdk_win_64/imt_sdk_win_64/winavr/bin/../lib/gcc/avr/4.3.3/avr5\libgcc.a(_addsub_sf.o) (__thenan_sf)
d:/embedded systems/required/imt_sdk_win_64/imt_sdk_win_64/winavr/bin/../lib/gcc/avr/4.3.3/avr5\libgcc.a(_usi_to_sf.o)
                              ./LIB/DELAY/DELAY.o (__floatunsisf)
d:/embedded systems/required/imt_sdk_win_64/imt_sdk_win_64/winavr/bin/../lib/gcc/avr/4.3.3/avr5\libgcc.a(_prologue.o)
                              d:/embedded systems/required/imt_sdk_win_64/imt_sdk_win_64/winavr/bin/../lib/gcc/avr/4.3.3/avr5\libgcc.a(_addsub_sf.o) (__prologue_saves__)
d:/embedded systems/required/imt_sdk_win_64/imt_sdk_win_64/winavr/bin/../lib/gcc/avr/4.3.3/avr5\libgcc.a(_epilogue.o)
                              d:/embedded systems/required/imt_sdk_win_64/imt_sdk_win_64/winavr/bin/../lib/gcc/avr/4.3.3/avr5\libgcc.a(_addsub_sf.o) (__epilogue_restores__)
d:/embedded systems/required/imt_sdk_win_64/imt_sdk_win_64/winavr/bin/../lib/gcc/avr/4.3.3/avr5\libgcc.a(_clzsi2.o)
                              d:/embedded systems/required/imt_sdk_win_64/imt_sdk_win_64/winavr/bin/../lib/gcc/avr/4.3.3/avr5\libgcc.a(_si_to_sf.o) (__clzsi2)
d:/embedded systems/required/imt_sdk_win_64/imt_sdk_win_64/winavr/bin/../lib/gcc/avr/4.3.3/avr5\libgcc.a(_pack_sf.o)
                              d:/embedded systems/required/imt_sdk_win_64/imt_sdk_win_64/winavr/bin/../lib/gcc/avr/4.3.3/avr5\libgcc.a(_addsub_sf.o) (__pack_f)
d:/embedded systems/required/imt_sdk_win_64/imt_sdk_win_64/winavr/bin/../lib/gcc/avr/4.3.3/avr5\libgcc.a(_unpack_sf.o)
                              d:/embedded systems/required/imt_sdk_win_64/imt_sdk_win_64/winavr/bin/../lib/gcc/avr/4.3.3/avr5\libgcc.a(_addsub_sf.o) (__unpack_f)
d:/embedded systems/required/imt_sdk_win_64/imt_sdk_win_64/winavr/bin/../lib/gcc/avr/4.3.3/avr5\libgcc.a(_fpcmp_parts_sf.o)
                              d:/embedded systems/required/imt_sdk_win_64/imt_sdk_win_64/winavr/bin/../lib/gcc/avr/4.3.3/avr5\libgcc.a(_eq_sf.o) (__fpcmp_parts_f)
d:/embedded systems/required/imt_sdk_win_64/imt_sdk_win_64/winavr/bin/../lib/gcc/avr/4.3.3/avr5\libgcc.a(_clz.o)
                              d:/embedded systems/required/imt_sdk_win_64/imt_sdk_win_64/winavr/bin/../lib/gcc/avr/4.3.3/avr5\libgcc.a(_clzsi2.o) (__clz_tab)

Allocating common symbols
Common symbol       size              file

nRF24L01_CE_port    0x1               ./HAL/NRF24L01/NRF24L01.o
EEPROM_buffer       0x400             ./MCAL/EEPROM/EEPROM.o
nRF24L01_CE_pin     0x1               ./HAL/NRF24L01/NRF24L01.o
SPI_CE_pin          0x1               ./MCAL/SPI/SPI.o
mode_of_operation   0x1               ./HAL/LCD/LCD.o
SPI_mode            0x1               ./MCAL/SPI/SPI.o
time                0x9               ./APP/main.o
delay_state         0x1               ./LIB/DELAY/DELAY.o
SPI_CE_port         0x1               ./MCAL/SPI/SPI.o

Memory Configuration

Name             Origin             Length             Attributes
text             0x00000000         0x00020000         xr
data             0x00800060         0x0000ffa0         rw !x
eeprom           0x00810000         0x00010000         rw !x
fuse             0x00820000         0x00000400         rw !x
lock             0x00830000         0x00000400         rw !x
signature        0x00840000         0x00000400         rw !x
*default*        0x00000000         0xffffffff

Linker script and memory map

LOAD d:/embedded systems/required/imt_sdk_win_64/imt_sdk_win_64/winavr/bin/../lib/gcc/avr/4.3.3/../../../../avr/lib/avr5/crtm32.o
LOAD ./MCAL/TIMER/TIMER.o
LOAD ./MCAL/SPI/SPI.o
LOAD ./MCAL/INTERRUPT/EXTERNAL/EXTERNAL.o
LOAD ./MCAL/INTERRUPT/INTERRUPT.o
LOAD ./MCAL/EEPROM/EEPROM.o
LOAD ./MCAL/DIO/DIO.o
LOAD ./LIB/DELAY/DELAY.o
LOAD ./HAL/SERVO/SERVO.o
LOAD ./HAL/NRF24L01/NRF24L01.o
LOAD ./HAL/LCD/LCD.o
LOAD ./APP/main.o
LOAD d:/embedded systems/required/imt_sdk_win_64/imt_sdk_win_64/winavr/bin/../lib/gcc/avr/4.3.3/avr5\libgcc.a
LOAD d:/embedded systems/required/imt_sdk_win_64/imt_sdk_win_64/winavr/bin/../lib/gcc/avr/4.3.3/../../../../avr/lib/avr5\libc.a
LOAD d:/embedded systems/required/imt_sdk_win_64/imt_sdk_win_64/winavr/bin/../lib/gcc/avr/4.3.3/avr5\libgcc.a

.hash
 *(.hash)

.dynsym
 *(.dynsym)

.dynstr
 *(.dynstr)

.gnu.version
 *(.gnu.version)

.gnu.version_d
 *(.gnu.version_d)

.gnu.version_r
 *(.gnu.version_r)

.rel.init
 *(.rel.init)

.rela.init
 *(.rela.init)

.rel.text
 *(.rel.text)
 *(.rel.text.*)
 *(.rel.gnu.linkonce.t*)

.rela.text
 *(.rela.text)
 *(.rela.text.*)
 *(.rela.gnu.linkonce.t*)

.rel.fini
 *(.rel.fini)

.rela.fini
 *(.rela.fini)

.rel.rodata
 *(.rel.rodata)
 *(.rel.rodata.*)
 *(.rel.gnu.linkonce.r*)

.rela.rodata
 *(.rela.rodata)
 *(.rela.rodata.*)
 *(.rela.gnu.linkonce.r*)

.rel.data
 *(.rel.data)
 *(.rel.data.*)
 *(.rel.gnu.linkonce.d*)

.rela.data
 *(.rela.data)
 *(.rela.data.*)
 *(.rela.gnu.linkonce.d*)

.rel.ctors
 *(.rel.ctors)

.rela.ctors
 *(.rela.ctors)

.rel.dtors
 *(.rel.dtors)

.rela.dtors
 *(.rela.dtors)

.rel.got
 *(.rel.got)

.rela.got
 *(.rela.got)

.rel.bss
 *(.rel.bss)

.rela.bss
 *(.rela.bss)

.rel.plt
 *(.rel.plt)

.rela.plt
 *(.rela.plt)

.text           0x00000000     0x6c48
 *(.vectors)
 .vectors       0x00000000       0x54 d:/embedded systems/required/imt_sdk_win_64/imt_sdk_win_64/winavr/bin/../lib/gcc/avr/4.3.3/../../../../avr/lib/avr5/crtm32.o
                0x00000000                __vectors
                0x00000000                __vector_default
 *(.vectors)
 *(.progmem.gcc*)
 *(.progmem*)
                0x00000054                . = ALIGN (0x2)
                0x00000054                __trampolines_start = .
 *(.trampolines)
 .trampolines   0x00000054        0x0 linker stubs
 *(.trampolines*)
                0x00000054                __trampolines_end = .
 *(.jumptables)
 *(.jumptables*)
 *(.lowtext)
 *(.lowtext*)
                0x00000054                __ctors_start = .
 *(.ctors)
                0x00000054                __ctors_end = .
                0x00000054                __dtors_start = .
 *(.dtors)
                0x00000054                __dtors_end = .
 SORT(*)(.ctors)
 SORT(*)(.dtors)
 *(.init0)
 .init0         0x00000054        0x0 d:/embedded systems/required/imt_sdk_win_64/imt_sdk_win_64/winavr/bin/../lib/gcc/avr/4.3.3/../../../../avr/lib/avr5/crtm32.o
                0x00000054                __init
 *(.init0)
 *(.init1)
 *(.init1)
 *(.init2)
 .init2         0x00000054        0xc d:/embedded systems/required/imt_sdk_win_64/imt_sdk_win_64/winavr/bin/../lib/gcc/avr/4.3.3/../../../../avr/lib/avr5/crtm32.o
 *(.init2)
 *(.init3)
 *(.init3)
 *(.init4)
 .init4         0x00000060       0x16 d:/embedded systems/required/imt_sdk_win_64/imt_sdk_win_64/winavr/bin/../lib/gcc/avr/4.3.3/avr5\libgcc.a(_copy_data.o)
                0x00000060                __do_copy_data
 .init4         0x00000076       0x10 d:/embedded systems/required/imt_sdk_win_64/imt_sdk_win_64/winavr/bin/../lib/gcc/avr/4.3.3/avr5\libgcc.a(_clear_bss.o)
                0x00000076                __do_clear_bss
 *(.init4)
 *(.init5)
 *(.init5)
 *(.init6)
 *(.init6)
 *(.init7)
 *(.init7)
 *(.init8)
 *(.init8)
 *(.init9)
 .init9         0x00000086        0x8 d:/embedded systems/required/imt_sdk_win_64/imt_sdk_win_64/winavr/bin/../lib/gcc/avr/4.3.3/../../../../avr/lib/avr5/crtm32.o
 *(.init9)
 *(.text)
 .text          0x0000008e        0x4 d:/embedded systems/required/imt_sdk_win_64/imt_sdk_win_64/winavr/bin/../lib/gcc/avr/4.3.3/../../../../avr/lib/avr5/crtm32.o
                0x0000008e                __vector_12
                0x0000008e                __bad_interrupt
                0x0000008e                __vector_13
                0x0000008e                __vector_19
                0x0000008e                __vector_15
                0x0000008e                __vector_14
                0x0000008e                __vector_16
                0x0000008e                __vector_18
                0x0000008e                __vector_20
 .text          0x00000092        0x0 ./MCAL/TIMER/TIMER.o
 .text          0x00000092        0x0 ./MCAL/SPI/SPI.o
 .text          0x00000092        0x0 ./MCAL/INTERRUPT/EXTERNAL/EXTERNAL.o
 .text          0x00000092        0x0 ./MCAL/INTERRUPT/INTERRUPT.o
 .text          0x00000092        0x0 ./MCAL/EEPROM/EEPROM.o
 .text          0x00000092        0x0 ./MCAL/DIO/DIO.o
 .text          0x00000092        0x0 ./LIB/DELAY/DELAY.o
 .text          0x00000092        0x0 ./HAL/SERVO/SERVO.o
 .text          0x00000092        0x0 ./HAL/NRF24L01/NRF24L01.o
 .text          0x00000092        0x0 ./HAL/LCD/LCD.o
 .text          0x00000092        0x0 ./APP/main.o
 .text          0x00000092        0x0 d:/embedded systems/required/imt_sdk_win_64/imt_sdk_win_64/winavr/bin/../lib/gcc/avr/4.3.3/avr5\libgcc.a(_udivmodqi4.o)
 .text          0x00000092        0x0 d:/embedded systems/required/imt_sdk_win_64/imt_sdk_win_64/winavr/bin/../lib/gcc/avr/4.3.3/avr5\libgcc.a(_udivmodsi4.o)
 .text          0x00000092        0x0 d:/embedded systems/required/imt_sdk_win_64/imt_sdk_win_64/winavr/bin/../lib/gcc/avr/4.3.3/avr5\libgcc.a(_exit.o)
 .text          0x00000092        0x0 d:/embedded systems/required/imt_sdk_win_64/imt_sdk_win_64/winavr/bin/../lib/gcc/avr/4.3.3/avr5\libgcc.a(_copy_data.o)
 .text          0x00000092        0x0 d:/embedded systems/required/imt_sdk_win_64/imt_sdk_win_64/winavr/bin/../lib/gcc/avr/4.3.3/avr5\libgcc.a(_clear_bss.o)
 .text          0x00000092       0x58 d:/embedded systems/required/imt_sdk_win_64/imt_sdk_win_64/winavr/bin/../lib/gcc/avr/4.3.3/avr5\libgcc.a(_fixunssfsi.o)
                0x00000092                __fixunssfsi
 .text          0x000000ea      0x354 d:/embedded systems/required/imt_sdk_win_64/imt_sdk_win_64/winavr/bin/../lib/gcc/avr/4.3.3/avr5\libgcc.a(_addsub_sf.o)
                0x00000382                __subsf3
                0x000003e4                __addsf3
 .text          0x0000043e      0x1f4 d:/embedded systems/required/imt_sdk_win_64/imt_sdk_win_64/winavr/bin/../lib/gcc/avr/4.3.3/avr5\libgcc.a(_mul_sf.o)
                0x0000043e                __mulsf3
 .text          0x00000632      0x158 d:/embedded systems/required/imt_sdk_win_64/imt_sdk_win_64/winavr/bin/../lib/gcc/avr/4.3.3/avr5\libgcc.a(_div_sf.o)
                0x00000632                __divsf3
 .text          0x0000078a       0x60 d:/embedded systems/required/imt_sdk_win_64/imt_sdk_win_64/winavr/bin/../lib/gcc/avr/4.3.3/avr5\libgcc.a(_eq_sf.o)
                0x0000078a                __eqsf2
 .text          0x000007ea       0x60 d:/embedded systems/required/imt_sdk_win_64/imt_sdk_win_64/winavr/bin/../lib/gcc/avr/4.3.3/avr5\libgcc.a(_ne_sf.o)
                0x000007ea                __nesf2
 .text          0x0000084a       0x60 d:/embedded systems/required/imt_sdk_win_64/imt_sdk_win_64/winavr/bin/../lib/gcc/avr/4.3.3/avr5\libgcc.a(_gt_sf.o)
                0x0000084a                __gtsf2
 .text          0x000008aa       0x60 d:/embedded systems/required/imt_sdk_win_64/imt_sdk_win_64/winavr/bin/../lib/gcc/avr/4.3.3/avr5\libgcc.a(_ge_sf.o)
                0x000008aa                __gesf2
 .text          0x0000090a       0x60 d:/embedded systems/required/imt_sdk_win_64/imt_sdk_win_64/winavr/bin/../lib/gcc/avr/4.3.3/avr5\libgcc.a(_lt_sf.o)
                0x0000090a                __ltsf2
 .text          0x0000096a       0x60 d:/embedded systems/required/imt_sdk_win_64/imt_sdk_win_64/winavr/bin/../lib/gcc/avr/4.3.3/avr5\libgcc.a(_le_sf.o)
                0x0000096a                __lesf2
 .text          0x000009ca       0xbc d:/embedded systems/required/imt_sdk_win_64/imt_sdk_win_64/winavr/bin/../lib/gcc/avr/4.3.3/avr5\libgcc.a(_si_to_sf.o)
                0x000009ca                __floatsisf
 .text          0x00000a86       0xa8 d:/embedded systems/required/imt_sdk_win_64/imt_sdk_win_64/winavr/bin/../lib/gcc/avr/4.3.3/avr5\libgcc.a(_sf_to_si.o)
                0x00000a86                __fixsfsi
 .text          0x00000b2e        0x0 d:/embedded systems/required/imt_sdk_win_64/imt_sdk_win_64/winavr/bin/../lib/gcc/avr/4.3.3/avr5\libgcc.a(_thenan_sf.o)
 .text          0x00000b2e       0xf2 d:/embedded systems/required/imt_sdk_win_64/imt_sdk_win_64/winavr/bin/../lib/gcc/avr/4.3.3/avr5\libgcc.a(_usi_to_sf.o)
                0x00000b2e                __floatunsisf
 .text          0x00000c20        0x0 d:/embedded systems/required/imt_sdk_win_64/imt_sdk_win_64/winavr/bin/../lib/gcc/avr/4.3.3/avr5\libgcc.a(_prologue.o)
 .text          0x00000c20        0x0 d:/embedded systems/required/imt_sdk_win_64/imt_sdk_win_64/winavr/bin/../lib/gcc/avr/4.3.3/avr5\libgcc.a(_epilogue.o)
 .text          0x00000c20       0x9e d:/embedded systems/required/imt_sdk_win_64/imt_sdk_win_64/winavr/bin/../lib/gcc/avr/4.3.3/avr5\libgcc.a(_clzsi2.o)
                0x00000c20                __clzsi2
 .text          0x00000cbe      0x1aa d:/embedded systems/required/imt_sdk_win_64/imt_sdk_win_64/winavr/bin/../lib/gcc/avr/4.3.3/avr5\libgcc.a(_pack_sf.o)
                0x00000cbe                __pack_f
 .text          0x00000e68       0xf0 d:/embedded systems/required/imt_sdk_win_64/imt_sdk_win_64/winavr/bin/../lib/gcc/avr/4.3.3/avr5\libgcc.a(_unpack_sf.o)
                0x00000e68                __unpack_f
 .text          0x00000f58       0xb2 d:/embedded systems/required/imt_sdk_win_64/imt_sdk_win_64/winavr/bin/../lib/gcc/avr/4.3.3/avr5\libgcc.a(_fpcmp_parts_sf.o)
                0x00000f58                __fpcmp_parts_f
 .text          0x0000100a        0x0 d:/embedded systems/required/imt_sdk_win_64/imt_sdk_win_64/winavr/bin/../lib/gcc/avr/4.3.3/avr5\libgcc.a(_clz.o)
                0x0000100a                . = ALIGN (0x2)
 *(.text.*)
 .text.TIMER_Timer0_Init
                0x0000100a      0x2ae ./MCAL/TIMER/TIMER.o
                0x0000100a                TIMER_Timer0_Init
 .text.TIMER_Timer0_TCNT0_Set
                0x000012b8       0x1c ./MCAL/TIMER/TIMER.o
                0x000012b8                TIMER_Timer0_TCNT0_Set
 .text.TIMER_Timer0_OCR0_Set
                0x000012d4       0x1c ./MCAL/TIMER/TIMER.o
                0x000012d4                TIMER_Timer0_OCR0_Set
 .text.TIMER_Timer0_OC0_Init
                0x000012f0       0xd8 ./MCAL/TIMER/TIMER.o
                0x000012f0                TIMER_Timer0_OC0_Init
 .text.TIMER_Timer0_OV_EnableInterrupt
                0x000013c8       0x1c ./MCAL/TIMER/TIMER.o
                0x000013c8                TIMER_Timer0_OV_EnableInterrupt
 .text.TIMER_Timer0_OV_DisableInterrupt
                0x000013e4       0x1c ./MCAL/TIMER/TIMER.o
                0x000013e4                TIMER_Timer0_OV_DisableInterrupt
 .text.TIMER_Timer0_OC_EnableInterrupt
                0x00001400       0x1c ./MCAL/TIMER/TIMER.o
                0x00001400                TIMER_Timer0_OC_EnableInterrupt
 .text.TIMER_Timer0_OC_DisableInterrupt
                0x0000141c       0x1c ./MCAL/TIMER/TIMER.o
                0x0000141c                TIMER_Timer0_OC_DisableInterrupt
 .text.TIMER_Timer0_OV_SetCallBack
                0x00001438       0x24 ./MCAL/TIMER/TIMER.o
                0x00001438                TIMER_Timer0_OV_SetCallBack
 .text.TIMER_Timer0_OC_SetCallBack
                0x0000145c       0x24 ./MCAL/TIMER/TIMER.o
                0x0000145c                TIMER_Timer0_OC_SetCallBack
 .text.TIMER_Timer0_OV_Polling_Wait
                0x00001480       0x26 ./MCAL/TIMER/TIMER.o
                0x00001480                TIMER_Timer0_OV_Polling_Wait
 .text.TIMER_Timer0_OC_Polling_Wait
                0x000014a6       0x28 ./MCAL/TIMER/TIMER.o
                0x000014a6                TIMER_Timer0_OC_Polling_Wait
 .text.TIMER_Timer0_Stop
                0x000014ce       0x38 ./MCAL/TIMER/TIMER.o
                0x000014ce                TIMER_Timer0_Stop
 .text.__vector_10
                0x00001506       0x66 ./MCAL/TIMER/TIMER.o
                0x00001506                __vector_10
 .text.__vector_11
                0x0000156c       0x66 ./MCAL/TIMER/TIMER.o
                0x0000156c                __vector_11
 .text.TIMER_Timer1_Init
                0x000015d2      0x628 ./MCAL/TIMER/TIMER.o
                0x000015d2                TIMER_Timer1_Init
 .text.TIMER_Timer1_TCNT1_Set
                0x00001bfa       0x2e ./MCAL/TIMER/TIMER.o
                0x00001bfa                TIMER_Timer1_TCNT1_Set
 .text.TIMER_Timer1_OCR1A_Set
                0x00001c28       0x2e ./MCAL/TIMER/TIMER.o
                0x00001c28                TIMER_Timer1_OCR1A_Set
 .text.TIMER_Timer1_OCR1B_Set
                0x00001c56       0x2e ./MCAL/TIMER/TIMER.o
                0x00001c56                TIMER_Timer1_OCR1B_Set
 .text.TIMER_Timer1_ICR1_Set
                0x00001c84       0x2e ./MCAL/TIMER/TIMER.o
                0x00001c84                TIMER_Timer1_ICR1_Set
 .text.TIMER_Timer1_OC1A_Init
                0x00001cb2       0xd8 ./MCAL/TIMER/TIMER.o
                0x00001cb2                TIMER_Timer1_OC1A_Init
 .text.TIMER_Timer1_OC1B_Init
                0x00001d8a       0xd8 ./MCAL/TIMER/TIMER.o
                0x00001d8a                TIMER_Timer1_OC1B_Init
 .text.TIMER_Timer1_OV_EnableInterrupt
                0x00001e62       0x1c ./MCAL/TIMER/TIMER.o
                0x00001e62                TIMER_Timer1_OV_EnableInterrupt
 .text.TIMER_Timer1_OV_DisableInterrupt
                0x00001e7e       0x1c ./MCAL/TIMER/TIMER.o
                0x00001e7e                TIMER_Timer1_OV_DisableInterrupt
 .text.TIMER_Timer1_OCA_EnableInterrupt
                0x00001e9a       0x1c ./MCAL/TIMER/TIMER.o
                0x00001e9a                TIMER_Timer1_OCA_EnableInterrupt
 .text.TIMER_Timer1_OCA_DisableInterrupt
                0x00001eb6       0x1c ./MCAL/TIMER/TIMER.o
                0x00001eb6                TIMER_Timer1_OCA_DisableInterrupt
 .text.TIMER_Timer1_OCB_EnableInterrupt
                0x00001ed2       0x1c ./MCAL/TIMER/TIMER.o
                0x00001ed2                TIMER_Timer1_OCB_EnableInterrupt
 .text.TIMER_Timer1_OCB_DisableInterrupt
                0x00001eee       0x1c ./MCAL/TIMER/TIMER.o
                0x00001eee                TIMER_Timer1_OCB_DisableInterrupt
 .text.TIMER_Timer1_IC_EnableInterrupt
                0x00001f0a       0x1c ./MCAL/TIMER/TIMER.o
                0x00001f0a                TIMER_Timer1_IC_EnableInterrupt
 .text.TIMER_Timer1_IC_DisableInterrupt
                0x00001f26       0x1c ./MCAL/TIMER/TIMER.o
                0x00001f26                TIMER_Timer1_IC_DisableInterrupt
 .text.TIMER_Timer1_OV_SetCallBack
                0x00001f42       0x24 ./MCAL/TIMER/TIMER.o
                0x00001f42                TIMER_Timer1_OV_SetCallBack
 .text.TIMER_Timer1_OCA_SetCallBack
                0x00001f66       0x24 ./MCAL/TIMER/TIMER.o
                0x00001f66                TIMER_Timer1_OCA_SetCallBack
 .text.TIMER_Timer1_OCB_SetCallBack
                0x00001f8a       0x24 ./MCAL/TIMER/TIMER.o
                0x00001f8a                TIMER_Timer1_OCB_SetCallBack
 .text.TIMER_Timer1_IC_SetCallBack
                0x00001fae       0x24 ./MCAL/TIMER/TIMER.o
                0x00001fae                TIMER_Timer1_IC_SetCallBack
 .text.TIMER_Timer1_OV_Polling_Wait
                0x00001fd2       0x2a ./MCAL/TIMER/TIMER.o
                0x00001fd2                TIMER_Timer1_OV_Polling_Wait
 .text.TIMER_Timer1_OCA_Polling_Wait
                0x00001ffc       0x2a ./MCAL/TIMER/TIMER.o
                0x00001ffc                TIMER_Timer1_OCA_Polling_Wait
 .text.TIMER_Timer1_OCB_Polling_Wait
                0x00002026       0x2c ./MCAL/TIMER/TIMER.o
                0x00002026                TIMER_Timer1_OCB_Polling_Wait
 .text.TIMER_Timer1_IC_Polling_Wait
                0x00002052       0x2c ./MCAL/TIMER/TIMER.o
                0x00002052                TIMER_Timer1_IC_Polling_Wait
 .text.TIMER_Timer1_Stop
                0x0000207e       0x38 ./MCAL/TIMER/TIMER.o
                0x0000207e                TIMER_Timer1_Stop
 .text.__vector_6
                0x000020b6       0x66 ./MCAL/TIMER/TIMER.o
                0x000020b6                __vector_6
 .text.__vector_7
                0x0000211c       0x66 ./MCAL/TIMER/TIMER.o
                0x0000211c                __vector_7
 .text.__vector_8
                0x00002182       0x66 ./MCAL/TIMER/TIMER.o
                0x00002182                __vector_8
 .text.__vector_9
                0x000021e8       0x66 ./MCAL/TIMER/TIMER.o
                0x000021e8                __vector_9
 .text.TIMER_Timer2_Init
                0x0000224e      0x2ae ./MCAL/TIMER/TIMER.o
                0x0000224e                TIMER_Timer2_Init
 .text.TIMER_Timer2_TCNT2_Set
                0x000024fc       0x1c ./MCAL/TIMER/TIMER.o
                0x000024fc                TIMER_Timer2_TCNT2_Set
 .text.TIMER_Timer2_OCR2_Set
                0x00002518       0x1c ./MCAL/TIMER/TIMER.o
                0x00002518                TIMER_Timer2_OCR2_Set
 .text.TIMER_Timer2_OC2_Init
                0x00002534       0xd8 ./MCAL/TIMER/TIMER.o
                0x00002534                TIMER_Timer2_OC2_Init
 .text.TIMER_Timer2_OV_EnableInterrupt
                0x0000260c       0x1c ./MCAL/TIMER/TIMER.o
                0x0000260c                TIMER_Timer2_OV_EnableInterrupt
 .text.TIMER_Timer2_OV_DisableInterrupt
                0x00002628       0x1c ./MCAL/TIMER/TIMER.o
                0x00002628                TIMER_Timer2_OV_DisableInterrupt
 .text.TIMER_Timer2_OC_EnableInterrupt
                0x00002644       0x1c ./MCAL/TIMER/TIMER.o
                0x00002644                TIMER_Timer2_OC_EnableInterrupt
 .text.TIMER_Timer2_OC_DisableInterrupt
                0x00002660       0x1c ./MCAL/TIMER/TIMER.o
                0x00002660                TIMER_Timer2_OC_DisableInterrupt
 .text.TIMER_Timer2_OV_SetCallBack
                0x0000267c       0x24 ./MCAL/TIMER/TIMER.o
                0x0000267c                TIMER_Timer2_OV_SetCallBack
 .text.TIMER_Timer2_OC_SetCallBack
                0x000026a0       0x24 ./MCAL/TIMER/TIMER.o
                0x000026a0                TIMER_Timer2_OC_SetCallBack
 .text.TIMER_Timer2_OV_Polling_Wait
                0x000026c4       0x2e ./MCAL/TIMER/TIMER.o
                0x000026c4                TIMER_Timer2_OV_Polling_Wait
 .text.TIMER_Timer2_OC_Polling_Wait
                0x000026f2       0x1e ./MCAL/TIMER/TIMER.o
                0x000026f2                TIMER_Timer2_OC_Polling_Wait
 .text.TIMER_Timer2_Stop
                0x00002710       0x38 ./MCAL/TIMER/TIMER.o
                0x00002710                TIMER_Timer2_Stop
 .text.__vector_4
                0x00002748       0x66 ./MCAL/TIMER/TIMER.o
                0x00002748                __vector_4
 .text.__vector_5
                0x000027ae       0x66 ./MCAL/TIMER/TIMER.o
                0x000027ae                __vector_5
 .text.TIMER_TIFR_ClearFlag
                0x00002814       0x3a ./MCAL/TIMER/TIMER.o
                0x00002814                TIMER_TIFR_ClearFlag
 .text.SPI_Init
                0x0000284e       0xac ./MCAL/SPI/SPI.o
                0x0000284e                SPI_Init
 .text.SPI_Transmit
                0x000028fa       0x4a ./MCAL/SPI/SPI.o
                0x000028fa                SPI_Transmit
 .text.SPI_Receive
                0x00002944       0x52 ./MCAL/SPI/SPI.o
                0x00002944                SPI_Receive
 .text.SPI_Slave_CE_SelectPin
                0x00002996       0x34 ./MCAL/SPI/SPI.o
                0x00002996                SPI_Slave_CE_SelectPin
 .text.INTERRUPT_EXTERNAL_INT0_EnableInterrupt
                0x000029ca       0x1c ./MCAL/INTERRUPT/EXTERNAL/EXTERNAL.o
                0x000029ca                INTERRUPT_EXTERNAL_INT0_EnableInterrupt
 .text.INTERRUPT_EXTERNAL_INT0_DisableInterrupt
                0x000029e6       0x1c ./MCAL/INTERRUPT/EXTERNAL/EXTERNAL.o
                0x000029e6                INTERRUPT_EXTERNAL_INT0_DisableInterrupt
 .text.INTERRUPT_EXTERNAL_INT1_EnableInterrupt
                0x00002a02       0x1c ./MCAL/INTERRUPT/EXTERNAL/EXTERNAL.o
                0x00002a02                INTERRUPT_EXTERNAL_INT1_EnableInterrupt
 .text.INTERRUPT_EXTERNAL_INT1_DisableInterrupt
                0x00002a1e       0x1c ./MCAL/INTERRUPT/EXTERNAL/EXTERNAL.o
                0x00002a1e                INTERRUPT_EXTERNAL_INT1_DisableInterrupt
 .text.INTERRUPT_EXTERNAL_INT2_EnableInterrupt
                0x00002a3a       0x1c ./MCAL/INTERRUPT/EXTERNAL/EXTERNAL.o
                0x00002a3a                INTERRUPT_EXTERNAL_INT2_EnableInterrupt
 .text.INTERRUPT_EXTERNAL_INT2_DisableInterrupt
                0x00002a56       0x1c ./MCAL/INTERRUPT/EXTERNAL/EXTERNAL.o
                0x00002a56                INTERRUPT_EXTERNAL_INT2_DisableInterrupt
 .text.INTERRUPT_EXTERNAL_INT0_ControlSense
                0x00002a72       0xce ./MCAL/INTERRUPT/EXTERNAL/EXTERNAL.o
                0x00002a72                INTERRUPT_EXTERNAL_INT0_ControlSense
 .text.INTERRUPT_EXTERNAL_INT1_ControlSense
                0x00002b40       0xce ./MCAL/INTERRUPT/EXTERNAL/EXTERNAL.o
                0x00002b40                INTERRUPT_EXTERNAL_INT1_ControlSense
 .text.INTERRUPT_EXTERNAL_INT2_ControlSense
                0x00002c0e       0x56 ./MCAL/INTERRUPT/EXTERNAL/EXTERNAL.o
                0x00002c0e                INTERRUPT_EXTERNAL_INT2_ControlSense
 .text.INTERRUPT_EXTERNAL_INT0_SetCallBack
                0x00002c64       0x24 ./MCAL/INTERRUPT/EXTERNAL/EXTERNAL.o
                0x00002c64                INTERRUPT_EXTERNAL_INT0_SetCallBack
 .text.INTERRUPT_EXTERNAL_INT1_SetCallBack
                0x00002c88       0x24 ./MCAL/INTERRUPT/EXTERNAL/EXTERNAL.o
                0x00002c88                INTERRUPT_EXTERNAL_INT1_SetCallBack
 .text.INTERRUPT_EXTERNAL_INT2_SetCallBack
                0x00002cac       0x24 ./MCAL/INTERRUPT/EXTERNAL/EXTERNAL.o
                0x00002cac                INTERRUPT_EXTERNAL_INT2_SetCallBack
 .text.__vector_1
                0x00002cd0       0x6e ./MCAL/INTERRUPT/EXTERNAL/EXTERNAL.o
                0x00002cd0                __vector_1
 .text.__vector_2
                0x00002d3e       0x66 ./MCAL/INTERRUPT/EXTERNAL/EXTERNAL.o
                0x00002d3e                __vector_2
 .text.__vector_3
                0x00002da4       0x66 ./MCAL/INTERRUPT/EXTERNAL/EXTERNAL.o
                0x00002da4                __vector_3
 .text.INTERRUPT_EnableGlobalInterrupt
                0x00002e0a       0x1c ./MCAL/INTERRUPT/INTERRUPT.o
                0x00002e0a                INTERRUPT_EnableGlobalInterrupt
 .text.INTERRUPT_DisableGlobalInterrupt
                0x00002e26       0x1c ./MCAL/INTERRUPT/INTERRUPT.o
                0x00002e26                INTERRUPT_DisableGlobalInterrupt
 .text.EEPROM_Enable
                0x00002e42       0x1c ./MCAL/EEPROM/EEPROM.o
                0x00002e42                EEPROM_Enable
 .text.EEPROM_Write
                0x00002e5e       0x5c ./MCAL/EEPROM/EEPROM.o
                0x00002e5e                EEPROM_Write
 .text.EEPROM_Read
                0x00002eba       0x46 ./MCAL/EEPROM/EEPROM.o
                0x00002eba                EEPROM_Read
 .text.EEPROM_EEAR_Set
                0x00002f00       0x2e ./MCAL/EEPROM/EEPROM.o
                0x00002f00                EEPROM_EEAR_Set
 .text.EEPROM_WriteArray
                0x00002f2e       0x76 ./MCAL/EEPROM/EEPROM.o
                0x00002f2e                EEPROM_WriteArray
 .text.EEPROM_ReadArray
                0x00002fa4       0x8a ./MCAL/EEPROM/EEPROM.o
                0x00002fa4                EEPROM_ReadArray
 .text.__vector_17
                0x0000302e       0xde ./MCAL/EEPROM/EEPROM.o
                0x0000302e                __vector_17
 .text.DIO_SetPortDirection
                0x0000310c       0x82 ./MCAL/DIO/DIO.o
                0x0000310c                DIO_SetPortDirection
 .text.DIO_SetPortValue
                0x0000318e       0x82 ./MCAL/DIO/DIO.o
                0x0000318e                DIO_SetPortValue
 .text.DIO_TogglePort
                0x00003210       0x96 ./MCAL/DIO/DIO.o
                0x00003210                DIO_TogglePort
 .text.DIO_GetPortValue
                0x000032a6       0x82 ./MCAL/DIO/DIO.o
                0x000032a6                DIO_GetPortValue
 .text.DIO_SetPinDirection
                0x00003328      0x210 ./MCAL/DIO/DIO.o
                0x00003328                DIO_SetPinDirection
 .text.DIO_SetPinValue
                0x00003538      0x2fa ./MCAL/DIO/DIO.o
                0x00003538                DIO_SetPinValue
 .text.DIO_GetPinValue
                0x00003832       0xf2 ./MCAL/DIO/DIO.o
                0x00003832                DIO_GetPinValue
 .text.DIO_EnablePinPullup
                0x00003924       0xfa ./MCAL/DIO/DIO.o
                0x00003924                DIO_EnablePinPullup
 .text.DELAY_Timer0_us
                0x00003a1e      0x1a6 ./LIB/DELAY/DELAY.o
                0x00003a1e                DELAY_Timer0_us
 .text.DELAY_Timer0_ms
                0x00003bc4      0x27e ./LIB/DELAY/DELAY.o
                0x00003bc4                DELAY_Timer0_ms
 .text.DELAY_Timer0_s
                0x00003e42       0x42 ./LIB/DELAY/DELAY.o
                0x00003e42                DELAY_Timer0_s
 .text.DELAY_Timer1_us
                0x00003e84      0x254 ./LIB/DELAY/DELAY.o
                0x00003e84                DELAY_Timer1_us
 .text.DELAY_Timer1_ms
                0x000040d8       0x4e ./LIB/DELAY/DELAY.o
                0x000040d8                DELAY_Timer1_ms
 .text.DELAY_Timer1_s
                0x00004126       0x4e ./LIB/DELAY/DELAY.o
                0x00004126                DELAY_Timer1_s
 .text.DELAY_Timer2_us
                0x00004174      0x206 ./LIB/DELAY/DELAY.o
                0x00004174                DELAY_Timer2_us
 .text.DELAY_Timer2_ms
                0x0000437a      0x2fe ./LIB/DELAY/DELAY.o
                0x0000437a                DELAY_Timer2_ms
 .text.DELAY_Timer2_s
                0x00004678       0x42 ./LIB/DELAY/DELAY.o
                0x00004678                DELAY_Timer2_s
 .text.SERVO_Init
                0x000046ba       0x44 ./HAL/SERVO/SERVO.o
                0x000046ba                SERVO_Init
 .text.SERVO_Center
                0x000046fe      0x206 ./HAL/SERVO/SERVO.o
                0x000046fe                SERVO_Center
 .text.SERVO_90_CCW
                0x00004904      0x206 ./HAL/SERVO/SERVO.o
                0x00004904                SERVO_90_CCW
 .text.SERVO_90_CW
                0x00004b0a      0x206 ./HAL/SERVO/SERVO.o
                0x00004b0a                SERVO_90_CW
 .text.SERVO_High
                0x00004d10       0x18 ./HAL/SERVO/SERVO.o
                0x00004d10                SERVO_High
 .text.SERVO_Low
                0x00004d28       0x18 ./HAL/SERVO/SERVO.o
                0x00004d28                SERVO_Low
 .text.NRF24L01_WriteRegister
                0x00004d40       0x3c ./HAL/NRF24L01/NRF24L01.o
                0x00004d40                NRF24L01_WriteRegister
 .text.NRF24L01_ReadRegister
                0x00004d7c       0x3a ./HAL/NRF24L01/NRF24L01.o
                0x00004d7c                NRF24L01_ReadRegister
 .text.NRF24L01_CE
                0x00004db6       0x3c ./HAL/NRF24L01/NRF24L01.o
                0x00004db6                NRF24L01_CE
 .text.NRF24L01_Init_Transmit
                0x00004df2       0x32 ./HAL/NRF24L01/NRF24L01.o
                0x00004df2                NRF24L01_Init_Transmit
 .text.NRF24L01_Init_Receive
                0x00004e24       0x36 ./HAL/NRF24L01/NRF24L01.o
                0x00004e24                NRF24L01_Init_Receive
 .text.NRF24L01_CE_SelectPin
                0x00004e5a       0x2e ./HAL/NRF24L01/NRF24L01.o
                0x00004e5a                NRF24L01_CE_SelectPin
 .text.NRF24L01_TransmitData
                0x00004e88       0x8c ./HAL/NRF24L01/NRF24L01.o
                0x00004e88                NRF24L01_TransmitData
 .text.NRF24L01_ReceiveData
                0x00004f14       0x6c ./HAL/NRF24L01/NRF24L01.o
                0x00004f14                NRF24L01_ReceiveData
 .text.LCD_Init
                0x00004f80      0x1a4 ./HAL/LCD/LCD.o
                0x00004f80                LCD_Init
 .text.LCD_SendInstruction
                0x00005124      0x382 ./HAL/LCD/LCD.o
                0x00005124                LCD_SendInstruction
 .text.LCD_SendChar
                0x000054a6      0x114 ./HAL/LCD/LCD.o
                0x000054a6                LCD_SendChar
 .text.LCD_SendString
                0x000055ba       0x52 ./HAL/LCD/LCD.o
                0x000055ba                LCD_SendString
 .text.LCD_SendNumber
                0x0000560c      0x298 ./HAL/LCD/LCD.o
                0x0000560c                LCD_SendNumber
 .text.LCD_GoToPosition
                0x000058a4       0x4c ./HAL/LCD/LCD.o
                0x000058a4                LCD_GoToPosition
 .text.LCD_Clear
                0x000058f0       0x14 ./HAL/LCD/LCD.o
                0x000058f0                LCD_Clear
 .text.LCD_ReturnHome
                0x00005904      0x1a8 ./HAL/LCD/LCD.o
                0x00005904                LCD_ReturnHome
 .text.LCD_EntryModeSet
                0x00005aac      0x1c2 ./HAL/LCD/LCD.o
                0x00005aac                LCD_EntryModeSet
 .text.LCD_DisplayControl
                0x00005c6e      0x1da ./HAL/LCD/LCD.o
                0x00005c6e                LCD_DisplayControl
 .text.LCD_CursorOrDisplayShift
                0x00005e48      0x1d8 ./HAL/LCD/LCD.o
                0x00005e48                LCD_CursorOrDisplayShift
 .text.LCD_FunctionSet
                0x00006020      0x1f2 ./HAL/LCD/LCD.o
                0x00006020                LCD_FunctionSet
 .text.LCD_SetCGRAMAddress
                0x00006212      0x1b2 ./HAL/LCD/LCD.o
                0x00006212                LCD_SetCGRAMAddress
 .text.LCD_SetDDRAMAddress
                0x000063c4      0x1b2 ./HAL/LCD/LCD.o
                0x000063c4                LCD_SetDDRAMAddress
 .text.LCD_EnablePulse
                0x00006576      0x114 ./HAL/LCD/LCD.o
                0x00006576                LCD_EnablePulse
 .text.LCD_DisablePulse
                0x0000668a      0x114 ./HAL/LCD/LCD.o
                0x0000668a                LCD_DisablePulse
 .text.time_as_text
                0x0000679e       0xd0 ./APP/main.o
                0x0000679e                time_as_text
 .text.TIME     0x0000686e       0xcc ./APP/main.o
                0x0000686e                TIME
 .text.main     0x0000693a      0x240 ./APP/main.o
                0x0000693a                main
 .text.libgcc   0x00006b7a       0x18 d:/embedded systems/required/imt_sdk_win_64/imt_sdk_win_64/winavr/bin/../lib/gcc/avr/4.3.3/avr5\libgcc.a(_udivmodqi4.o)
                0x00006b7a                __udivmodqi4
 .text.libgcc   0x00006b92       0x44 d:/embedded systems/required/imt_sdk_win_64/imt_sdk_win_64/winavr/bin/../lib/gcc/avr/4.3.3/avr5\libgcc.a(_udivmodsi4.o)
                0x00006b92                __udivmodsi4
 .text.libgcc   0x00006bd6        0x0 d:/embedded systems/required/imt_sdk_win_64/imt_sdk_win_64/winavr/bin/../lib/gcc/avr/4.3.3/avr5\libgcc.a(_exit.o)
 .text.libgcc   0x00006bd6        0x0 d:/embedded systems/required/imt_sdk_win_64/imt_sdk_win_64/winavr/bin/../lib/gcc/avr/4.3.3/avr5\libgcc.a(_copy_data.o)
 .text.libgcc   0x00006bd6        0x0 d:/embedded systems/required/imt_sdk_win_64/imt_sdk_win_64/winavr/bin/../lib/gcc/avr/4.3.3/avr5\libgcc.a(_clear_bss.o)
 .text.libgcc   0x00006bd6       0x38 d:/embedded systems/required/imt_sdk_win_64/imt_sdk_win_64/winavr/bin/../lib/gcc/avr/4.3.3/avr5\libgcc.a(_prologue.o)
                0x00006bd6                __prologue_saves__
 .text.libgcc   0x00006c0e       0x36 d:/embedded systems/required/imt_sdk_win_64/imt_sdk_win_64/winavr/bin/../lib/gcc/avr/4.3.3/avr5\libgcc.a(_epilogue.o)
                0x00006c0e                __epilogue_restores__
                0x00006c44                . = ALIGN (0x2)
 *(.fini9)
 .fini9         0x00006c44        0x0 d:/embedded systems/required/imt_sdk_win_64/imt_sdk_win_64/winavr/bin/../lib/gcc/avr/4.3.3/avr5\libgcc.a(_exit.o)
                0x00006c44                exit
                0x00006c44                _exit
 *(.fini9)
 *(.fini8)
 *(.fini8)
 *(.fini7)
 *(.fini7)
 *(.fini6)
 *(.fini6)
 *(.fini5)
 *(.fini5)
 *(.fini4)
 *(.fini4)
 *(.fini3)
 *(.fini3)
 *(.fini2)
 *(.fini2)
 *(.fini1)
 *(.fini1)
 *(.fini0)
 .fini0         0x00006c44        0x4 d:/embedded systems/required/imt_sdk_win_64/imt_sdk_win_64/winavr/bin/../lib/gcc/avr/4.3.3/avr5\libgcc.a(_exit.o)
 *(.fini0)
                0x00006c48                _etext = .

.data           0x00800060      0x11e load address 0x00006c48
                0x00800060                PROVIDE (__data_start, .)
 *(.data)
 .data          0x00800060        0x0 d:/embedded systems/required/imt_sdk_win_64/imt_sdk_win_64/winavr/bin/../lib/gcc/avr/4.3.3/../../../../avr/lib/avr5/crtm32.o
 .data          0x00800060        0x0 ./MCAL/TIMER/TIMER.o
 .data          0x00800060        0x0 ./MCAL/SPI/SPI.o
 .data          0x00800060        0x0 ./MCAL/INTERRUPT/EXTERNAL/EXTERNAL.o
 .data          0x00800060        0x0 ./MCAL/INTERRUPT/INTERRUPT.o
 .data          0x00800060        0x0 ./MCAL/EEPROM/EEPROM.o
 .data          0x00800060        0x0 ./MCAL/DIO/DIO.o
 .data          0x00800060        0x0 ./LIB/DELAY/DELAY.o
 .data          0x00800060        0x0 ./HAL/SERVO/SERVO.o
 .data          0x00800060        0x5 ./HAL/NRF24L01/NRF24L01.o
 .data          0x00800065        0x0 ./HAL/LCD/LCD.o
 .data          0x00800065       0x11 ./APP/main.o
 .data          0x00800076        0x0 d:/embedded systems/required/imt_sdk_win_64/imt_sdk_win_64/winavr/bin/../lib/gcc/avr/4.3.3/avr5\libgcc.a(_udivmodqi4.o)
 .data          0x00800076        0x0 d:/embedded systems/required/imt_sdk_win_64/imt_sdk_win_64/winavr/bin/../lib/gcc/avr/4.3.3/avr5\libgcc.a(_udivmodsi4.o)
 .data          0x00800076        0x0 d:/embedded systems/required/imt_sdk_win_64/imt_sdk_win_64/winavr/bin/../lib/gcc/avr/4.3.3/avr5\libgcc.a(_exit.o)
 .data          0x00800076        0x0 d:/embedded systems/required/imt_sdk_win_64/imt_sdk_win_64/winavr/bin/../lib/gcc/avr/4.3.3/avr5\libgcc.a(_copy_data.o)
 .data          0x00800076        0x0 d:/embedded systems/required/imt_sdk_win_64/imt_sdk_win_64/winavr/bin/../lib/gcc/avr/4.3.3/avr5\libgcc.a(_clear_bss.o)
 .data          0x00800076        0x0 d:/embedded systems/required/imt_sdk_win_64/imt_sdk_win_64/winavr/bin/../lib/gcc/avr/4.3.3/avr5\libgcc.a(_fixunssfsi.o)
 .data          0x00800076        0x0 d:/embedded systems/required/imt_sdk_win_64/imt_sdk_win_64/winavr/bin/../lib/gcc/avr/4.3.3/avr5\libgcc.a(_addsub_sf.o)
 .data          0x00800076        0x0 d:/embedded systems/required/imt_sdk_win_64/imt_sdk_win_64/winavr/bin/../lib/gcc/avr/4.3.3/avr5\libgcc.a(_mul_sf.o)
 .data          0x00800076        0x0 d:/embedded systems/required/imt_sdk_win_64/imt_sdk_win_64/winavr/bin/../lib/gcc/avr/4.3.3/avr5\libgcc.a(_div_sf.o)
 .data          0x00800076        0x0 d:/embedded systems/required/imt_sdk_win_64/imt_sdk_win_64/winavr/bin/../lib/gcc/avr/4.3.3/avr5\libgcc.a(_eq_sf.o)
 .data          0x00800076        0x0 d:/embedded systems/required/imt_sdk_win_64/imt_sdk_win_64/winavr/bin/../lib/gcc/avr/4.3.3/avr5\libgcc.a(_ne_sf.o)
 .data          0x00800076        0x0 d:/embedded systems/required/imt_sdk_win_64/imt_sdk_win_64/winavr/bin/../lib/gcc/avr/4.3.3/avr5\libgcc.a(_gt_sf.o)
 .data          0x00800076        0x0 d:/embedded systems/required/imt_sdk_win_64/imt_sdk_win_64/winavr/bin/../lib/gcc/avr/4.3.3/avr5\libgcc.a(_ge_sf.o)
 .data          0x00800076        0x0 d:/embedded systems/required/imt_sdk_win_64/imt_sdk_win_64/winavr/bin/../lib/gcc/avr/4.3.3/avr5\libgcc.a(_lt_sf.o)
 .data          0x00800076        0x0 d:/embedded systems/required/imt_sdk_win_64/imt_sdk_win_64/winavr/bin/../lib/gcc/avr/4.3.3/avr5\libgcc.a(_le_sf.o)
 .data          0x00800076        0x0 d:/embedded systems/required/imt_sdk_win_64/imt_sdk_win_64/winavr/bin/../lib/gcc/avr/4.3.3/avr5\libgcc.a(_si_to_sf.o)
 .data          0x00800076        0x0 d:/embedded systems/required/imt_sdk_win_64/imt_sdk_win_64/winavr/bin/../lib/gcc/avr/4.3.3/avr5\libgcc.a(_sf_to_si.o)
 .data          0x00800076        0x8 d:/embedded systems/required/imt_sdk_win_64/imt_sdk_win_64/winavr/bin/../lib/gcc/avr/4.3.3/avr5\libgcc.a(_thenan_sf.o)
                0x00800076                __thenan_sf
 .data          0x0080007e        0x0 d:/embedded systems/required/imt_sdk_win_64/imt_sdk_win_64/winavr/bin/../lib/gcc/avr/4.3.3/avr5\libgcc.a(_usi_to_sf.o)
 .data          0x0080007e        0x0 d:/embedded systems/required/imt_sdk_win_64/imt_sdk_win_64/winavr/bin/../lib/gcc/avr/4.3.3/avr5\libgcc.a(_prologue.o)
 .data          0x0080007e        0x0 d:/embedded systems/required/imt_sdk_win_64/imt_sdk_win_64/winavr/bin/../lib/gcc/avr/4.3.3/avr5\libgcc.a(_epilogue.o)
 .data          0x0080007e        0x0 d:/embedded systems/required/imt_sdk_win_64/imt_sdk_win_64/winavr/bin/../lib/gcc/avr/4.3.3/avr5\libgcc.a(_clzsi2.o)
 .data          0x0080007e        0x0 d:/embedded systems/required/imt_sdk_win_64/imt_sdk_win_64/winavr/bin/../lib/gcc/avr/4.3.3/avr5\libgcc.a(_pack_sf.o)
 .data          0x0080007e        0x0 d:/embedded systems/required/imt_sdk_win_64/imt_sdk_win_64/winavr/bin/../lib/gcc/avr/4.3.3/avr5\libgcc.a(_unpack_sf.o)
 .data          0x0080007e        0x0 d:/embedded systems/required/imt_sdk_win_64/imt_sdk_win_64/winavr/bin/../lib/gcc/avr/4.3.3/avr5\libgcc.a(_fpcmp_parts_sf.o)
 .data          0x0080007e      0x100 d:/embedded systems/required/imt_sdk_win_64/imt_sdk_win_64/winavr/bin/../lib/gcc/avr/4.3.3/avr5\libgcc.a(_clz.o)
                0x0080007e                __clz_tab
 *(.data*)
 *(.rodata)
 *(.rodata*)
 *(.gnu.linkonce.d*)
                0x0080017e                . = ALIGN (0x2)
                0x0080017e                _edata = .
                0x0080017e                PROVIDE (__data_end, .)

.bss            0x0080017e      0x439
                0x0080017e                PROVIDE (__bss_start, .)
 *(.bss)
 .bss           0x0080017e        0x0 d:/embedded systems/required/imt_sdk_win_64/imt_sdk_win_64/winavr/bin/../lib/gcc/avr/4.3.3/../../../../avr/lib/avr5/crtm32.o
 .bss           0x0080017e        0x0 ./MCAL/TIMER/TIMER.o
 .bss           0x0080017e        0x0 ./MCAL/SPI/SPI.o
 .bss           0x0080017e        0x0 ./MCAL/INTERRUPT/EXTERNAL/EXTERNAL.o
 .bss           0x0080017e        0x0 ./MCAL/INTERRUPT/INTERRUPT.o
 .bss           0x0080017e        0x0 ./MCAL/EEPROM/EEPROM.o
 .bss           0x0080017e        0x0 ./MCAL/DIO/DIO.o
 .bss           0x0080017e        0x0 ./LIB/DELAY/DELAY.o
 .bss           0x0080017e        0x0 ./HAL/SERVO/SERVO.o
 .bss           0x0080017e        0x0 ./HAL/NRF24L01/NRF24L01.o
 .bss           0x0080017e        0x0 ./HAL/LCD/LCD.o
 .bss           0x0080017e        0x0 ./APP/main.o
 .bss           0x0080017e        0x0 d:/embedded systems/required/imt_sdk_win_64/imt_sdk_win_64/winavr/bin/../lib/gcc/avr/4.3.3/avr5\libgcc.a(_udivmodqi4.o)
 .bss           0x0080017e        0x0 d:/embedded systems/required/imt_sdk_win_64/imt_sdk_win_64/winavr/bin/../lib/gcc/avr/4.3.3/avr5\libgcc.a(_udivmodsi4.o)
 .bss           0x0080017e        0x0 d:/embedded systems/required/imt_sdk_win_64/imt_sdk_win_64/winavr/bin/../lib/gcc/avr/4.3.3/avr5\libgcc.a(_exit.o)
 .bss           0x0080017e        0x0 d:/embedded systems/required/imt_sdk_win_64/imt_sdk_win_64/winavr/bin/../lib/gcc/avr/4.3.3/avr5\libgcc.a(_copy_data.o)
 .bss           0x0080017e        0x0 d:/embedded systems/required/imt_sdk_win_64/imt_sdk_win_64/winavr/bin/../lib/gcc/avr/4.3.3/avr5\libgcc.a(_clear_bss.o)
 .bss           0x0080017e        0x0 d:/embedded systems/required/imt_sdk_win_64/imt_sdk_win_64/winavr/bin/../lib/gcc/avr/4.3.3/avr5\libgcc.a(_fixunssfsi.o)
 .bss           0x0080017e        0x0 d:/embedded systems/required/imt_sdk_win_64/imt_sdk_win_64/winavr/bin/../lib/gcc/avr/4.3.3/avr5\libgcc.a(_addsub_sf.o)
 .bss           0x0080017e        0x0 d:/embedded systems/required/imt_sdk_win_64/imt_sdk_win_64/winavr/bin/../lib/gcc/avr/4.3.3/avr5\libgcc.a(_mul_sf.o)
 .bss           0x0080017e        0x0 d:/embedded systems/required/imt_sdk_win_64/imt_sdk_win_64/winavr/bin/../lib/gcc/avr/4.3.3/avr5\libgcc.a(_div_sf.o)
 .bss           0x0080017e        0x0 d:/embedded systems/required/imt_sdk_win_64/imt_sdk_win_64/winavr/bin/../lib/gcc/avr/4.3.3/avr5\libgcc.a(_eq_sf.o)
 .bss           0x0080017e        0x0 d:/embedded systems/required/imt_sdk_win_64/imt_sdk_win_64/winavr/bin/../lib/gcc/avr/4.3.3/avr5\libgcc.a(_ne_sf.o)
 .bss           0x0080017e        0x0 d:/embedded systems/required/imt_sdk_win_64/imt_sdk_win_64/winavr/bin/../lib/gcc/avr/4.3.3/avr5\libgcc.a(_gt_sf.o)
 .bss           0x0080017e        0x0 d:/embedded systems/required/imt_sdk_win_64/imt_sdk_win_64/winavr/bin/../lib/gcc/avr/4.3.3/avr5\libgcc.a(_ge_sf.o)
 .bss           0x0080017e        0x0 d:/embedded systems/required/imt_sdk_win_64/imt_sdk_win_64/winavr/bin/../lib/gcc/avr/4.3.3/avr5\libgcc.a(_lt_sf.o)
 .bss           0x0080017e        0x0 d:/embedded systems/required/imt_sdk_win_64/imt_sdk_win_64/winavr/bin/../lib/gcc/avr/4.3.3/avr5\libgcc.a(_le_sf.o)
 .bss           0x0080017e        0x0 d:/embedded systems/required/imt_sdk_win_64/imt_sdk_win_64/winavr/bin/../lib/gcc/avr/4.3.3/avr5\libgcc.a(_si_to_sf.o)
 .bss           0x0080017e        0x0 d:/embedded systems/required/imt_sdk_win_64/imt_sdk_win_64/winavr/bin/../lib/gcc/avr/4.3.3/avr5\libgcc.a(_sf_to_si.o)
 .bss           0x0080017e        0x0 d:/embedded systems/required/imt_sdk_win_64/imt_sdk_win_64/winavr/bin/../lib/gcc/avr/4.3.3/avr5\libgcc.a(_thenan_sf.o)
 .bss           0x0080017e        0x0 d:/embedded systems/required/imt_sdk_win_64/imt_sdk_win_64/winavr/bin/../lib/gcc/avr/4.3.3/avr5\libgcc.a(_usi_to_sf.o)
 .bss           0x0080017e        0x0 d:/embedded systems/required/imt_sdk_win_64/imt_sdk_win_64/winavr/bin/../lib/gcc/avr/4.3.3/avr5\libgcc.a(_prologue.o)
 .bss           0x0080017e        0x0 d:/embedded systems/required/imt_sdk_win_64/imt_sdk_win_64/winavr/bin/../lib/gcc/avr/4.3.3/avr5\libgcc.a(_epilogue.o)
 .bss           0x0080017e        0x0 d:/embedded systems/required/imt_sdk_win_64/imt_sdk_win_64/winavr/bin/../lib/gcc/avr/4.3.3/avr5\libgcc.a(_clzsi2.o)
 .bss           0x0080017e        0x0 d:/embedded systems/required/imt_sdk_win_64/imt_sdk_win_64/winavr/bin/../lib/gcc/avr/4.3.3/avr5\libgcc.a(_pack_sf.o)
 .bss           0x0080017e        0x0 d:/embedded systems/required/imt_sdk_win_64/imt_sdk_win_64/winavr/bin/../lib/gcc/avr/4.3.3/avr5\libgcc.a(_unpack_sf.o)
 .bss           0x0080017e        0x0 d:/embedded systems/required/imt_sdk_win_64/imt_sdk_win_64/winavr/bin/../lib/gcc/avr/4.3.3/avr5\libgcc.a(_fpcmp_parts_sf.o)
 .bss           0x0080017e        0x0 d:/embedded systems/required/imt_sdk_win_64/imt_sdk_win_64/winavr/bin/../lib/gcc/avr/4.3.3/avr5\libgcc.a(_clz.o)
 *(.bss*)
 .bss.Timer0_OVF_function_pointer
                0x0080017e        0x2 ./MCAL/TIMER/TIMER.o
                0x0080017e                Timer0_OVF_function_pointer
 .bss.Timer0_COMP_function_pointer
                0x00800180        0x2 ./MCAL/TIMER/TIMER.o
                0x00800180                Timer0_COMP_function_pointer
 .bss.Timer1_OVF_function_pointer
                0x00800182        0x2 ./MCAL/TIMER/TIMER.o
                0x00800182                Timer1_OVF_function_pointer
 .bss.Timer1_COMPA_function_pointer
                0x00800184        0x2 ./MCAL/TIMER/TIMER.o
                0x00800184                Timer1_COMPA_function_pointer
 .bss.Timer1_COMPB_function_pointer
                0x00800186        0x2 ./MCAL/TIMER/TIMER.o
                0x00800186                Timer1_COMPB_function_pointer
 .bss.Timer1_CAPT_function_pointer
                0x00800188        0x2 ./MCAL/TIMER/TIMER.o
                0x00800188                Timer1_CAPT_function_pointer
 .bss.Timer2_OVF_function_pointer
                0x0080018a        0x2 ./MCAL/TIMER/TIMER.o
                0x0080018a                Timer2_OVF_function_pointer
 .bss.Timer2_COMP_function_pointer
                0x0080018c        0x2 ./MCAL/TIMER/TIMER.o
                0x0080018c                Timer2_COMP_function_pointer
 .bss.INT0_function_pointer
                0x0080018e        0x2 ./MCAL/INTERRUPT/EXTERNAL/EXTERNAL.o
                0x0080018e                INT0_function_pointer
 .bss.INT1_function_pointer
                0x00800190        0x2 ./MCAL/INTERRUPT/EXTERNAL/EXTERNAL.o
                0x00800190                INT1_function_pointer
 .bss.INT2_function_pointer
                0x00800192        0x2 ./MCAL/INTERRUPT/EXTERNAL/EXTERNAL.o
                0x00800192                INT2_function_pointer
 .bss.EEPROM_write_index
                0x00800194        0x2 ./MCAL/EEPROM/EEPROM.o
                0x00800194                EEPROM_write_index
 .bss.EEPROM_write_size
                0x00800196        0x2 ./MCAL/EEPROM/EEPROM.o
                0x00800196                EEPROM_write_size
 .bss.EEPROM_write_busy
                0x00800198        0x1 ./MCAL/EEPROM/EEPROM.o
                0x00800198                EEPROM_write_busy
 .bss.EEPROM_function_pointer
                0x00800199        0x2 ./MCAL/EEPROM/EEPROM.o
                0x00800199                EEPROM_function_pointer
 .bss.delay_remaining_ms
                0x0080019b        0x1 ./LIB/DELAY/DELAY.o
                0x0080019b                delay_remaining_ms
 .bss.motion_state
                0x0080019c        0x1 ./APP/main.o
                0x0080019c                motion_state
 .bss.number_of_violations
                0x0080019d        0x1 ./APP/main.o
                0x0080019d                number_of_violations
 .bss.hour      0x0080019e        0x1 ./APP/main.o
                0x0080019e                hour
 .bss.minute    0x0080019f        0x1 ./APP/main.o
                0x0080019f                minute
 .bss.second    0x008001a0        0x1 ./APP/main.o
                0x008001a0                second
 .bss.seconds_counter
                0x008001a1        0x4 ./APP/main.o
                0x008001a1                seconds_counter
 .bss.write_index
                0x008001a5        0x2 ./APP/main.o
                0x008001a5                write_index
 *(COMMON)
 COMMON         0x008001a7        0x3 ./MCAL/SPI/SPI.o
                0x008001a7                SPI_CE_pin
                0x008001a8                SPI_mode
                0x008001a9                SPI_CE_port
 COMMON         0x008001aa      0x400 ./MCAL/EEPROM/EEPROM.o
                0x008001aa                EEPROM_buffer
 COMMON         0x008005aa        0x1 ./LIB/DELAY/DELAY.o
                0x008005aa                delay_state
 COMMON         0x008005ab        0x2 ./HAL/NRF24L01/NRF24L01.o
                0x008005ab                nRF24L01_CE_port
                0x008005ac                nRF24L01_CE_pin
 COMMON         0x008005ad        0x1 ./HAL/LCD/LCD.o
                0x008005ad                mode_of_operation
 COMMON         0x008005ae        0x9 ./APP/main.o
                0x008005ae                time
                0x008005b7                PROVIDE (__bss_end, .)
                0x00006c48                __data_load_start = LOADADDR (.data)
                0x00006d66                __data_load_end = (__data_load_start + SIZEOF (.data))

.noinit         0x008005b7        0x0
                0x008005b7                PROVIDE (__noinit_start, .)
 *(.noinit*)
                0x008005b7                PROVIDE (__noinit_end, .)
                0x008005b7                _end = .
                0x008005b7                PROVIDE (__heap_start, .)

.eeprom         0x00810000        0x0
 *(.eeprom*)
                0x00810000                __eeprom_end = .

.fuse
 *(.fuse)
 *(.lfuse)
 *(.hfuse)
 *(.efuse)

.lock
 *(.lock*)

.signature
 *(.signature*)

.stab           0x00000000     0x67d4
 *(.stab)
 .stab          0x00000000     0x1920 ./MCAL/TIMER/TIMER.o
 .stab          0x00001920      0x408 ./MCAL/SPI/SPI.o
                                0x414 (size before relaxing)
 .stab          0x00001d28      0x5e8 ./MCAL/INTERRUPT/EXTERNAL/EXTERNAL.o
                                0x5f4 (size before relaxing)
 .stab          0x00002310      0x1b0 ./MCAL/INTERRUPT/INTERRUPT.o
                                0x1bc (size before relaxing)
 .stab          0x000024c0      0x708 ./MCAL/EEPROM/EEPROM.o
                                0x714 (size before relaxing)
 .stab          0x00002bc8      0x63c ./MCAL/DIO/DIO.o
                                0x648 (size before relaxing)
 .stab          0x00003204      0x930 ./LIB/DELAY/DELAY.o
                                0x93c (size before relaxing)
 .stab          0x00003b34      0x8e8 ./HAL/SERVO/SERVO.o
                                0xa80 (size before relaxing)
 .stab          0x0000441c      0x600 ./HAL/NRF24L01/NRF24L01.o
                                0x60c (size before relaxing)
 .stab          0x00004a1c     0x1650 ./HAL/LCD/LCD.o
                               0x17f4 (size before relaxing)
 .stab          0x0000606c      0x768 ./APP/main.o
                                0x774 (size before relaxing)

.stabstr        0x00000000     0x375e
 *(.stabstr)
 .stabstr       0x00000000     0x375e ./MCAL/TIMER/TIMER.o

.stab.excl
 *(.stab.excl)

.stab.exclstr
 *(.stab.exclstr)

.stab.index
 *(.stab.index)

.stab.indexstr
 *(.stab.indexstr)

.comment
 *(.comment)

.debug
 *(.debug)

.line
 *(.line)

.debug_srcinfo
 *(.debug_srcinfo)

.debug_sfnames
 *(.debug_sfnames)

.debug_aranges  0x00000000      0x220
 *(.debug_aranges)
 .debug_aranges
                0x00000000       0x20 d:/embedded systems/required/imt_sdk_win_64/imt_sdk_win_64/winavr/bin/../lib/gcc/avr/4.3.3/avr5\libgcc.a(_fixunssfsi.o)
 .debug_aranges
                0x00000020       0x20 d:/embedded systems/required/imt_sdk_win_64/imt_sdk_win_64/winavr/bin/../lib/gcc/avr/4.3.3/avr5\libgcc.a(_addsub_sf.o)
 .debug_aranges
                0x00000040       0x20 d:/embedded systems/required/imt_sdk_win_64/imt_sdk_win_64/winavr/bin/../lib/gcc/avr/4.3.3/avr5\libgcc.a(_mul_sf.o)
 .debug_aranges
                0x00000060       0x20 d:/embedded systems/required/imt_sdk_win_64/imt_sdk_win_64/winavr/bin/../lib/gcc/avr/4.3.3/avr5\libgcc.a(_div_sf.o)
 .debug_aranges
                0x00000080       0x20 d:/embedded systems/required/imt_sdk_win_64/imt_sdk_win_64/winavr/bin/../lib/gcc/avr/4.3.3/avr5\libgcc.a(_eq_sf.o)
 .debug_aranges
                0x000000a0       0x20 d:/embedded systems/required/imt_sdk_win_64/imt_sdk_win_64/winavr/bin/../lib/gcc/avr/4.3.3/avr5\libgcc.a(_ne_sf.o)
 .debug_aranges
                0x000000c0       0x20 d:/embedded systems/required/imt_sdk_win_64/imt_sdk_win_64/winavr/bin/../lib/gcc/avr/4.3.3/avr5\libgcc.a(_gt_sf.o)
 .debug_aranges
                0x000000e0       0x20 d:/embedded systems/required/imt_sdk_win_64/imt_sdk_win_64/winavr/bin/../lib/gcc/avr/4.3.3/avr5\libgcc.a(_ge_sf.o)
 .debug_aranges
                0x00000100       0x20 d:/embedded systems/required/imt_sdk_win_64/imt_sdk_win_64/winavr/bin/../lib/gcc/avr/4.3.3/avr5\libgcc.a(_lt_sf.o)
 .debug_aranges
                0x00000120       0x20 d:/embedded systems/required/imt_sdk_win_64/imt_sdk_win_64/winavr/bin/../lib/gcc/avr/4.3.3/avr5\libgcc.a(_le_sf.o)
 .debug_aranges
                0x00000140       0x20 d:/embedded systems/required/imt_sdk_win_64/imt_sdk_win_64/winavr/bin/../lib/gcc/avr/4.3.3/avr5\libgcc.a(_si_to_sf.o)
 .debug_aranges
                0x00000160       0x20 d:/embedded systems/required/imt_sdk_win_64/imt_sdk_win_64/winavr/bin/../lib/gcc/avr/4.3.3/avr5\libgcc.a(_sf_to_si.o)
 .debug_aranges
                0x00000180       0x20 d:/embedded systems/required/imt_sdk_win_64/imt_sdk_win_64/winavr/bin/../lib/gcc/avr/4.3.3/avr5\libgcc.a(_usi_to_sf.o)
 .debug_aranges
                0x000001a0       0x20 d:/embedded systems/required/imt_sdk_win_64/imt_sdk_win_64/winavr/bin/../lib/gcc/avr/4.3.3/avr5\libgcc.a(_clzsi2.o)
 .debug_aranges
                0x000001c0       0x20 d:/embedded systems/required/imt_sdk_win_64/imt_sdk_win_64/winavr/bin/../lib/gcc/avr/4.3.3/avr5\libgcc.a(_pack_sf.o)
 .debug_aranges
                0x000001e0       0x20 d:/embedded systems/required/imt_sdk_win_64/imt_sdk_win_64/winavr/bin/../lib/gcc/avr/4.3.3/avr5\libgcc.a(_unpack_sf.o)
 .debug_aranges
                0x00000200       0x20 d:/embedded systems/required/imt_sdk_win_64/imt_sdk_win_64/winavr/bin/../lib/gcc/avr/4.3.3/avr5\libgcc.a(_fpcmp_parts_sf.o)

.debug_pubnames
                0x00000000      0x26e
 *(.debug_pubnames)
 .debug_pubnames
                0x00000000       0x23 d:/embedded systems/required/imt_sdk_win_64/imt_sdk_win_64/winavr/bin/../lib/gcc/avr/4.3.3/avr5\libgcc.a(_fixunssfsi.o)
 .debug_pubnames
                0x00000023       0x2c d:/embedded systems/required/imt_sdk_win_64/imt_sdk_win_64/winavr/bin/../lib/gcc/avr/4.3.3/avr5\libgcc.a(_addsub_sf.o)
 .debug_pubnames
                0x0000004f       0x1f d:/embedded systems/required/imt_sdk_win_64/imt_sdk_win_64/winavr/bin/../lib/gcc/avr/4.3.3/avr5\libgcc.a(_mul_sf.o)
 .debug_pubnames
                0x0000006e       0x1f d:/embedded systems/required/imt_sdk_win_64/imt_sdk_win_64/winavr/bin/../lib/gcc/avr/4.3.3/avr5\libgcc.a(_div_sf.o)
 .debug_pubnames
                0x0000008d       0x1e d:/embedded systems/required/imt_sdk_win_64/imt_sdk_win_64/winavr/bin/../lib/gcc/avr/4.3.3/avr5\libgcc.a(_eq_sf.o)
 .debug_pubnames
                0x000000ab       0x1e d:/embedded systems/required/imt_sdk_win_64/imt_sdk_win_64/winavr/bin/../lib/gcc/avr/4.3.3/avr5\libgcc.a(_ne_sf.o)
 .debug_pubnames
                0x000000c9       0x1e d:/embedded systems/required/imt_sdk_win_64/imt_sdk_win_64/winavr/bin/../lib/gcc/avr/4.3.3/avr5\libgcc.a(_gt_sf.o)
 .debug_pubnames
                0x000000e7       0x1e d:/embedded systems/required/imt_sdk_win_64/imt_sdk_win_64/winavr/bin/../lib/gcc/avr/4.3.3/avr5\libgcc.a(_ge_sf.o)
 .debug_pubnames
                0x00000105       0x1e d:/embedded systems/required/imt_sdk_win_64/imt_sdk_win_64/winavr/bin/../lib/gcc/avr/4.3.3/avr5\libgcc.a(_lt_sf.o)
 .debug_pubnames
                0x00000123       0x1e d:/embedded systems/required/imt_sdk_win_64/imt_sdk_win_64/winavr/bin/../lib/gcc/avr/4.3.3/avr5\libgcc.a(_le_sf.o)
 .debug_pubnames
                0x00000141       0x22 d:/embedded systems/required/imt_sdk_win_64/imt_sdk_win_64/winavr/bin/../lib/gcc/avr/4.3.3/avr5\libgcc.a(_si_to_sf.o)
 .debug_pubnames
                0x00000163       0x20 d:/embedded systems/required/imt_sdk_win_64/imt_sdk_win_64/winavr/bin/../lib/gcc/avr/4.3.3/avr5\libgcc.a(_sf_to_si.o)
 .debug_pubnames
                0x00000183       0x22 d:/embedded systems/required/imt_sdk_win_64/imt_sdk_win_64/winavr/bin/../lib/gcc/avr/4.3.3/avr5\libgcc.a(_thenan_sf.o)
 .debug_pubnames
                0x000001a5       0x24 d:/embedded systems/required/imt_sdk_win_64/imt_sdk_win_64/winavr/bin/../lib/gcc/avr/4.3.3/avr5\libgcc.a(_usi_to_sf.o)
 .debug_pubnames
                0x000001c9       0x1f d:/embedded systems/required/imt_sdk_win_64/imt_sdk_win_64/winavr/bin/../lib/gcc/avr/4.3.3/avr5\libgcc.a(_clzsi2.o)
 .debug_pubnames
                0x000001e8       0x1f d:/embedded systems/required/imt_sdk_win_64/imt_sdk_win_64/winavr/bin/../lib/gcc/avr/4.3.3/avr5\libgcc.a(_pack_sf.o)
 .debug_pubnames
                0x00000207       0x21 d:/embedded systems/required/imt_sdk_win_64/imt_sdk_win_64/winavr/bin/../lib/gcc/avr/4.3.3/avr5\libgcc.a(_unpack_sf.o)
 .debug_pubnames
                0x00000228       0x26 d:/embedded systems/required/imt_sdk_win_64/imt_sdk_win_64/winavr/bin/../lib/gcc/avr/4.3.3/avr5\libgcc.a(_fpcmp_parts_sf.o)
 .debug_pubnames
                0x0000024e       0x20 d:/embedded systems/required/imt_sdk_win_64/imt_sdk_win_64/winavr/bin/../lib/gcc/avr/4.3.3/avr5\libgcc.a(_clz.o)

.debug_info     0x00000000     0x2d8f
 *(.debug_info)
 .debug_info    0x00000000       0xb1 d:/embedded systems/required/imt_sdk_win_64/imt_sdk_win_64/winavr/bin/../lib/gcc/avr/4.3.3/avr5\libgcc.a(_fixunssfsi.o)
 .debug_info    0x000000b1      0x47a d:/embedded systems/required/imt_sdk_win_64/imt_sdk_win_64/winavr/bin/../lib/gcc/avr/4.3.3/avr5\libgcc.a(_addsub_sf.o)
 .debug_info    0x0000052b      0x485 d:/embedded systems/required/imt_sdk_win_64/imt_sdk_win_64/winavr/bin/../lib/gcc/avr/4.3.3/avr5\libgcc.a(_mul_sf.o)
 .debug_info    0x000009b0      0x3fc d:/embedded systems/required/imt_sdk_win_64/imt_sdk_win_64/winavr/bin/../lib/gcc/avr/4.3.3/avr5\libgcc.a(_div_sf.o)
 .debug_info    0x00000dac      0x27f d:/embedded systems/required/imt_sdk_win_64/imt_sdk_win_64/winavr/bin/../lib/gcc/avr/4.3.3/avr5\libgcc.a(_eq_sf.o)
 .debug_info    0x0000102b      0x27f d:/embedded systems/required/imt_sdk_win_64/imt_sdk_win_64/winavr/bin/../lib/gcc/avr/4.3.3/avr5\libgcc.a(_ne_sf.o)
 .debug_info    0x000012aa      0x27f d:/embedded systems/required/imt_sdk_win_64/imt_sdk_win_64/winavr/bin/../lib/gcc/avr/4.3.3/avr5\libgcc.a(_gt_sf.o)
 .debug_info    0x00001529      0x27f d:/embedded systems/required/imt_sdk_win_64/imt_sdk_win_64/winavr/bin/../lib/gcc/avr/4.3.3/avr5\libgcc.a(_ge_sf.o)
 .debug_info    0x000017a8      0x27f d:/embedded systems/required/imt_sdk_win_64/imt_sdk_win_64/winavr/bin/../lib/gcc/avr/4.3.3/avr5\libgcc.a(_lt_sf.o)
 .debug_info    0x00001a27      0x27f d:/embedded systems/required/imt_sdk_win_64/imt_sdk_win_64/winavr/bin/../lib/gcc/avr/4.3.3/avr5\libgcc.a(_le_sf.o)
 .debug_info    0x00001ca6      0x207 d:/embedded systems/required/imt_sdk_win_64/imt_sdk_win_64/winavr/bin/../lib/gcc/avr/4.3.3/avr5\libgcc.a(_si_to_sf.o)
 .debug_info    0x00001ead      0x2b0 d:/embedded systems/required/imt_sdk_win_64/imt_sdk_win_64/winavr/bin/../lib/gcc/avr/4.3.3/avr5\libgcc.a(_sf_to_si.o)
 .debug_info    0x0000215d      0x12c d:/embedded systems/required/imt_sdk_win_64/imt_sdk_win_64/winavr/bin/../lib/gcc/avr/4.3.3/avr5\libgcc.a(_thenan_sf.o)
 .debug_info    0x00002289      0x206 d:/embedded systems/required/imt_sdk_win_64/imt_sdk_win_64/winavr/bin/../lib/gcc/avr/4.3.3/avr5\libgcc.a(_usi_to_sf.o)
 .debug_info    0x0000248f      0x117 d:/embedded systems/required/imt_sdk_win_64/imt_sdk_win_64/winavr/bin/../lib/gcc/avr/4.3.3/avr5\libgcc.a(_clzsi2.o)
 .debug_info    0x000025a6      0x2df d:/embedded systems/required/imt_sdk_win_64/imt_sdk_win_64/winavr/bin/../lib/gcc/avr/4.3.3/avr5\libgcc.a(_pack_sf.o)
 .debug_info    0x00002885      0x251 d:/embedded systems/required/imt_sdk_win_64/imt_sdk_win_64/winavr/bin/../lib/gcc/avr/4.3.3/avr5\libgcc.a(_unpack_sf.o)
 .debug_info    0x00002ad6      0x210 d:/embedded systems/required/imt_sdk_win_64/imt_sdk_win_64/winavr/bin/../lib/gcc/avr/4.3.3/avr5\libgcc.a(_fpcmp_parts_sf.o)
 .debug_info    0x00002ce6       0xa9 d:/embedded systems/required/imt_sdk_win_64/imt_sdk_win_64/winavr/bin/../lib/gcc/avr/4.3.3/avr5\libgcc.a(_clz.o)
 *(.gnu.linkonce.wi.*)

.debug_abbrev   0x00000000     0x18dc
 *(.debug_abbrev)
 .debug_abbrev  0x00000000       0x5d d:/embedded systems/required/imt_sdk_win_64/imt_sdk_win_64/winavr/bin/../lib/gcc/avr/4.3.3/avr5\libgcc.a(_fixunssfsi.o)
 .debug_abbrev  0x0000005d      0x1ea d:/embedded systems/required/imt_sdk_win_64/imt_sdk_win_64/winavr/bin/../lib/gcc/avr/4.3.3/avr5\libgcc.a(_addsub_sf.o)
 .debug_abbrev  0x00000247      0x21b d:/embedded systems/required/imt_sdk_win_64/imt_sdk_win_64/winavr/bin/../lib/gcc/avr/4.3.3/avr5\libgcc.a(_mul_sf.o)
 .debug_abbrev  0x00000462      0x216 d:/embedded systems/required/imt_sdk_win_64/imt_sdk_win_64/winavr/bin/../lib/gcc/avr/4.3.3/avr5\libgcc.a(_div_sf.o)
 .debug_abbrev  0x00000678      0x15a d:/embedded systems/required/imt_sdk_win_64/imt_sdk_win_64/winavr/bin/../lib/gcc/avr/4.3.3/avr5\libgcc.a(_eq_sf.o)
 .debug_abbrev  0x000007d2      0x15a d:/embedded systems/required/imt_sdk_win_64/imt_sdk_win_64/winavr/bin/../lib/gcc/avr/4.3.3/avr5\libgcc.a(_ne_sf.o)
 .debug_abbrev  0x0000092c      0x15a d:/embedded systems/required/imt_sdk_win_64/imt_sdk_win_64/winavr/bin/../lib/gcc/avr/4.3.3/avr5\libgcc.a(_gt_sf.o)
 .debug_abbrev  0x00000a86      0x15a d:/embedded systems/required/imt_sdk_win_64/imt_sdk_win_64/winavr/bin/../lib/gcc/avr/4.3.3/avr5\libgcc.a(_ge_sf.o)
 .debug_abbrev  0x00000be0      0x15a d:/embedded systems/required/imt_sdk_win_64/imt_sdk_win_64/winavr/bin/../lib/gcc/avr/4.3.3/avr5\libgcc.a(_lt_sf.o)
 .debug_abbrev  0x00000d3a      0x15a d:/embedded systems/required/imt_sdk_win_64/imt_sdk_win_64/winavr/bin/../lib/gcc/avr/4.3.3/avr5\libgcc.a(_le_sf.o)
 .debug_abbrev  0x00000e94      0x148 d:/embedded systems/required/imt_sdk_win_64/imt_sdk_win_64/winavr/bin/../lib/gcc/avr/4.3.3/avr5\libgcc.a(_si_to_sf.o)
 .debug_abbrev  0x00000fdc      0x17f d:/embedded systems/required/imt_sdk_win_64/imt_sdk_win_64/winavr/bin/../lib/gcc/avr/4.3.3/avr5\libgcc.a(_sf_to_si.o)
 .debug_abbrev  0x0000115b       0xad d:/embedded systems/required/imt_sdk_win_64/imt_sdk_win_64/winavr/bin/../lib/gcc/avr/4.3.3/avr5\libgcc.a(_thenan_sf.o)
 .debug_abbrev  0x00001208      0x157 d:/embedded systems/required/imt_sdk_win_64/imt_sdk_win_64/winavr/bin/../lib/gcc/avr/4.3.3/avr5\libgcc.a(_usi_to_sf.o)
 .debug_abbrev  0x0000135f       0xc4 d:/embedded systems/required/imt_sdk_win_64/imt_sdk_win_64/winavr/bin/../lib/gcc/avr/4.3.3/avr5\libgcc.a(_clzsi2.o)
 .debug_abbrev  0x00001423      0x1c0 d:/embedded systems/required/imt_sdk_win_64/imt_sdk_win_64/winavr/bin/../lib/gcc/avr/4.3.3/avr5\libgcc.a(_pack_sf.o)
 .debug_abbrev  0x000015e3      0x154 d:/embedded systems/required/imt_sdk_win_64/imt_sdk_win_64/winavr/bin/../lib/gcc/avr/4.3.3/avr5\libgcc.a(_unpack_sf.o)
 .debug_abbrev  0x00001737      0x13b d:/embedded systems/required/imt_sdk_win_64/imt_sdk_win_64/winavr/bin/../lib/gcc/avr/4.3.3/avr5\libgcc.a(_fpcmp_parts_sf.o)
 .debug_abbrev  0x00001872       0x6a d:/embedded systems/required/imt_sdk_win_64/imt_sdk_win_64/winavr/bin/../lib/gcc/avr/4.3.3/avr5\libgcc.a(_clz.o)

.debug_line     0x00000000     0x1584
 *(.debug_line)
 .debug_line    0x00000000       0xa7 d:/embedded systems/required/imt_sdk_win_64/imt_sdk_win_64/winavr/bin/../lib/gcc/avr/4.3.3/avr5\libgcc.a(_fixunssfsi.o)
 .debug_line    0x000000a7      0x2af d:/embedded systems/required/imt_sdk_win_64/imt_sdk_win_64/winavr/bin/../lib/gcc/avr/4.3.3/avr5\libgcc.a(_addsub_sf.o)
 .debug_line    0x00000356      0x239 d:/embedded systems/required/imt_sdk_win_64/imt_sdk_win_64/winavr/bin/../lib/gcc/avr/4.3.3/avr5\libgcc.a(_mul_sf.o)
 .debug_line    0x0000058f      0x1d5 d:/embedded systems/required/imt_sdk_win_64/imt_sdk_win_64/winavr/bin/../lib/gcc/avr/4.3.3/avr5\libgcc.a(_div_sf.o)
 .debug_line    0x00000764       0xd3 d:/embedded systems/required/imt_sdk_win_64/imt_sdk_win_64/winavr/bin/../lib/gcc/avr/4.3.3/avr5\libgcc.a(_eq_sf.o)
 .debug_line    0x00000837       0xd3 d:/embedded systems/required/imt_sdk_win_64/imt_sdk_win_64/winavr/bin/../lib/gcc/avr/4.3.3/avr5\libgcc.a(_ne_sf.o)
 .debug_line    0x0000090a       0xd3 d:/embedded systems/required/imt_sdk_win_64/imt_sdk_win_64/winavr/bin/../lib/gcc/avr/4.3.3/avr5\libgcc.a(_gt_sf.o)
 .debug_line    0x000009dd       0xd3 d:/embedded systems/required/imt_sdk_win_64/imt_sdk_win_64/winavr/bin/../lib/gcc/avr/4.3.3/avr5\libgcc.a(_ge_sf.o)
 .debug_line    0x00000ab0       0xd3 d:/embedded systems/required/imt_sdk_win_64/imt_sdk_win_64/winavr/bin/../lib/gcc/avr/4.3.3/avr5\libgcc.a(_lt_sf.o)
 .debug_line    0x00000b83       0xd3 d:/embedded systems/required/imt_sdk_win_64/imt_sdk_win_64/winavr/bin/../lib/gcc/avr/4.3.3/avr5\libgcc.a(_le_sf.o)
 .debug_line    0x00000c56      0x135 d:/embedded systems/required/imt_sdk_win_64/imt_sdk_win_64/winavr/bin/../lib/gcc/avr/4.3.3/avr5\libgcc.a(_si_to_sf.o)
 .debug_line    0x00000d8b      0x109 d:/embedded systems/required/imt_sdk_win_64/imt_sdk_win_64/winavr/bin/../lib/gcc/avr/4.3.3/avr5\libgcc.a(_sf_to_si.o)
 .debug_line    0x00000e94       0x90 d:/embedded systems/required/imt_sdk_win_64/imt_sdk_win_64/winavr/bin/../lib/gcc/avr/4.3.3/avr5\libgcc.a(_thenan_sf.o)
 .debug_line    0x00000f24      0x133 d:/embedded systems/required/imt_sdk_win_64/imt_sdk_win_64/winavr/bin/../lib/gcc/avr/4.3.3/avr5\libgcc.a(_usi_to_sf.o)
 .debug_line    0x00001057       0xa5 d:/embedded systems/required/imt_sdk_win_64/imt_sdk_win_64/winavr/bin/../lib/gcc/avr/4.3.3/avr5\libgcc.a(_clzsi2.o)
 .debug_line    0x000010fc      0x18a d:/embedded systems/required/imt_sdk_win_64/imt_sdk_win_64/winavr/bin/../lib/gcc/avr/4.3.3/avr5\libgcc.a(_pack_sf.o)
 .debug_line    0x00001286      0x14b d:/embedded systems/required/imt_sdk_win_64/imt_sdk_win_64/winavr/bin/../lib/gcc/avr/4.3.3/avr5\libgcc.a(_unpack_sf.o)
 .debug_line    0x000013d1      0x137 d:/embedded systems/required/imt_sdk_win_64/imt_sdk_win_64/winavr/bin/../lib/gcc/avr/4.3.3/avr5\libgcc.a(_fpcmp_parts_sf.o)
 .debug_line    0x00001508       0x7c d:/embedded systems/required/imt_sdk_win_64/imt_sdk_win_64/winavr/bin/../lib/gcc/avr/4.3.3/avr5\libgcc.a(_clz.o)

.debug_frame    0x00000000      0x240
 *(.debug_frame)
 .debug_frame   0x00000000       0x20 d:/embedded systems/required/imt_sdk_win_64/imt_sdk_win_64/winavr/bin/../lib/gcc/avr/4.3.3/avr5\libgcc.a(_fixunssfsi.o)
 .debug_frame   0x00000020       0x40 d:/embedded systems/required/imt_sdk_win_64/imt_sdk_win_64/winavr/bin/../lib/gcc/avr/4.3.3/avr5\libgcc.a(_addsub_sf.o)
 .debug_frame   0x00000060       0x20 d:/embedded systems/required/imt_sdk_win_64/imt_sdk_win_64/winavr/bin/../lib/gcc/avr/4.3.3/avr5\libgcc.a(_mul_sf.o)
 .debug_frame   0x00000080       0x20 d:/embedded systems/required/imt_sdk_win_64/imt_sdk_win_64/winavr/bin/../lib/gcc/avr/4.3.3/avr5\libgcc.a(_div_sf.o)
 .debug_frame   0x000000a0       0x20 d:/embedded systems/required/imt_sdk_win_64/imt_sdk_win_64/winavr/bin/../lib/gcc/avr/4.3.3/avr5\libgcc.a(_eq_sf.o)
 .debug_frame   0x000000c0       0x20 d:/embedded systems/required/imt_sdk_win_64/imt_sdk_win_64/winavr/bin/../lib/gcc/avr/4.3.3/avr5\libgcc.a(_ne_sf.o)
 .debug_frame   0x000000e0       0x20 d:/embedded systems/required/imt_sdk_win_64/imt_sdk_win_64/winavr/bin/../lib/gcc/avr/4.3.3/avr5\libgcc.a(_gt_sf.o)
 .debug_frame   0x00000100       0x20 d:/embedded systems/required/imt_sdk_win_64/imt_sdk_win_64/winavr/bin/../lib/gcc/avr/4.3.3/avr5\libgcc.a(_ge_sf.o)
 .debug_frame   0x00000120       0x20 d:/embedded systems/required/imt_sdk_win_64/imt_sdk_win_64/winavr/bin/../lib/gcc/avr/4.3.3/avr5\libgcc.a(_lt_sf.o)
 .debug_frame   0x00000140       0x20 d:/embedded systems/required/imt_sdk_win_64/imt_sdk_win_64/winavr/bin/../lib/gcc/avr/4.3.3/avr5\libgcc.a(_le_sf.o)
 .debug_frame   0x00000160       0x20 d:/embedded systems/required/imt_sdk_win_64/imt_sdk_win_64/winavr/bin/../lib/gcc/avr/4.3.3/avr5\libgcc.a(_si_to_sf.o)
 .debug_frame   0x00000180       0x20 d:/embedded systems/required/imt_sdk_win_64/imt_sdk_win_64/winavr/bin/../lib/gcc/avr/4.3.3/avr5\libgcc.a(_sf_to_si.o)
 .debug_frame   0x000001a0       0x20 d:/embedded systems/required/imt_sdk_win_64/imt_sdk_win_64/winavr/bin/../lib/gcc/avr/4.3.3/avr5\libgcc.a(_usi_to_sf.o)
 .debug_frame   0x000001c0       0x20 d:/embedded systems/required/imt_sdk_win_64/imt_sdk_win_64/winavr/bin/../lib/gcc/avr/4.3.3/avr5\libgcc.a(_clzsi2.o)
 .debug_frame   0x000001e0       0x20 d:/embedded systems/required/imt_sdk_win_64/imt_sdk_win_64/winavr/bin/../lib/gcc/avr/4.3.3/avr5\libgcc.a(_pack_sf.o)
 .debug_frame   0x00000200       0x20 d:/embedded systems/required/imt_sdk_win_64/imt_sdk_win_64/winavr/bin/../lib/gcc/avr/4.3.3/avr5\libgcc.a(_unpack_sf.o)
 .debug_frame   0x00000220       0x20 d:/embedded systems/required/imt_sdk_win_64/imt_sdk_win_64/winavr/bin/../lib/gcc/avr/4.3.3/avr5\libgcc.a(_fpcmp_parts_sf.o)

.debug_str      0x00000000      0x31f
 *(.debug_str)
 .debug_str     0x00000000       0xbf d:/embedded systems/required/imt_sdk_win_64/imt_sdk_win_64/winavr/bin/../lib/gcc/avr/4.3.3/avr5\libgcc.a(_fixunssfsi.o)
                                 0xfe (size before relaxing)
 .debug_str     0x000000bf      0x14d d:/embedded systems/required/imt_sdk_win_64/imt_sdk_win_64/winavr/bin/../lib/gcc/avr/4.3.3/avr5\libgcc.a(_addsub_sf.o)
                                0x206 (size before relaxing)
 .debug_str     0x0000020c       0x27 d:/embedded systems/required/imt_sdk_win_64/imt_sdk_win_64/winavr/bin/../lib/gcc/avr/4.3.3/avr5\libgcc.a(_mul_sf.o)
                                0x1bf (size before relaxing)
 .debug_str     0x00000233       0x35 d:/embedded systems/required/imt_sdk_win_64/imt_sdk_win_64/winavr/bin/../lib/gcc/avr/4.3.3/avr5\libgcc.a(_div_sf.o)
                                0x1c8 (size before relaxing)
 .debug_str     0x00000268        0x8 d:/embedded systems/required/imt_sdk_win_64/imt_sdk_win_64/winavr/bin/../lib/gcc/avr/4.3.3/avr5\libgcc.a(_eq_sf.o)
                                0x195 (size before relaxing)
 .debug_str     0x00000270        0x8 d:/embedded systems/required/imt_sdk_win_64/imt_sdk_win_64/winavr/bin/../lib/gcc/avr/4.3.3/avr5\libgcc.a(_ne_sf.o)
                                0x195 (size before relaxing)
 .debug_str     0x00000278        0x8 d:/embedded systems/required/imt_sdk_win_64/imt_sdk_win_64/winavr/bin/../lib/gcc/avr/4.3.3/avr5\libgcc.a(_gt_sf.o)
                                0x195 (size before relaxing)
 .debug_str     0x00000280        0x8 d:/embedded systems/required/imt_sdk_win_64/imt_sdk_win_64/winavr/bin/../lib/gcc/avr/4.3.3/avr5\libgcc.a(_ge_sf.o)
                                0x195 (size before relaxing)
 .debug_str     0x00000288        0x8 d:/embedded systems/required/imt_sdk_win_64/imt_sdk_win_64/winavr/bin/../lib/gcc/avr/4.3.3/avr5\libgcc.a(_lt_sf.o)
                                0x195 (size before relaxing)
 .debug_str     0x00000290        0x8 d:/embedded systems/required/imt_sdk_win_64/imt_sdk_win_64/winavr/bin/../lib/gcc/avr/4.3.3/avr5\libgcc.a(_le_sf.o)
                                0x195 (size before relaxing)
 .debug_str     0x00000298       0x1e d:/embedded systems/required/imt_sdk_win_64/imt_sdk_win_64/winavr/bin/../lib/gcc/avr/4.3.3/avr5\libgcc.a(_si_to_sf.o)
                                0x17b (size before relaxing)
 .debug_str     0x000002b6        0xa d:/embedded systems/required/imt_sdk_win_64/imt_sdk_win_64/winavr/bin/../lib/gcc/avr/4.3.3/avr5\libgcc.a(_sf_to_si.o)
                                0x19e (size before relaxing)
 .debug_str     0x00000000      0x103 d:/embedded systems/required/imt_sdk_win_64/imt_sdk_win_64/winavr/bin/../lib/gcc/avr/4.3.3/avr5\libgcc.a(_thenan_sf.o)
 .debug_str     0x000002c0       0x14 d:/embedded systems/required/imt_sdk_win_64/imt_sdk_win_64/winavr/bin/../lib/gcc/avr/4.3.3/avr5\libgcc.a(_usi_to_sf.o)
                                0x177 (size before relaxing)
 .debug_str     0x000002d4       0x20 d:/embedded systems/required/imt_sdk_win_64/imt_sdk_win_64/winavr/bin/../lib/gcc/avr/4.3.3/avr5\libgcc.a(_clzsi2.o)
                                0x111 (size before relaxing)
 .debug_str     0x000002f4       0x10 d:/embedded systems/required/imt_sdk_win_64/imt_sdk_win_64/winavr/bin/../lib/gcc/avr/4.3.3/avr5\libgcc.a(_pack_sf.o)
                                0x19d (size before relaxing)
 .debug_str     0x00000304        0xb d:/embedded systems/required/imt_sdk_win_64/imt_sdk_win_64/winavr/bin/../lib/gcc/avr/4.3.3/avr5\libgcc.a(_unpack_sf.o)
                                0x17f (size before relaxing)
 .debug_str     0x0000030f       0x10 d:/embedded systems/required/imt_sdk_win_64/imt_sdk_win_64/winavr/bin/../lib/gcc/avr/4.3.3/avr5\libgcc.a(_fpcmp_parts_sf.o)
                                0x163 (size before relaxing)
 .debug_str     0x00000000       0xf4 d:/embedded systems/required/imt_sdk_win_64/imt_sdk_win_64/winavr/bin/../lib/gcc/avr/4.3.3/avr5\libgcc.a(_clz.o)

.debug_loc      0x00000000      0xace
 *(.debug_loc)
 .debug_loc     0x00000000       0x34 d:/embedded systems/required/imt_sdk_win_64/imt_sdk_win_64/winavr/bin/../lib/gcc/avr/4.3.3/avr5\libgcc.a(_fixunssfsi.o)
 .debug_loc     0x00000034      0x32a d:/embedded systems/required/imt_sdk_win_64/imt_sdk_win_64/winavr/bin/../lib/gcc/avr/4.3.3/avr5\libgcc.a(_addsub_sf.o)
 .debug_loc     0x0000035e      0x104 d:/embedded systems/required/imt_sdk_win_64/imt_sdk_win_64/winavr/bin/../lib/gcc/avr/4.3.3/avr5\libgcc.a(_mul_sf.o)
 .debug_loc     0x00000462       0xc0 d:/embedded systems/required/imt_sdk_win_64/imt_sdk_win_64/winavr/bin/../lib/gcc/avr/4.3.3/avr5\libgcc.a(_div_sf.o)
 .debug_loc     0x00000522       0x3c d:/embedded systems/required/imt_sdk_win_64/imt_sdk_win_64/winavr/bin/../lib/gcc/avr/4.3.3/avr5\libgcc.a(_eq_sf.o)
 .debug_loc     0x0000055e       0x3c d:/embedded systems/required/imt_sdk_win_64/imt_sdk_win_64/winavr/bin/../lib/gcc/avr/4.3.3/avr5\libgcc.a(_ne_sf.o)
 .debug_loc     0x0000059a       0x3c d:/embedded systems/required/imt_sdk_win_64/imt_sdk_win_64/winavr/bin/../lib/gcc/avr/4.3.3/avr5\libgcc.a(_gt_sf.o)
 .debug_loc     0x000005d6       0x3c d:/embedded systems/required/imt_sdk_win_64/imt_sdk_win_64/winavr/bin/../lib/gcc/avr/4.3.3/avr5\libgcc.a(_ge_sf.o)
 .debug_loc     0x00000612       0x3c d:/embedded systems/required/imt_sdk_win_64/imt_sdk_win_64/winavr/bin/../lib/gcc/avr/4.3.3/avr5\libgcc.a(_lt_sf.o)
 .debug_loc     0x0000064e       0x3c d:/embedded systems/required/imt_sdk_win_64/imt_sdk_win_64/winavr/bin/../lib/gcc/avr/4.3.3/avr5\libgcc.a(_le_sf.o)
 .debug_loc     0x0000068a       0xac d:/embedded systems/required/imt_sdk_win_64/imt_sdk_win_64/winavr/bin/../lib/gcc/avr/4.3.3/avr5\libgcc.a(_si_to_sf.o)
 .debug_loc     0x00000736       0x7e d:/embedded systems/required/imt_sdk_win_64/imt_sdk_win_64/winavr/bin/../lib/gcc/avr/4.3.3/avr5\libgcc.a(_sf_to_si.o)
 .debug_loc     0x000007b4       0x4c d:/embedded systems/required/imt_sdk_win_64/imt_sdk_win_64/winavr/bin/../lib/gcc/avr/4.3.3/avr5\libgcc.a(_usi_to_sf.o)
 .debug_loc     0x00000800       0x94 d:/embedded systems/required/imt_sdk_win_64/imt_sdk_win_64/winavr/bin/../lib/gcc/avr/4.3.3/avr5\libgcc.a(_clzsi2.o)
 .debug_loc     0x00000894      0x13e d:/embedded systems/required/imt_sdk_win_64/imt_sdk_win_64/winavr/bin/../lib/gcc/avr/4.3.3/avr5\libgcc.a(_pack_sf.o)
 .debug_loc     0x000009d2       0xac d:/embedded systems/required/imt_sdk_win_64/imt_sdk_win_64/winavr/bin/../lib/gcc/avr/4.3.3/avr5\libgcc.a(_unpack_sf.o)
 .debug_loc     0x00000a7e       0x50 d:/embedded systems/required/imt_sdk_win_64/imt_sdk_win_64/winavr/bin/../lib/gcc/avr/4.3.3/avr5\libgcc.a(_fpcmp_parts_sf.o)

.debug_macinfo
 *(.debug_macinfo)
OUTPUT(Challenge1.elf elf32-avr)
LOAD linker stubs

.debug_ranges   0x00000000       0x50
 .debug_ranges  0x00000000       0x50 d:/embedded systems/required/imt_sdk_win_64/imt_sdk_win_64/winavr/bin/../lib/gcc/avr/4.3.3/avr5\libgcc.a(_mul_sf.o)
