Archive member included because of file (symbol)

d:/embedded systems/required/imt_sdk_win_64/imt_sdk_win_64/winavr/bin/../lib/gcc/avr/4.3.3/avr5\libgcc.a(_udivmodqi4.o)
                              ./APP/main.o (__udivmodqi4)
d:/embedded systems/required/imt_sdk_win_64/imt_sdk_win_64/winavr/bin/../lib/gcc/avr/4.3.3/avr5\libgcc.a(_udivmodsi4.o)
                              ./LIB/DELAY/DELAY.o (__udivmodsi4)
d:/embedded systems/required/imt_sdk_win_64/imt_sdk_win_64/winavr/bin/../lib/gcc/avr/4.3.3/avr5\libgcc.a(_exit.o)
                              d:/embedded systems/required/imt_sdk_win_64/imt_sdk_win_64/winavr/bin/../lib/gcc/avr/4.3.3/../../../../avr/lib/avr5/crtm32.o (exit)
d:/embedded systems/required/imt_sdk_win_64/imt_sdk_win_64/winavr/bin/../lib/gcc/avr/4.3.3/avr5\libgcc.a(_copy_data.o)
                              ./HAL/NRF24L01/NRF24L01.o (__do_copy_data)
d:/embedded systems/required/imt_sdk_win_64/imt_sdk_win_64/winavr/bin/../lib/gcc/avr/4.3.3/avr5\libgcc.a(_clear_bss.o)
                              ./MCAL/TIMER/TIMER.o (__do_clear_bss)
d:/embedded systems/required/imt_sdk_win_64/imt_sdk_win_64/winavr/bin/../lib/gcc/avr/4.3.3/avr5\libgcc.a(_fixunssfsi.o)
                              ./LIB/DELAY/DELAY.o (__fixunssfsi)
d:/embedded systems/required/imt_sdk_win_64/imt_sdk_win_64/winavr/bin/../lib/gcc/avr/4.3.3/avr5\libgcc.a(_addsub_sf.o)
                              ./LIB/DELAY/DELAY.o (__subsf3)
d:/embedded systems/required/imt_sdk_win_64/imt_sdk_win_64/winavr/bin/../lib/gcc/avr/4.3.3/avr5\libgcc.a(_mul_sf.o)
                              ./LIB/DELAY/DELAY.o (__mulsf3)
d:/embedded systems/required/imt_sdk_win_64/imt_sdk_win_64/winavr/bin/../lib/gcc/avr/4.3.3/avr5\libgcc.a(_eq_sf.o)
                              ./LIB/DELAY/DELAY.o (__eqsf2)
d:/embedded systems/required/imt_sdk_win_64/imt_sdk_win_64/winavr/bin/../lib/gcc/avr/4.3.3/avr5\libgcc.a(_ne_sf.o)
                              ./HAL/LCD/LCD.o (__nesf2)
d:/embedded systems/required/imt_sdk_win_64/imt_sdk_win_64/winavr/bin/../lib/gcc/avr/4.3.3/avr5\libgcc.a(_gt_sf.o)
                              ./LIB/DELAY/DELAY.o (__gtsf2)
d:/embedded systems/required/imt_sdk_win_64/imt_sdk_win_64/winavr/bin/../lib/gcc/avr/4.3.3/avr5\libgcc.a(_ge_sf.o)
                              d:/embedded systems/required/imt_sdk_win_64/imt_sdk_win_64/winavr/bin/../lib/gcc/avr/4.3.3/avr5\libgcc.a(_fixunssfsi.o) (__gesf2)
d:/embedded systems/required/imt_sdk_win_64/imt_sdk_win_64/winavr/bin/../lib/gcc/avr/4.3.3/avr5\libgcc.a(_le_sf.o)
                              ./LIB/DELAY/DELAY.o (__lesf2)
d:/embedded systems/required/imt_sdk_win_64/imt_sdk_win_64/winavr/bin/../lib/gcc/avr/4.3.3/avr5\libgcc.a(_si_to_sf.o)
                              ./LIB/DELAY/DELAY.o (__floatsisf)
d:/embedded systems/required/imt_sdk_win_64/imt_sdk_win_64/winavr/bin/../lib/gcc/avr/4.3.3/avr5\libgcc.a(_sf_to_si.o)
                              ./LIB/DELAY/DELAY.o (__fixsfsi)
d:/embedded systems/required/imt_sdk_win_64/imt_sdk_win_64/winavr/bin/../lib/gcc/avr/4.3.3/avr5\libgcc.a(_thenan_sf.o)
                              d:/embedded systems/required/imt_sdk_win_64/imt_sdk_win_64/winavr/bin/../lib/gcc/avr/4.3.3/avr5\libgcc.a(_addsub_sf.o) (__thenan_sf)
d:/embedded systems/required/imt_sdk_win_64/imt_sdk_win_64/winavr/bin/../lib/gcc/avr/4.3.3/avr5\libgcc.a(_usi_to_sf.o)
                              ./LIB/DELAY/DELAY.o (__floatunsisf)
d:/embedded systems/required/imt_sdk_win_64/imt_sdk_win_64/winavr/bin/../lib/gcc/avr/4.3.3/avr5\libgcc.a(_prologue.o)
                              d:/embedded systems/required/imt_sdk_win_64/imt_sdk_win_64/winavr/bin/../lib/gcc/avr/4.3.3/avr5\libgcc.a(_addsub_sf.o) (__prologue_saves__)
d:/embedded systems/required/imt_sdk_win_64/imt_sdk_win_64/winavr/bin/../lib/gcc/avr/4.3.3/avr5\libgcc.a(_epilogue.o)
                              d:/embedded systems/required/imt_sdk_win_64/imt_sdk_win_64/winavr/bin/../lib/gcc/avr/4.3.3/avr5\libgcc.a(_addsub_sf.o) (__epilogue_restores__)
d:/embedded systems/required/imt_sdk_win_64/imt_sdk_win_64/winavr/bin/../lib/gcc/avr/4.3.3/avr5\libgcc.a(_clzsi2.o)
                              d:/embedded systems/required/imt_sdk_win_64/imt_sdk_win_64/winavr/bin/../lib/gcc/avr/4.3.3/avr5\libgcc.a(_si_to_sf.o) (__clzsi2)
d:/embedded systems/required/imt_sdk_win_64/imt_sdk_win_64/winavr/bin/../lib/gcc/avr/4.3.3/avr5\libgcc.a(_pack_sf.o)
                              d:/embedded systems/required/imt_sdk_win_64/imt_sdk_win_64/winavr/bin/../lib/gcc/avr/4.3.3/avr5\libgcc.a(_addsub_sf.o) (__pack_f)
d:/embedded systems/required/imt_sdk_win_64/imt_sdk_win_64/winavr/bin/../lib/gcc/avr/4.3.3/avr5\libgcc.a(_unpack_sf.o)
                              d:/embedded systems/required/imt_sdk_win_64/imt_sdk_win_64/winavr/bin/../lib/gcc/avr/4.3.3/avr5\libgcc.a(_addsub_sf.o) (__unpack_f)
d:/embedded systems/required/imt_sdk_win_64/imt_sdk_win_64/winavr/bin/../lib/gcc/avr/4.3.3/avr5\libgcc.a(_fpcmp_parts_sf.o)
                              d:/embedded systems/required/imt_sdk_win_64/imt_sdk_win_64/winavr/bin/../lib/gcc/avr/4.3.3/avr5\libgcc.a(_eq_sf.o) (__fpcmp_parts_f)
d:/embedded systems/required/imt_sdk_win_64/imt_sdk_win_64/winavr/bin/../lib/gcc/avr/4.3.3/avr5\libgcc.a(_clz.o)
                              d:/embedded systems/required/imt_sdk_win_64/imt_sdk_win_64/winavr/bin/../lib/gcc/avr/4.3.3/avr5\libgcc.a(_clzsi2.o) (__clz_tab)

Allocating common symbols
Common symbol       size              file

nRF24L01_CE_port    0x1               ./HAL/NRF24L01/NRF24L01.o
EEPROM_buffer       0x400             ./MCAL/EEPROM/EEPROM.o
nRF24L01_CE_pin     0x1               ./HAL/NRF24L01/NRF24L01.o
SPI_CE_pin          0x1               ./MCAL/SPI/SPI.o
mode_of_operation   0x1               ./HAL/LCD/LCD.o
SPI_mode            0x1               ./MCAL/SPI/SPI.o
time                0x9               ./APP/main.o
delay_state         0x1               ./LIB/DELAY/DELAY.o
SPI_CE_port         0x1               ./MCAL/SPI/SPI.o

Memory Configuration

Name             Origin             Length             Attributes
text             0x00000000         0x00020000         xr
data             0x00800060         0x0000ffa0         rw !x
eeprom           0x00810000         0x00010000         rw !x
fuse             0x00820000         0x00000400         rw !x
lock             0x00830000         0x00000400         rw !x
signature        0x00840000         0x00000400         rw !x
*default*        0x00000000         0xffffffff

Linker script and memory map

LOAD d:/embedded systems/required/imt_sdk_win_64/imt_sdk_win_64/winavr/bin/../lib/gcc/avr/4.3.3/../../../../avr/lib/avr5/crtm32.o
LOAD ./MCAL/TIMER/TIMER.o
LOAD ./MCAL/SPI/SPI.o
LOAD ./MCAL/INTERRUPT/EXTERNAL/EXTERNAL.o
LOAD ./MCAL/INTERRUPT/INTERRUPT.o
LOAD ./MCAL/EEPROM/EEPROM.o
LOAD ./MCAL/DIO/DIO.o
LOAD ./LIB/DELAY/DELAY.o
LOAD ./HAL/SERVO/SERVO.o
LOAD ./HAL/NRF24L01/NRF24L01.o
LOAD ./HAL/LCD/LCD.o
LOAD ./APP/main.o
LOAD d:/embedded systems/required/imt_sdk_win_64/imt_sdk_win_64/winavr/bin/../lib/gcc/avr/4.3.3/avr5\libgcc.a
LOAD d:/embedded systems/required/imt_sdk_win_64/imt_sdk_win_64/winavr/bin/../lib/gcc/avr/4.3.3/../../../../avr/lib/avr5\libc.a
LOAD d:/embedded systems/required/imt_sdk_win_64/imt_sdk_win_64/winavr/bin/../lib/gcc/avr/4.3.3/avr5\libgcc.a

.hash
 *(.hash)

.dynsym
 *(.dynsym)

.dynstr
 *(.dynstr)

.gnu.version
 *(.gnu.version)

.gnu.version_d
 *(.gnu.version_d)

.gnu.version_r
 *(.gnu.version_r)

.rel.init
 *(.rel.init)

.rela.init
 *(.rela.init)

.rel.text
 *(.rel.text)
 *(.rel.text.*)
 *(.rel.gnu.linkonce.t*)

.rela.text
 *(.rela.text)
 *(.rela.text.*)
 *(.rela.gnu.linkonce.t*)

.rel.fini
 *(.rel.fini)

.rela.fini
 *(.rela.fini)

.rel.rodata
 *(.rel.rodata)
 *(.rel.rodata.*)
 *(.rel.gnu.linkonce.r*)

.rela.rodata
 *(.rela.rodata)
 *(.rela.rodata.*)
 *(.rela.gnu.linkonce.r*)

.rel.data
 *(.rel.data)
 *(.rel.data.*)
 *(.rel.gnu.linkonce.d*)

.rela.data
 *(.rela.data)
 *(.rela.data.*)
 *(.rela.gnu.linkonce.d*)

.rel.ctors
 *(.rel.ctors)

.rela.ctors
 *(.rela.ctors)

.rel.dtors
 *(.rel.dtors)

.rela.dtors
 *(.rela.dtors)

.rel.got
 *(.rel.got)

.rela.got
 *(.rela.got)

.rel.bss
 *(.rel.bss)

.rela.bss
 *(.rela.bss)

.rel.plt
 *(.rel.plt)

.rela.plt
 *(.rela.plt)

.text           0x00000000     0x30d6
 *(.vectors)
 .vectors       0x00000000       0x54 d:/embedded systems/required/imt_sdk_win_64/imt_sdk_win_64/winavr/bin/../lib/gcc/avr/4.3.3/../../../../avr/lib/avr5/crtm32.o
                0x00000000                __vectors
                0x00000000                __vector_default
 *(.vectors)
 *(.progmem.gcc*)
 *(.progmem*)
                0x00000054                . = ALIGN (0x2)
                0x00000054                __trampolines_start = .
 *(.trampolines)
 .trampolines   0x00000054        0x0 linker stubs
 *(.trampolines*)
                0x00000054                __trampolines_end = .
 *(.jumptables)
 *(.jumptables*)
 *(.lowtext)
 *(.lowtext*)
                0x00000054                __ctors_start = .
 *(.ctors)
                0x00000054                __ctors_end = .
                0x00000054                __dtors_start = .
 *(.dtors)
                0x00000054                __dtors_end = .
 SORT(*)(.ctors)
 SORT(*)(.dtors)
 *(.init0)
 .init0         0x00000054        0x0 d:/embedded systems/required/imt_sdk_win_64/imt_sdk_win_64/winavr/bin/../lib/gcc/avr/4.3.3/../../../../avr/lib/avr5/crtm32.o
                0x00000054                __init
 *(.init0)
 *(.init1)
 *(.init1)
 *(.init2)
 .init2         0x00000054        0xc d:/embedded systems/required/imt_sdk_win_64/imt_sdk_win_64/winavr/bin/../lib/gcc/avr/4.3.3/../../../../avr/lib/avr5/crtm32.o
 *(.init2)
 *(.init3)
 *(.init3)
 *(.init4)
 .init4         0x00000060       0x16 d:/embedded systems/required/imt_sdk_win_64/imt_sdk_win_64/winavr/bin/../lib/gcc/avr/4.3.3/avr5\libgcc.a(_copy_data.o)
                0x00000060                __do_copy_data
 .init4         0x00000076       0x10 d:/embedded systems/required/imt_sdk_win_64/imt_sdk_win_64/winavr/bin/../lib/gcc/avr/4.3.3/avr5\libgcc.a(_clear_bss.o)
                0x00000076                __do_clear_bss
 *(.init4)
 *(.init5)
 *(.init5)
 *(.init6)
 *(.init6)
 *(.init7)
 *(.init7)
 *(.init8)
 *(.init8)
 *(.init9)
 .init9         0x00000086        0x8 d:/embedded systems/required/imt_sdk_win_64/imt_sdk_win_64/winavr/bin/../lib/gcc/avr/4.3.3/../../../../avr/lib/avr5/crtm32.o
 *(.init9)
 *(.text)
 .text          0x0000008e        0x4 d:/embedded systems/required/imt_sdk_win_64/imt_sdk_win_64/winavr/bin/../lib/gcc/avr/4.3.3/../../../../avr/lib/avr5/crtm32.o
                0x0000008e                __vector_12
                0x0000008e                __bad_interrupt
                0x0000008e                __vector_13
                0x0000008e                __vector_19
                0x0000008e                __vector_15
                0x0000008e                __vector_14
                0x0000008e                __vector_16
                0x0000008e                __vector_18
                0x0000008e                __vector_20
 .text          0x00000092        0x0 ./MCAL/TIMER/TIMER.o
 .text          0x00000092        0x0 ./MCAL/SPI/SPI.o
 .text          0x00000092        0x0 ./MCAL/INTERRUPT/EXTERNAL/EXTERNAL.o
 .text          0x00000092        0x0 ./MCAL/INTERRUPT/INTERRUPT.o
 .text          0x00000092        0x0 ./MCAL/EEPROM/EEPROM.o
 .text          0x00000092        0x0 ./MCAL/DIO/DIO.o
 .text          0x00000092        0x0 ./LIB/DELAY/DELAY.o
 .text          0x00000092        0x0 ./HAL/SERVO/SERVO.o
 .text          0x00000092        0x0 ./HAL/NRF24L01/NRF24L01.o
 .text          0x00000092        0x0 ./HAL/LCD/LCD.o
 .text          0x00000092        0x0 ./APP/main.o
 .text          0x00000092        0x0 d:/embedded systems/required/imt_sdk_win_64/imt_sdk_win_64/winavr/bin/../lib/gcc/avr/4.3.3/avr5\libgcc.a(_udivmodqi4.o)
 .text          0x00000092        0x0 d:/embedded systems/required/imt_sdk_win_64/imt_sdk_win_64/winavr/bin/../lib/gcc/avr/4.3.3/avr5\libgcc.a(_udivmodsi4.o)
 .text          0x00000092        0x0 d:/embedded systems/required/imt_sdk_win_64/imt_sdk_win_64/winavr/bin/../lib/gcc/avr/4.3.3/avr5\libgcc.a(_exit.o)
 .text          0x00000092        0x0 d:/embedded systems/required/imt_sdk_win_64/imt_sdk_win_64/winavr/bin/../lib/gcc/avr/4.3.3/avr5\libgcc.a(_copy_data.o)
 .text          0x00000092        0x0 d:/embedded systems/required/imt_sdk_win_64/imt_sdk_win_64/winavr/bin/../lib/gcc/avr/4.3.3/avr5\libgcc.a(_clear_bss.o)
 .text          0x00000092       0x58 d:/embedded systems/required/imt_sdk_win_64/imt_sdk_win_64/winavr/bin/../lib/gcc/avr/4.3.3/avr5\libgcc.a(_fixunssfsi.o)
                0x00000092                __fixunssfsi
 .text          0x000000ea      0x354 d:/embedded systems/required/imt_sdk_win_64/imt_sdk_win_64/winavr/bin/../lib/gcc/avr/4.3.3/avr5\libgcc.a(_addsub_sf.o)
                0x00000382                __subsf3
                0x000003e4                __addsf3
 .text          0x0000043e      0x1f4 d:/embedded systems/required/imt_sdk_win_64/imt_sdk_win_64/winavr/bin/../lib/gcc/avr/4.3.3/avr5\libgcc.a(_mul_sf.o)
                0x0000043e                __mulsf3
 .text          0x00000632       0x60 d:/embedded systems/required/imt_sdk_win_64/imt_sdk_win_64/winavr/bin/../lib/gcc/avr/4.3.3/avr5\libgcc.a(_eq_sf.o)
                0x00000632                __eqsf2
 .text          0x00000692       0x60 d:/embedded systems/required/imt_sdk_win_64/imt_sdk_win_64/winavr/bin/../lib/gcc/avr/4.3.3/avr5\libgcc.a(_ne_sf.o)
                0x00000692                __nesf2
 .text          0x000006f2       0x60 d:/embedded systems/required/imt_sdk_win_64/imt_sdk_win_64/winavr/bin/../lib/gcc/avr/4.3.3/avr5\libgcc.a(_gt_sf.o)
                0x000006f2                __gtsf2
 .text          0x00000752       0x60 d:/embedded systems/required/imt_sdk_win_64/imt_sdk_win_64/winavr/bin/../lib/gcc/avr/4.3.3/avr5\libgcc.a(_ge_sf.o)
                0x00000752                __gesf2
 .text          0x000007b2       0x60 d:/embedded systems/required/imt_sdk_win_64/imt_sdk_win_64/winavr/bin/../lib/gcc/avr/4.3.3/avr5\libgcc.a(_le_sf.o)
                0x000007b2                __lesf2
 .text          0x00000812       0xbc d:/embedded systems/required/imt_sdk_win_64/imt_sdk_win_64/winavr/bin/../lib/gcc/avr/4.3.3/avr5\libgcc.a(_si_to_sf.o)
                0x00000812                __floatsisf
 .text          0x000008ce       0xa8 d:/embedded systems/required/imt_sdk_win_64/imt_sdk_win_64/winavr/bin/../lib/gcc/avr/4.3.3/avr5\libgcc.a(_sf_to_si.o)
                0x000008ce                __fixsfsi
 .text          0x00000976        0x0 d:/embedded systems/required/imt_sdk_win_64/imt_sdk_win_64/winavr/bin/../lib/gcc/avr/4.3.3/avr5\libgcc.a(_thenan_sf.o)
 .text          0x00000976       0xf2 d:/embedded systems/required/imt_sdk_win_64/imt_sdk_win_64/winavr/bin/../lib/gcc/avr/4.3.3/avr5\libgcc.a(_usi_to_sf.o)
                0x00000976                __floatunsisf
 .text          0x00000a68        0x0 d:/embedded systems/required/imt_sdk_win_64/imt_sdk_win_64/winavr/bin/../lib/gcc/avr/4.3.3/avr5\libgcc.a(_prologue.o)
 .text          0x00000a68        0x0 d:/embedded systems/required/imt_sdk_win_64/imt_sdk_win_64/winavr/bin/../lib/gcc/avr/4.3.3/avr5\libgcc.a(_epilogue.o)
 .text          0x00000a68       0x9e d:/embedded systems/required/imt_sdk_win_64/imt_sdk_win_64/winavr/bin/../lib/gcc/avr/4.3.3/avr5\libgcc.a(_clzsi2.o)
                0x00000a68                __clzsi2
 .text          0x00000b06      0x1aa d:/embedded systems/required/imt_sdk_win_64/imt_sdk_win_64/winavr/bin/../lib/gcc/avr/4.3.3/avr5\libgcc.a(_pack_sf.o)
                0x00000b06                __pack_f
 .text          0x00000cb0       0xf0 d:/embedded systems/required/imt_sdk_win_64/imt_sdk_win_64/winavr/bin/../lib/gcc/avr/4.3.3/avr5\libgcc.a(_unpack_sf.o)
                0x00000cb0                __unpack_f
 .text          0x00000da0       0xb2 d:/embedded systems/required/imt_sdk_win_64/imt_sdk_win_64/winavr/bin/../lib/gcc/avr/4.3.3/avr5\libgcc.a(_fpcmp_parts_sf.o)
                0x00000da0                __fpcmp_parts_f
 .text          0x00000e52        0x0 d:/embedded systems/required/imt_sdk_win_64/imt_sdk_win_64/winavr/bin/../lib/gcc/avr/4.3.3/avr5\libgcc.a(_clz.o)
                0x00000e52                . = ALIGN (0x2)
 *(.text.*)
 .text.TIMER_Timer0_Init
                0x00000e52       0xb2 ./MCAL/TIMER/TIMER.o
                0x00000e52                TIMER_Timer0_Init
 .text.TIMER_Timer0_TCNT0_Set
                0x00000f04        0x4 ./MCAL/TIMER/TIMER.o
                0x00000f04                TIMER_Timer0_TCNT0_Set
 .text.TIMER_Timer0_OCR0_Set
                0x00000f08        0x4 ./MCAL/TIMER/TIMER.o
                0x00000f08                TIMER_Timer0_OCR0_Set
 .text.TIMER_Timer0_OV_EnableInterrupt
                0x00000f0c        0x8 ./MCAL/TIMER/TIMER.o
                0x00000f0c                TIMER_Timer0_OV_EnableInterrupt
 .text.TIMER_Timer0_OV_DisableInterrupt
                0x00000f14        0x8 ./MCAL/TIMER/TIMER.o
                0x00000f14                TIMER_Timer0_OV_DisableInterrupt
 .text.TIMER_Timer0_OC_EnableInterrupt
                0x00000f1c        0x8 ./MCAL/TIMER/TIMER.o
                0x00000f1c                TIMER_Timer0_OC_EnableInterrupt
 .text.TIMER_Timer0_OC_DisableInterrupt
                0x00000f24        0x8 ./MCAL/TIMER/TIMER.o
                0x00000f24                TIMER_Timer0_OC_DisableInterrupt
 .text.TIMER_Timer0_OV_SetCallBack
                0x00000f2c        0xa ./MCAL/TIMER/TIMER.o
                0x00000f2c                TIMER_Timer0_OV_SetCallBack
 .text.TIMER_Timer0_OC_SetCallBack
                0x00000f36        0xa ./MCAL/TIMER/TIMER.o
                0x00000f36                TIMER_Timer0_OC_SetCallBack
 .text.TIMER_Timer0_OV_Polling_Wait
                0x00000f40        0xe ./MCAL/TIMER/TIMER.o
                0x00000f40                TIMER_Timer0_OV_Polling_Wait
 .text.TIMER_Timer0_OC_Polling_Wait
                0x00000f4e        0xe ./MCAL/TIMER/TIMER.o
                0x00000f4e                TIMER_Timer0_OC_Polling_Wait
 .text.TIMER_Timer0_Stop
                0x00000f5c       0x14 ./MCAL/TIMER/TIMER.o
                0x00000f5c                TIMER_Timer0_Stop
 .text.__vector_10
                0x00000f70       0x52 ./MCAL/TIMER/TIMER.o
                0x00000f70                __vector_10
 .text.__vector_11
                0x00000fc2       0x52 ./MCAL/TIMER/TIMER.o
                0x00000fc2                __vector_11
 .text.TIMER_Timer1_Init
                0x00001014      0x17c ./MCAL/TIMER/TIMER.o
                0x00001014                TIMER_Timer1_Init
 .text.TIMER_Timer1_TCNT1_Set
                0x00001190        0x6 ./MCAL/TIMER/TIMER.o
                0x00001190                TIMER_Timer1_TCNT1_Set
 .text.TIMER_Timer1_OCR1A_Set
                0x00001196        0x6 ./MCAL/TIMER/TIMER.o
                0x00001196                TIMER_Timer1_OCR1A_Set
 .text.TIMER_Timer1_OCR1B_Set
                0x0000119c        0x6 ./MCAL/TIMER/TIMER.o
                0x0000119c                TIMER_Timer1_OCR1B_Set
 .text.TIMER_Timer1_ICR1_Set
                0x000011a2        0x6 ./MCAL/TIMER/TIMER.o
                0x000011a2                TIMER_Timer1_ICR1_Set
 .text.TIMER_Timer1_OV_EnableInterrupt
                0x000011a8        0x8 ./MCAL/TIMER/TIMER.o
                0x000011a8                TIMER_Timer1_OV_EnableInterrupt
 .text.TIMER_Timer1_OV_DisableInterrupt
                0x000011b0        0x8 ./MCAL/TIMER/TIMER.o
                0x000011b0                TIMER_Timer1_OV_DisableInterrupt
 .text.TIMER_Timer1_OCA_EnableInterrupt
                0x000011b8        0x8 ./MCAL/TIMER/TIMER.o
                0x000011b8                TIMER_Timer1_OCA_EnableInterrupt
 .text.TIMER_Timer1_OCA_DisableInterrupt
                0x000011c0        0x8 ./MCAL/TIMER/TIMER.o
                0x000011c0                TIMER_Timer1_OCA_DisableInterrupt
 .text.TIMER_Timer1_OCB_EnableInterrupt
                0x000011c8        0x8 ./MCAL/TIMER/TIMER.o
                0x000011c8                TIMER_Timer1_OCB_EnableInterrupt
 .text.TIMER_Timer1_OCB_DisableInterrupt
                0x000011d0        0x8 ./MCAL/TIMER/TIMER.o
                0x000011d0                TIMER_Timer1_OCB_DisableInterrupt
 .text.TIMER_Timer1_IC_EnableInterrupt
                0x000011d8        0x8 ./MCAL/TIMER/TIMER.o
                0x000011d8                TIMER_Timer1_IC_EnableInterrupt
 .text.TIMER_Timer1_IC_DisableInterrupt
                0x000011e0        0x8 ./MCAL/TIMER/TIMER.o
                0x000011e0                TIMER_Timer1_IC_DisableInterrupt
 .text.TIMER_Timer1_OV_SetCallBack
                0x000011e8        0xa ./MCAL/TIMER/TIMER.o
                0x000011e8                TIMER_Timer1_OV_SetCallBack
 .text.TIMER_Timer1_OCA_SetCallBack
                0x000011f2        0xa ./MCAL/TIMER/TIMER.o
                0x000011f2                TIMER_Timer1_OCA_SetCallBack
 .text.TIMER_Timer1_OCB_SetCallBack
                0x000011fc        0xa ./MCAL/TIMER/TIMER.o
                0x000011fc                TIMER_Timer1_OCB_SetCallBack
 .text.TIMER_Timer1_IC_SetCallBack
                0x00001206        0xa ./MCAL/TIMER/TIMER.o
                0x00001206                TIMER_Timer1_IC_SetCallBack
 .text.TIMER_Timer1_OV_Polling_Wait
                0x00001210        0xe ./MCAL/TIMER/TIMER.o
                0x00001210                TIMER_Timer1_OV_Polling_Wait
 .text.TIMER_Timer1_OCA_Polling_Wait
                0x0000121e        0xe ./MCAL/TIMER/TIMER.o
                0x0000121e                TIMER_Timer1_OCA_Polling_Wait
 .text.TIMER_Timer1_OCB_Polling_Wait
                0x0000122c        0xe ./MCAL/TIMER/TIMER.o
                0x0000122c                TIMER_Timer1_OCB_Polling_Wait
 .text.TIMER_Timer1_IC_Polling_Wait
                0x0000123a        0xe ./MCAL/TIMER/TIMER.o
                0x0000123a                TIMER_Timer1_IC_Polling_Wait
 .text.TIMER_Timer1_Stop
                0x00001248       0x14 ./MCAL/TIMER/TIMER.o
                0x00001248                TIMER_Timer1_Stop
 .text.__vector_6
                0x0000125c       0x52 ./MCAL/TIMER/TIMER.o
                0x0000125c                __vector_6
 .text.__vector_7
                0x000012ae       0x52 ./MCAL/TIMER/TIMER.o
                0x000012ae                __vector_7
 .text.__vector_8
                0x00001300       0x52 ./MCAL/TIMER/TIMER.o
                0x00001300                __vector_8
 .text.__vector_9
                0x00001352       0x52 ./MCAL/TIMER/TIMER.o
                0x00001352                __vector_9
 .text.TIMER_Timer2_Init
                0x000013a4       0xb2 ./MCAL/TIMER/TIMER.o
                0x000013a4                TIMER_Timer2_Init
 .text.TIMER_Timer2_TCNT2_Set
                0x00001456        0x4 ./MCAL/TIMER/TIMER.o
                0x00001456                TIMER_Timer2_TCNT2_Set
 .text.TIMER_Timer2_OCR2_Set
                0x0000145a        0x4 ./MCAL/TIMER/TIMER.o
                0x0000145a                TIMER_Timer2_OCR2_Set
 .text.TIMER_Timer2_OV_EnableInterrupt
                0x0000145e        0x8 ./MCAL/TIMER/TIMER.o
                0x0000145e                TIMER_Timer2_OV_EnableInterrupt
 .text.TIMER_Timer2_OV_DisableInterrupt
                0x00001466        0x8 ./MCAL/TIMER/TIMER.o
                0x00001466                TIMER_Timer2_OV_DisableInterrupt
 .text.TIMER_Timer2_OC_EnableInterrupt
                0x0000146e        0x8 ./MCAL/TIMER/TIMER.o
                0x0000146e                TIMER_Timer2_OC_EnableInterrupt
 .text.TIMER_Timer2_OC_DisableInterrupt
                0x00001476        0x8 ./MCAL/TIMER/TIMER.o
                0x00001476                TIMER_Timer2_OC_DisableInterrupt
 .text.TIMER_Timer2_OV_SetCallBack
                0x0000147e        0xa ./MCAL/TIMER/TIMER.o
                0x0000147e                TIMER_Timer2_OV_SetCallBack
 .text.TIMER_Timer2_OC_SetCallBack
                0x00001488        0xa ./MCAL/TIMER/TIMER.o
                0x00001488                TIMER_Timer2_OC_SetCallBack
 .text.TIMER_Timer2_OV_Polling_Wait
                0x00001492        0xe ./MCAL/TIMER/TIMER.o
                0x00001492                TIMER_Timer2_OV_Polling_Wait
 .text.TIMER_Timer2_OC_Polling_Wait
                0x000014a0        0xe ./MCAL/TIMER/TIMER.o
                0x000014a0                TIMER_Timer2_OC_Polling_Wait
 .text.TIMER_Timer2_Stop
                0x000014ae       0x14 ./MCAL/TIMER/TIMER.o
                0x000014ae                TIMER_Timer2_Stop
 .text.__vector_4
                0x000014c2       0x52 ./MCAL/TIMER/TIMER.o
                0x000014c2                __vector_4
 .text.__vector_5
                0x00001514       0x52 ./MCAL/TIMER/TIMER.o
                0x00001514                __vector_5
 .text.TIMER_TIFR_ClearFlag
                0x00001566       0x16 ./MCAL/TIMER/TIMER.o
                0x00001566                TIMER_TIFR_ClearFlag
 .text.TIMER_Timer2_OC2_Init
                0x0000157c       0x48 ./MCAL/TIMER/TIMER.o
                0x0000157c                TIMER_Timer2_OC2_Init
 .text.TIMER_Timer1_OC1B_Init
                0x000015c4       0x48 ./MCAL/TIMER/TIMER.o
                0x000015c4                TIMER_Timer1_OC1B_Init
 .text.TIMER_Timer1_OC1A_Init
                0x0000160c       0x48 ./MCAL/TIMER/TIMER.o
                0x0000160c                TIMER_Timer1_OC1A_Init
 .text.TIMER_Timer0_OC0_Init
                0x00001654       0x48 ./MCAL/TIMER/TIMER.o
                0x00001654                TIMER_Timer0_OC0_Init
 .text.SPI_Slave_CE_SelectPin
                0x0000169c       0x10 ./MCAL/SPI/SPI.o
                0x0000169c                SPI_Slave_CE_SelectPin
 .text.SPI_Receive
                0x000016ac       0x32 ./MCAL/SPI/SPI.o
                0x000016ac                SPI_Receive
 .text.SPI_Transmit
                0x000016de       0x2e ./MCAL/SPI/SPI.o
                0x000016de                SPI_Transmit
 .text.SPI_Init
                0x0000170c       0x6e ./MCAL/SPI/SPI.o
                0x0000170c                SPI_Init
 .text.INTERRUPT_EXTERNAL_INT0_EnableInterrupt
                0x0000177a        0x8 ./MCAL/INTERRUPT/EXTERNAL/EXTERNAL.o
                0x0000177a                INTERRUPT_EXTERNAL_INT0_EnableInterrupt
 .text.INTERRUPT_EXTERNAL_INT0_DisableInterrupt
                0x00001782        0x8 ./MCAL/INTERRUPT/EXTERNAL/EXTERNAL.o
                0x00001782                INTERRUPT_EXTERNAL_INT0_DisableInterrupt
 .text.INTERRUPT_EXTERNAL_INT1_EnableInterrupt
                0x0000178a        0x8 ./MCAL/INTERRUPT/EXTERNAL/EXTERNAL.o
                0x0000178a                INTERRUPT_EXTERNAL_INT1_EnableInterrupt
 .text.INTERRUPT_EXTERNAL_INT1_DisableInterrupt
                0x00001792        0x8 ./MCAL/INTERRUPT/EXTERNAL/EXTERNAL.o
                0x00001792                INTERRUPT_EXTERNAL_INT1_DisableInterrupt
 .text.INTERRUPT_EXTERNAL_INT2_EnableInterrupt
                0x0000179a        0x8 ./MCAL/INTERRUPT/EXTERNAL/EXTERNAL.o
                0x0000179a                INTERRUPT_EXTERNAL_INT2_EnableInterrupt
 .text.INTERRUPT_EXTERNAL_INT2_DisableInterrupt
                0x000017a2        0x8 ./MCAL/INTERRUPT/EXTERNAL/EXTERNAL.o
                0x000017a2                INTERRUPT_EXTERNAL_INT2_DisableInterrupt
 .text.INTERRUPT_EXTERNAL_INT0_ControlSense
                0x000017aa       0x40 ./MCAL/INTERRUPT/EXTERNAL/EXTERNAL.o
                0x000017aa                INTERRUPT_EXTERNAL_INT0_ControlSense
 .text.INTERRUPT_EXTERNAL_INT1_ControlSense
                0x000017ea       0x40 ./MCAL/INTERRUPT/EXTERNAL/EXTERNAL.o
                0x000017ea                INTERRUPT_EXTERNAL_INT1_ControlSense
 .text.INTERRUPT_EXTERNAL_INT2_ControlSense
                0x0000182a       0x1a ./MCAL/INTERRUPT/EXTERNAL/EXTERNAL.o
                0x0000182a                INTERRUPT_EXTERNAL_INT2_ControlSense
 .text.INTERRUPT_EXTERNAL_INT0_SetCallBack
                0x00001844        0xa ./MCAL/INTERRUPT/EXTERNAL/EXTERNAL.o
                0x00001844                INTERRUPT_EXTERNAL_INT0_SetCallBack
 .text.INTERRUPT_EXTERNAL_INT1_SetCallBack
                0x0000184e        0xa ./MCAL/INTERRUPT/EXTERNAL/EXTERNAL.o
                0x0000184e                INTERRUPT_EXTERNAL_INT1_SetCallBack
 .text.INTERRUPT_EXTERNAL_INT2_SetCallBack
                0x00001858        0xa ./MCAL/INTERRUPT/EXTERNAL/EXTERNAL.o
                0x00001858                INTERRUPT_EXTERNAL_INT2_SetCallBack
 .text.__vector_2
                0x00001862       0x52 ./MCAL/INTERRUPT/EXTERNAL/EXTERNAL.o
                0x00001862                __vector_2
 .text.__vector_3
                0x000018b4       0x52 ./MCAL/INTERRUPT/EXTERNAL/EXTERNAL.o
                0x000018b4                __vector_3
 .text.__vector_1
                0x00001906       0x5a ./MCAL/INTERRUPT/EXTERNAL/EXTERNAL.o
                0x00001906                __vector_1
 .text.INTERRUPT_EnableGlobalInterrupt
                0x00001960        0x8 ./MCAL/INTERRUPT/INTERRUPT.o
                0x00001960                INTERRUPT_EnableGlobalInterrupt
 .text.INTERRUPT_DisableGlobalInterrupt
                0x00001968        0x8 ./MCAL/INTERRUPT/INTERRUPT.o
                0x00001968                INTERRUPT_DisableGlobalInterrupt
 .text.EEPROM_Enable
                0x00001970        0x4 ./MCAL/EEPROM/EEPROM.o
                0x00001970                EEPROM_Enable
 .text.EEPROM_Write
                0x00001974       0x10 ./MCAL/EEPROM/EEPROM.o
                0x00001974                EEPROM_Write
 .text.EEPROM_Read
                0x00001984        0xe ./MCAL/EEPROM/EEPROM.o
                0x00001984                EEPROM_Read
 .text.EEPROM_EEAR_Set
                0x00001992        0x6 ./MCAL/EEPROM/EEPROM.o
                0x00001992                EEPROM_EEAR_Set
 .text.EEPROM_WriteArray
                0x00001998       0x48 ./MCAL/EEPROM/EEPROM.o
                0x00001998                EEPROM_WriteArray
 .text.EEPROM_ReadArray
                0x000019e0       0x50 ./MCAL/EEPROM/EEPROM.o
                0x000019e0                EEPROM_ReadArray
 .text.__vector_17
                0x00001a30       0x88 ./MCAL/EEPROM/EEPROM.o
                0x00001a30                __vector_17
 .text.DIO_SetPortDirection
                0x00001ab8       0x22 ./MCAL/DIO/DIO.o
                0x00001ab8                DIO_SetPortDirection
 .text.DIO_SetPortValue
                0x00001ada       0x22 ./MCAL/DIO/DIO.o
                0x00001ada                DIO_SetPortValue
 .text.DIO_TogglePort
                0x00001afc       0x32 ./MCAL/DIO/DIO.o
                0x00001afc                DIO_TogglePort
 .text.DIO_GetPortValue
                0x00001b2e       0x22 ./MCAL/DIO/DIO.o
                0x00001b2e                DIO_GetPortValue
 .text.DIO_SetPinDirection
                0x00001b50       0xea ./MCAL/DIO/DIO.o
                0x00001b50                DIO_SetPinDirection
 .text.DIO_SetPinValue
                0x00001c3a      0x156 ./MCAL/DIO/DIO.o
                0x00001c3a                DIO_SetPinValue
 .text.DIO_GetPinValue
                0x00001d90       0x3e ./MCAL/DIO/DIO.o
                0x00001d90                DIO_GetPinValue
 .text.DIO_EnablePinPullup
                0x00001dce       0x6a ./MCAL/DIO/DIO.o
                0x00001dce                DIO_EnablePinPullup
 .text.DELAY_Timer2_ms
                0x00001e38      0x200 ./LIB/DELAY/DELAY.o
                0x00001e38                DELAY_Timer2_ms
 .text.DELAY_Timer2_us
                0x00002038       0xde ./LIB/DELAY/DELAY.o
                0x00002038                DELAY_Timer2_us
 .text.DELAY_Timer2_s
                0x00002116       0x12 ./LIB/DELAY/DELAY.o
                0x00002116                DELAY_Timer2_s
 .text.DELAY_Timer1_us
                0x00002128      0x168 ./LIB/DELAY/DELAY.o
                0x00002128                DELAY_Timer1_us
 .text.DELAY_Timer1_s
                0x00002290       0x16 ./LIB/DELAY/DELAY.o
                0x00002290                DELAY_Timer1_s
 .text.DELAY_Timer1_ms
                0x000022a6       0x16 ./LIB/DELAY/DELAY.o
                0x000022a6                DELAY_Timer1_ms
 .text.DELAY_Timer0_ms
                0x000022bc      0x19a ./LIB/DELAY/DELAY.o
                0x000022bc                DELAY_Timer0_ms
 .text.DELAY_Timer0_us
                0x00002456       0xba ./LIB/DELAY/DELAY.o
                0x00002456                DELAY_Timer0_us
 .text.DELAY_Timer0_s
                0x00002510       0x12 ./LIB/DELAY/DELAY.o
                0x00002510                DELAY_Timer0_s
 .text.SERVO_Low
                0x00002522        0xc ./HAL/SERVO/SERVO.o
                0x00002522                SERVO_Low
 .text.SERVO_High
                0x0000252e        0xc ./HAL/SERVO/SERVO.o
                0x0000252e                SERVO_High
 .text.SERVO_Init
                0x0000253a       0x3e ./HAL/SERVO/SERVO.o
                0x0000253a                SERVO_Init
 .text.SERVO_90_CW
                0x00002578       0x3e ./HAL/SERVO/SERVO.o
                0x00002578                SERVO_90_CW
 .text.SERVO_90_CCW
                0x000025b6       0x3e ./HAL/SERVO/SERVO.o
                0x000025b6                SERVO_90_CCW
 .text.SERVO_Center
                0x000025f4       0x3e ./HAL/SERVO/SERVO.o
                0x000025f4                SERVO_Center
 .text.NRF24L01_CE_SelectPin
                0x00002632       0x10 ./HAL/NRF24L01/NRF24L01.o
                0x00002632                NRF24L01_CE_SelectPin
 .text.NRF24L01_CE
                0x00002642       0x20 ./HAL/NRF24L01/NRF24L01.o
                0x00002642                NRF24L01_CE
 .text.NRF24L01_ReadRegister
                0x00002662       0x2c ./HAL/NRF24L01/NRF24L01.o
                0x00002662                NRF24L01_ReadRegister
 .text.NRF24L01_WriteRegister
                0x0000268e       0x32 ./HAL/NRF24L01/NRF24L01.o
                0x0000268e                NRF24L01_WriteRegister
 .text.NRF24L01_ReceiveData
                0x000026c0       0x46 ./HAL/NRF24L01/NRF24L01.o
                0x000026c0                NRF24L01_ReceiveData
 .text.NRF24L01_TransmitData
                0x00002706       0x68 ./HAL/NRF24L01/NRF24L01.o
                0x00002706                NRF24L01_TransmitData
 .text.NRF24L01_Init_Receive
                0x0000276e       0x2a ./HAL/NRF24L01/NRF24L01.o
                0x0000276e                NRF24L01_Init_Receive
 .text.NRF24L01_Init_Transmit
                0x00002798       0x26 ./HAL/NRF24L01/NRF24L01.o
                0x00002798                NRF24L01_Init_Transmit
 .text.LCD_DisablePulse
                0x000027be       0x14 ./HAL/LCD/LCD.o
                0x000027be                LCD_DisablePulse
 .text.LCD_EnablePulse
                0x000027d2       0x14 ./HAL/LCD/LCD.o
                0x000027d2                LCD_EnablePulse
 .text.LCD_SendChar
                0x000027e6       0xc6 ./HAL/LCD/LCD.o
                0x000027e6                LCD_SendChar
 .text.LCD_SendNumber
                0x000028ac      0x1b8 ./HAL/LCD/LCD.o
                0x000028ac                LCD_SendNumber
 .text.LCD_SendString
                0x00002a64       0x26 ./HAL/LCD/LCD.o
                0x00002a64                LCD_SendString
 .text.LCD_SendInstruction
                0x00002a8a       0xe0 ./HAL/LCD/LCD.o
                0x00002a8a                LCD_SendInstruction
 .text.LCD_SetDDRAMAddress
                0x00002b6a        0xe ./HAL/LCD/LCD.o
                0x00002b6a                LCD_SetDDRAMAddress
 .text.LCD_GoToPosition
                0x00002b78       0x1c ./HAL/LCD/LCD.o
                0x00002b78                LCD_GoToPosition
 .text.LCD_SetCGRAMAddress
                0x00002b94       0x10 ./HAL/LCD/LCD.o
                0x00002b94                LCD_SetCGRAMAddress
 .text.LCD_FunctionSet
                0x00002ba4       0x40 ./HAL/LCD/LCD.o
                0x00002ba4                LCD_FunctionSet
 .text.LCD_CursorOrDisplayShift
                0x00002be4       0x2e ./HAL/LCD/LCD.o
                0x00002be4                LCD_CursorOrDisplayShift
 .text.LCD_DisplayControl
                0x00002c12       0x2e ./HAL/LCD/LCD.o
                0x00002c12                LCD_DisplayControl
 .text.LCD_EntryModeSet
                0x00002c40       0x1c ./HAL/LCD/LCD.o
                0x00002c40                LCD_EntryModeSet
 .text.LCD_ReturnHome
                0x00002c5c        0xe ./HAL/LCD/LCD.o
                0x00002c5c                LCD_ReturnHome
 .text.LCD_Clear
                0x00002c6a        0x8 ./HAL/LCD/LCD.o
                0x00002c6a                LCD_Clear
 .text.LCD_Init
                0x00002c72       0x9c ./HAL/LCD/LCD.o
                0x00002c72                LCD_Init
 .text.time_as_text
                0x00002d0e       0x4c ./APP/main.o
                0x00002d0e                time_as_text
 .text.TIME     0x00002d5a       0x94 ./APP/main.o
                0x00002d5a                TIME
 .text.main     0x00002dee      0x21a ./APP/main.o
                0x00002dee                main
 .text.libgcc   0x00003008       0x18 d:/embedded systems/required/imt_sdk_win_64/imt_sdk_win_64/winavr/bin/../lib/gcc/avr/4.3.3/avr5\libgcc.a(_udivmodqi4.o)
                0x00003008                __udivmodqi4
 .text.libgcc   0x00003020       0x44 d:/embedded systems/required/imt_sdk_win_64/imt_sdk_win_64/winavr/bin/../lib/gcc/avr/4.3.3/avr5\libgcc.a(_udivmodsi4.o)
                0x00003020                __udivmodsi4
 .text.libgcc   0x00003064        0x0 d:/embedded systems/required/imt_sdk_win_64/imt_sdk_win_64/winavr/bin/../lib/gcc/avr/4.3.3/avr5\libgcc.a(_exit.o)
 .text.libgcc   0x00003064        0x0 d:/embedded systems/required/imt_sdk_win_64/imt_sdk_win_64/winavr/bin/../lib/gcc/avr/4.3.3/avr5\libgcc.a(_copy_data.o)
 .text.libgcc   0x00003064        0x0 d:/embedded systems/required/imt_sdk_win_64/imt_sdk_win_64/winavr/bin/../lib/gcc/avr/4.3.3/avr5\libgcc.a(_clear_bss.o)
 .text.libgcc   0x00003064       0x38 d:/embedded systems/required/imt_sdk_win_64/imt_sdk_win_64/winavr/bin/../lib/gcc/avr/4.3.3/avr5\libgcc.a(_prologue.o)
                0x00003064                __prologue_saves__
 .text.libgcc   0x0000309c       0x36 d:/embedded systems/required/imt_sdk_win_64/imt_sdk_win_64/winavr/bin/../lib/gcc/avr/4.3.3/avr5\libgcc.a(_epilogue.o)
                0x0000309c                __epilogue_restores__
                0x000030d2                . = ALIGN (0x2)
 *(.fini9)
 .fini9         0x000030d2        0x0 d:/embedded systems/required/imt_sdk_win_64/imt_sdk_win_64/winavr/bin/../lib/gcc/avr/4.3.3/avr5\libgcc.a(_exit.o)
                0x000030d2                exit
                0x000030d2                _exit
 *(.fini9)
 *(.fini8)
 *(.fini8)
 *(.fini7)
 *(.fini7)
 *(.fini6)
 *(.fini6)
 *(.fini5)
 *(.fini5)
 *(.fini4)
 *(.fini4)
 *(.fini3)
 *(.fini3)
 *(.fini2)
 *(.fini2)
 *(.fini1)
 *(.fini1)
 *(.fini0)
 .fini0         0x000030d2        0x4 d:/embedded systems/required/imt_sdk_win_64/imt_sdk_win_64/winavr/bin/../lib/gcc/avr/4.3.3/avr5\libgcc.a(_exit.o)
 *(.fini0)
                0x000030d6                _etext = .

.data           0x00800060      0x11e load address 0x000030d6
                0x00800060                PROVIDE (__data_start, .)
 *(.data)
 .data          0x00800060        0x0 d:/embedded systems/required/imt_sdk_win_64/imt_sdk_win_64/winavr/bin/../lib/gcc/avr/4.3.3/../../../../avr/lib/avr5/crtm32.o
 .data          0x00800060        0x0 ./MCAL/TIMER/TIMER.o
 .data          0x00800060        0x0 ./MCAL/SPI/SPI.o
 .data          0x00800060        0x0 ./MCAL/INTERRUPT/EXTERNAL/EXTERNAL.o
 .data          0x00800060        0x0 ./MCAL/INTERRUPT/INTERRUPT.o
 .data          0x00800060        0x0 ./MCAL/EEPROM/EEPROM.o
 .data          0x00800060        0x0 ./MCAL/DIO/DIO.o
 .data          0x00800060        0x0 ./LIB/DELAY/DELAY.o
 .data          0x00800060        0x0 ./HAL/SERVO/SERVO.o
 .data          0x00800060        0x5 ./HAL/NRF24L01/NRF24L01.o
 .data          0x00800065        0x0 ./HAL/LCD/LCD.o
 .data          0x00800065       0x11 ./APP/main.o
 .data          0x00800076        0x0 d:/embedded systems/required/imt_sdk_win_64/imt_sdk_win_64/winavr/bin/../lib/gcc/avr/4.3.3/avr5\libgcc.a(_udivmodqi4.o)
 .data          0x00800076        0x0 d:/embedded systems/required/imt_sdk_win_64/imt_sdk_win_64/winavr/bin/../lib/gcc/avr/4.3.3/avr5\libgcc.a(_udivmodsi4.o)
 .data          0x00800076        0x0 d:/embedded systems/required/imt_sdk_win_64/imt_sdk_win_64/winavr/bin/../lib/gcc/avr/4.3.3/avr5\libgcc.a(_exit.o)
 .data          0x00800076        0x0 d:/embedded systems/required/imt_sdk_win_64/imt_sdk_win_64/winavr/bin/../lib/gcc/avr/4.3.3/avr5\libgcc.a(_copy_data.o)
 .data          0x00800076        0x0 d:/embedded systems/required/imt_sdk_win_64/imt_sdk_win_64/winavr/bin/../lib/gcc/avr/4.3.3/avr5\libgcc.a(_clear_bss.o)
 .data          0x00800076        0x0 d:/embedded systems/required/imt_sdk_win_64/imt_sdk_win_64/winavr/bin/../lib/gcc/avr/4.3.3/avr5\libgcc.a(_fixunssfsi.o)
 .data          0x00800076        0x0 d:/embedded systems/required/imt_sdk_win_64/imt_sdk_win_64/winavr/bin/../lib/gcc/avr/4.3.3/avr5\libgcc.a(_addsub_sf.o)
 .data          0x00800076        0x0 d:/embedded systems/required/imt_sdk_win_64/imt_sdk_win_64/winavr/bin/../lib/gcc/avr/4.3.3/avr5\libgcc.a(_mul_sf.o)
 .data          0x00800076        0x0 d:/embedded systems/required/imt_sdk_win_64/imt_sdk_win_64/winavr/bin/../lib/gcc/avr/4.3.3/avr5\libgcc.a(_eq_sf.o)
 .data          0x00800076        0x0 d:/embedded systems/required/imt_sdk_win_64/imt_sdk_win_64/winavr/bin/../lib/gcc/avr/4.3.3/avr5\libgcc.a(_ne_sf.o)
 .data          0x00800076        0x0 d:/embedded systems/required/imt_sdk_win_64/imt_sdk_win_64/winavr/bin/../lib/gcc/avr/4.3.3/avr5\libgcc.a(_gt_sf.o)
 .data          0x00800076        0x0 d:/embedded systems/required/imt_sdk_win_64/imt_sdk_win_64/winavr/bin/../lib/gcc/avr/4.3.3/avr5\libgcc.a(_ge_sf.o)
 .data          0x00800076        0x0 d:/embedded systems/required/imt_sdk_win_64/imt_sdk_win_64/winavr/bin/../lib/gcc/avr/4.3.3/avr5\libgcc.a(_le_sf.o)
 .data          0x00800076        0x0 d:/embedded systems/required/imt_sdk_win_64/imt_sdk_win_64/winavr/bin/../lib/gcc/avr/4.3.3/avr5\libgcc.a(_si_to_sf.o)
 .data          0x00800076        0x0 d:/embedded systems/required/imt_sdk_win_64/imt_sdk_win_64/winavr/bin/../lib/gcc/avr/4.3.3/avr5\libgcc.a(_sf_to_si.o)
 .data          0x00800076        0x8 d:/embedded systems/required/imt_sdk_win_64/imt_sdk_win_64/winavr/bin/../lib/gcc/avr/4.3.3/avr5\libgcc.a(_thenan_sf.o)
                0x00800076                __thenan_sf
 .data          0x0080007e        0x0 d:/embedded systems/required/imt_sdk_win_64/imt_sdk_win_64/winavr/bin/../lib/gcc/avr/4.3.3/avr5\libgcc.a(_usi_to_sf.o)
 .data          0x0080007e        0x0 d:/embedded systems/required/imt_sdk_win_64/imt_sdk_win_64/winavr/bin/../lib/gcc/avr/4.3.3/avr5\libgcc.a(_prologue.o)
 .data          0x0080007e        0x0 d:/embedded systems/required/imt_sdk_win_64/imt_sdk_win_64/winavr/bin/../lib/gcc/avr/4.3.3/avr5\libgcc.a(_epilogue.o)
 .data          0x0080007e        0x0 d:/embedded systems/required/imt_sdk_win_64/imt_sdk_win_64/winavr/bin/../lib/gcc/avr/4.3.3/avr5\libgcc.a(_clzsi2.o)
 .data          0x0080007e        0x0 d:/embedded systems/required/imt_sdk_win_64/imt_sdk_win_64/winavr/bin/../lib/gcc/avr/4.3.3/avr5\libgcc.a(_pack_sf.o)
 .data          0x0080007e        0x0 d:/embedded systems/required/imt_sdk_win_64/imt_sdk_win_64/winavr/bin/../lib/gcc/avr/4.3.3/avr5\libgcc.a(_unpack_sf.o)
 .data          0x0080007e        0x0 d:/embedded systems/required/imt_sdk_win_64/imt_sdk_win_64/winavr/bin/../lib/gcc/avr/4.3.3/avr5\libgcc.a(_fpcmp_parts_sf.o)
 .data          0x0080007e      0x100 d:/embedded systems/required/imt_sdk_win_64/imt_sdk_win_64/winavr/bin/../lib/gcc/avr/4.3.3/avr5\libgcc.a(_clz.o)
                0x0080007e                __clz_tab
 *(.data*)
 *(.rodata)
 *(.rodata*)
 *(.gnu.linkonce.d*)
                0x0080017e                . = ALIGN (0x2)
                0x0080017e                _edata = .
                0x0080017e                PROVIDE (__data_end, .)

.bss            0x0080017e      0x439
                0x0080017e                PROVIDE (__bss_start, .)
 *(.bss)
 .bss           0x0080017e        0x0 d:/embedded systems/required/imt_sdk_win_64/imt_sdk_win_64/winavr/bin/../lib/gcc/avr/4.3.3/../../../../avr/lib/avr5/crtm32.o
 .bss           0x0080017e        0x0 ./MCAL/TIMER/TIMER.o
 .bss           0x0080017e        0x0 ./MCAL/SPI/SPI.o
 .bss           0x0080017e        0x0 ./MCAL/INTERRUPT/EXTERNAL/EXTERNAL.o
 .bss           0x0080017e        0x0 ./MCAL/INTERRUPT/INTERRUPT.o
 .bss           0x0080017e        0x0 ./MCAL/EEPROM/EEPROM.o
 .bss           0x0080017e        0x0 ./MCAL/DIO/DIO.o
 .bss           0x0080017e        0x0 ./LIB/DELAY/DELAY.o
 .bss           0x0080017e        0x0 ./HAL/SERVO/SERVO.o
 .bss           0x0080017e        0x0 ./HAL/NRF24L01/NRF24L01.o
 .bss           0x0080017e        0x0 ./HAL/LCD/LCD.o
 .bss           0x0080017e        0x0 ./APP/main.o
 .bss           0x0080017e        0x0 d:/embedded systems/required/imt_sdk_win_64/imt_sdk_win_64/winavr/bin/../lib/gcc/avr/4.3.3/avr5\libgcc.a(_udivmodqi4.o)
 .bss           0x0080017e        0x0 d:/embedded systems/required/imt_sdk_win_64/imt_sdk_win_64/winavr/bin/../lib/gcc/avr/4.3.3/avr5\libgcc.a(_udivmodsi4.o)
 .bss           0x0080017e        0x0 d:/embedded systems/required/imt_sdk_win_64/imt_sdk_win_64/winavr/bin/../lib/gcc/avr/4.3.3/avr5\libgcc.a(_exit.o)
 .bss           0x0080017e        0x0 d:/embedded systems/required/imt_sdk_win_64/imt_sdk_win_64/winavr/bin/../lib/gcc/avr/4.3.3/avr5\libgcc.a(_copy_data.o)
 .bss           0x0080017e        0x0 d:/embedded systems/required/imt_sdk_win_64/imt_sdk_win_64/winavr/bin/../lib/gcc/avr/4.3.3/avr5\libgcc.a(_clear_bss.o)
 .bss           0x0080017e        0x0 d:/embedded systems/required/imt_sdk_win_64/imt_sdk_win_64/winavr/bin/../lib/gcc/avr/4.3.3/avr5\libgcc.a(_fixunssfsi.o)
 .bss           0x0080017e        0x0 d:/embedded systems/required/imt_sdk_win_64/imt_sdk_win_64/winavr/bin/../lib/gcc/avr/4.3.3/avr5\libgcc.a(_addsub_sf.o)
 .bss           0x0080017e        0x0 d:/embedded systems/required/imt_sdk_win_64/imt_sdk_win_64/winavr/bin/../lib/gcc/avr/4.3.3/avr5\libgcc.a(_mul_sf.o)
 .bss           0x0080017e        0x0 d:/embedded systems/required/imt_sdk_win_64/imt_sdk_win_64/winavr/bin/../lib/gcc/avr/4.3.3/avr5\libgcc.a(_eq_sf.o)
 .bss           0x0080017e        0x0 d:/embedded systems/required/imt_sdk_win_64/imt_sdk_win_64/winavr/bin/../lib/gcc/avr/4.3.3/avr5\libgcc.a(_ne_sf.o)
 .bss           0x0080017e        0x0 d:/embedded systems/required/imt_sdk_win_64/imt_sdk_win_64/winavr/bin/../lib/gcc/avr/4.3.3/avr5\libgcc.a(_gt_sf.o)
 .bss           0x0080017e        0x0 d:/embedded systems/required/imt_sdk_win_64/imt_sdk_win_64/winavr/bin/../lib/gcc/avr/4.3.3/avr5\libgcc.a(_ge_sf.o)
 .bss           0x0080017e        0x0 d:/embedded systems/required/imt_sdk_win_64/imt_sdk_win_64/winavr/bin/../lib/gcc/avr/4.3.3/avr5\libgcc.a(_le_sf.o)
 .bss           0x0080017e        0x0 d:/embedded systems/required/imt_sdk_win_64/imt_sdk_win_64/winavr/bin/../lib/gcc/avr/4.3.3/avr5\libgcc.a(_si_to_sf.o)
 .bss           0x0080017e        0x0 d:/embedded systems/required/imt_sdk_win_64/imt_sdk_win_64/winavr/bin/../lib/gcc/avr/4.3.3/avr5\libgcc.a(_sf_to_si.o)
 .bss           0x0080017e        0x0 d:/embedded systems/required/imt_sdk_win_64/imt_sdk_win_64/winavr/bin/../lib/gcc/avr/4.3.3/avr5\libgcc.a(_thenan_sf.o)
 .bss           0x0080017e        0x0 d:/embedded systems/required/imt_sdk_win_64/imt_sdk_win_64/winavr/bin/../lib/gcc/avr/4.3.3/avr5\libgcc.a(_usi_to_sf.o)
 .bss           0x0080017e        0x0 d:/embedded systems/required/imt_sdk_win_64/imt_sdk_win_64/winavr/bin/../lib/gcc/avr/4.3.3/avr5\libgcc.a(_prologue.o)
 .bss           0x0080017e        0x0 d:/embedded systems/required/imt_sdk_win_64/imt_sdk_win_64/winavr/bin/../lib/gcc/avr/4.3.3/avr5\libgcc.a(_epilogue.o)
 .bss           0x0080017e        0x0 d:/embedded systems/required/imt_sdk_win_64/imt_sdk_win_64/winavr/bin/../lib/gcc/avr/4.3.3/avr5\libgcc.a(_clzsi2.o)
 .bss           0x0080017e        0x0 d:/embedded systems/required/imt_sdk_win_64/imt_sdk_win_64/winavr/bin/../lib/gcc/avr/4.3.3/avr5\libgcc.a(_pack_sf.o)
 .bss           0x0080017e        0x0 d:/embedded systems/required/imt_sdk_win_64/imt_sdk_win_64/winavr/bin/../lib/gcc/avr/4.3.3/avr5\libgcc.a(_unpack_sf.o)
 .bss           0x0080017e        0x0 d:/embedded systems/required/imt_sdk_win_64/imt_sdk_win_64/winavr/bin/../lib/gcc/avr/4.3.3/avr5\libgcc.a(_fpcmp_parts_sf.o)
 .bss           0x0080017e        0x0 d:/embedded systems/required/imt_sdk_win_64/imt_sdk_win_64/winavr/bin/../lib/gcc/avr/4.3.3/avr5\libgcc.a(_clz.o)
 *(.bss*)
 .bss.Timer0_OVF_function_pointer
                0x0080017e        0x2 ./MCAL/TIMER/TIMER.o
                0x0080017e                Timer0_OVF_function_pointer
 .bss.Timer0_COMP_function_pointer
                0x00800180        0x2 ./MCAL/TIMER/TIMER.o
                0x00800180                Timer0_COMP_function_pointer
 .bss.Timer1_OVF_function_pointer
                0x00800182        0x2 ./MCAL/TIMER/TIMER.o
                0x00800182                Timer1_OVF_function_pointer
 .bss.Timer1_COMPA_function_pointer
                0x00800184        0x2 ./MCAL/TIMER/TIMER.o
                0x00800184                Timer1_COMPA_function_pointer
 .bss.Timer1_COMPB_function_pointer
                0x00800186        0x2 ./MCAL/TIMER/TIMER.o
                0x00800186                Timer1_COMPB_function_pointer
 .bss.Timer1_CAPT_function_pointer
                0x00800188        0x2 ./MCAL/TIMER/TIMER.o
                0x00800188                Timer1_CAPT_function_pointer
 .bss.Timer2_OVF_function_pointer
                0x0080018a        0x2 ./MCAL/TIMER/TIMER.o
                0x0080018a                Timer2_OVF_function_pointer
 .bss.Timer2_COMP_function_pointer
                0x0080018c        0x2 ./MCAL/TIMER/TIMER.o
                0x0080018c                Timer2_COMP_function_pointer
 .bss.INT0_function_pointer
                0x0080018e        0x2 ./MCAL/INTERRUPT/EXTERNAL/EXTERNAL.o
                0x0080018e                INT0_function_pointer
 .bss.INT1_function_pointer
                0x00800190        0x2 ./MCAL/INTERRUPT/EXTERNAL/EXTERNAL.o
                0x00800190                INT1_function_pointer
 .bss.INT2_function_pointer
                0x00800192        0x2 ./MCAL/INTERRUPT/EXTERNAL/EXTERNAL.o
                0x00800192                INT2_function_pointer
 .bss.EEPROM_write_index
                0x00800194        0x2 ./MCAL/EEPROM/EEPROM.o
                0x00800194                EEPROM_write_index
 .bss.EEPROM_write_size
                0x00800196        0x2 ./MCAL/EEPROM/EEPROM.o
                0x00800196                EEPROM_write_size
 .bss.EEPROM_write_busy
                0x00800198        0x1 ./MCAL/EEPROM/EEPROM.o
                0x00800198                EEPROM_write_busy
 .bss.EEPROM_function_pointer
                0x00800199        0x2 ./MCAL/EEPROM/EEPROM.o
                0x00800199                EEPROM_function_pointer
 .bss.delay_remaining_ms
                0x0080019b        0x1 ./LIB/DELAY/DELAY.o
                0x0080019b                delay_remaining_ms
 .bss.motion_state
                0x0080019c        0x1 ./APP/main.o
                0x0080019c                motion_state
 .bss.number_of_violations
                0x0080019d        0x1 ./APP/main.o
                0x0080019d                number_of_violations
 .bss.hour      0x0080019e        0x1 ./APP/main.o
                0x0080019e                hour
 .bss.minute    0x0080019f        0x1 ./APP/main.o
                0x0080019f                minute
 .bss.second    0x008001a0        0x1 ./APP/main.o
                0x008001a0                second
 .bss.seconds_counter
                0x008001a1        0x4 ./APP/main.o
                0x008001a1                seconds_counter
 .bss.write_index
                0x008001a5        0x2 ./APP/main.o
                0x008001a5                write_index
 *(COMMON)
 COMMON         0x008001a7        0x3 ./MCAL/SPI/SPI.o
                0x008001a7                SPI_CE_pin
                0x008001a8                SPI_mode
                0x008001a9                SPI_CE_port
 COMMON         0x008001aa      0x400 ./MCAL/EEPROM/EEPROM.o
                0x008001aa                EEPROM_buffer
 COMMON         0x008005aa        0x1 ./LIB/DELAY/DELAY.o
                0x008005aa                delay_state
 COMMON         0x008005ab        0x2 ./HAL/NRF24L01/NRF24L01.o
                0x008005ab                nRF24L01_CE_port
                0x008005ac                nRF24L01_CE_pin
 COMMON         0x008005ad        0x1 ./HAL/LCD/LCD.o
                0x008005ad                mode_of_operation
 COMMON         0x008005ae        0x9 ./APP/main.o
                0x008005ae                time
                0x008005b7                PROVIDE (__bss_end, .)
                0x000030d6                __data_load_start = LOADADDR (.data)
                0x000031f4                __data_load_end = (__data_load_start + SIZEOF (.data))

.noinit         0x008005b7        0x0
                0x008005b7                PROVIDE (__noinit_start, .)
 *(.noinit*)
                0x008005b7                PROVIDE (__noinit_end, .)
                0x008005b7                _end = .
                0x008005b7                PROVIDE (__heap_start, .)

.eeprom         0x00810000        0x0
 *(.eeprom*)
                0x00810000                __eeprom_end = .

.fuse
 *(.fuse)
 *(.lfuse)
 *(.hfuse)
 *(.efuse)

.lock
 *(.lock*)

.signature
 *(.signature*)

.stab
 *(.stab)

.stabstr
 *(.stabstr)

.stab.excl
 *(.stab.excl)

.stab.exclstr
 *(.stab.exclstr)

.stab.index
 *(.stab.index)

.stab.indexstr
 *(.stab.indexstr)

.comment
 *(.comment)

.debug
 *(.debug)

.line
 *(.line)

.debug_srcinfo
 *(.debug_srcinfo)

.debug_sfnames
 *(.debug_sfnames)

.debug_aranges  0x00000000      0x1e0
 *(.debug_aranges)
 .debug_aranges
                0x00000000       0x20 d:/embedded systems/required/imt_sdk_win_64/imt_sdk_win_64/winavr/bin/../lib/gcc/avr/4.3.3/avr5\libgcc.a(_fixunssfsi.o)
 .debug_aranges
                0x00000020       0x20 d:/embedded systems/required/imt_sdk_win_64/imt_sdk_win_64/winavr/bin/../lib/gcc/avr/4.3.3/avr5\libgcc.a(_addsub_sf.o)
 .debug_aranges
                0x00000040       0x20 d:/embedded systems/required/imt_sdk_win_64/imt_sdk_win_64/winavr/bin/../lib/gcc/avr/4.3.3/avr5\libgcc.a(_mul_sf.o)
 .debug_aranges
                0x00000060       0x20 d:/embedded systems/required/imt_sdk_win_64/imt_sdk_win_64/winavr/bin/../lib/gcc/avr/4.3.3/avr5\libgcc.a(_eq_sf.o)
 .debug_aranges
                0x00000080       0x20 d:/embedded systems/required/imt_sdk_win_64/imt_sdk_win_64/winavr/bin/../lib/gcc/avr/4.3.3/avr5\libgcc.a(_ne_sf.o)
 .debug_aranges
                0x000000a0       0x20 d:/embedded systems/required/imt_sdk_win_64/imt_sdk_win_64/winavr/bin/../lib/gcc/avr/4.3.3/avr5\libgcc.a(_gt_sf.o)
 .debug_aranges
                0x000000c0       0x20 d:/embedded systems/required/imt_sdk_win_64/imt_sdk_win_64/winavr/bin/../lib/gcc/avr/4.3.3/avr5\libgcc.a(_ge_sf.o)
 .debug_aranges
                0x000000e0       0x20 d:/embedded systems/required/imt_sdk_win_64/imt_sdk_win_64/winavr/bin/../lib/gcc/avr/4.3.3/avr5\libgcc.a(_le_sf.o)
 .debug_aranges
                0x00000100       0x20 d:/embedded systems/required/imt_sdk_win_64/imt_sdk_win_64/winavr/bin/../lib/gcc/avr/4.3.3/avr5\libgcc.a(_si_to_sf.o)
 .debug_aranges
                0x00000120       0x20 d:/embedded systems/required/imt_sdk_win_64/imt_sdk_win_64/winavr/bin/../lib/gcc/avr/4.3.3/avr5\libgcc.a(_sf_to_si.o)
 .debug_aranges
                0x00000140       0x20 d:/embedded systems/required/imt_sdk_win_64/imt_sdk_win_64/winavr/bin/../lib/gcc/avr/4.3.3/avr5\libgcc.a(_usi_to_sf.o)
 .debug_aranges
                0x00000160       0x20 d:/embedded systems/required/imt_sdk_win_64/imt_sdk_win_64/winavr/bin/../lib/gcc/avr/4.3.3/avr5\libgcc.a(_clzsi2.o)
 .debug_aranges
                0x00000180       0x20 d:/embedded systems/required/imt_sdk_win_64/imt_sdk_win_64/winavr/bin/../lib/gcc/avr/4.3.3/avr5\libgcc.a(_pack_sf.o)
 .debug_aranges
                0x000001a0       0x20 d:/embedded systems/required/imt_sdk_win_64/imt_sdk_win_64/winavr/bin/../lib/gcc/avr/4.3.3/avr5\libgcc.a(_unpack_sf.o)
 .debug_aranges
                0x000001c0       0x20 d:/embedded systems/required/imt_sdk_win_64/imt_sdk_win_64/winavr/bin/../lib/gcc/avr/4.3.3/avr5\libgcc.a(_fpcmp_parts_sf.o)

.debug_pubnames
                0x00000000      0x231
 *(.debug_pubnames)
 .debug_pubnames
                0x00000000       0x23 d:/embedded systems/required/imt_sdk_win_64/imt_sdk_win_64/winavr/bin/../lib/gcc/avr/4.3.3/avr5\libgcc.a(_fixunssfsi.o)
 .debug_pubnames
                0x00000023       0x2c d:/embedded systems/required/imt_sdk_win_64/imt_sdk_win_64/winavr/bin/../lib/gcc/avr/4.3.3/avr5\libgcc.a(_addsub_sf.o)
 .debug_pubnames
                0x0000004f       0x1f d:/embedded systems/required/imt_sdk_win_64/imt_sdk_win_64/winavr/bin/../lib/gcc/avr/4.3.3/avr5\libgcc.a(_mul_sf.o)
 .debug_pubnames
                0x0000006e       0x1e d:/embedded systems/required/imt_sdk_win_64/imt_sdk_win_64/winavr/bin/../lib/gcc/avr/4.3.3/avr5\libgcc.a(_eq_sf.o)
 .debug_pubnames
                0x0000008c       0x1e d:/embedded systems/required/imt_sdk_win_64/imt_sdk_win_64/winavr/bin/../lib/gcc/avr/4.3.3/avr5\libgcc.a(_ne_sf.o)
 .debug_pubnames
                0x000000aa       0x1e d:/embedded systems/required/imt_sdk_win_64/imt_sdk_win_64/winavr/bin/../lib/gcc/avr/4.3.3/avr5\libgcc.a(_gt_sf.o)
 .debug_pubnames
                0x000000c8       0x1e d:/embedded systems/required/imt_sdk_win_64/imt_sdk_win_64/winavr/bin/../lib/gcc/avr/4.3.3/avr5\libgcc.a(_ge_sf.o)
 .debug_pubnames
                0x000000e6       0x1e d:/embedded systems/required/imt_sdk_win_64/imt_sdk_win_64/winavr/bin/../lib/gcc/avr/4.3.3/avr5\libgcc.a(_le_sf.o)
 .debug_pubnames
                0x00000104       0x22 d:/embedded systems/required/imt_sdk_win_64/imt_sdk_win_64/winavr/bin/../lib/gcc/avr/4.3.3/avr5\libgcc.a(_si_to_sf.o)
 .debug_pubnames
                0x00000126       0x20 d:/embedded systems/required/imt_sdk_win_64/imt_sdk_win_64/winavr/bin/../lib/gcc/avr/4.3.3/avr5\libgcc.a(_sf_to_si.o)
 .debug_pubnames
                0x00000146       0x22 d:/embedded systems/required/imt_sdk_win_64/imt_sdk_win_64/winavr/bin/../lib/gcc/avr/4.3.3/avr5\libgcc.a(_thenan_sf.o)
 .debug_pubnames
                0x00000168       0x24 d:/embedded systems/required/imt_sdk_win_64/imt_sdk_win_64/winavr/bin/../lib/gcc/avr/4.3.3/avr5\libgcc.a(_usi_to_sf.o)
 .debug_pubnames
                0x0000018c       0x1f d:/embedded systems/required/imt_sdk_win_64/imt_sdk_win_64/winavr/bin/../lib/gcc/avr/4.3.3/avr5\libgcc.a(_clzsi2.o)
 .debug_pubnames
                0x000001ab       0x1f d:/embedded systems/required/imt_sdk_win_64/imt_sdk_win_64/winavr/bin/../lib/gcc/avr/4.3.3/avr5\libgcc.a(_pack_sf.o)
 .debug_pubnames
                0x000001ca       0x21 d:/embedded systems/required/imt_sdk_win_64/imt_sdk_win_64/winavr/bin/../lib/gcc/avr/4.3.3/avr5\libgcc.a(_unpack_sf.o)
 .debug_pubnames
                0x000001eb       0x26 d:/embedded systems/required/imt_sdk_win_64/imt_sdk_win_64/winavr/bin/../lib/gcc/avr/4.3.3/avr5\libgcc.a(_fpcmp_parts_sf.o)
 .debug_pubnames
                0x00000211       0x20 d:/embedded systems/required/imt_sdk_win_64/imt_sdk_win_64/winavr/bin/../lib/gcc/avr/4.3.3/avr5\libgcc.a(_clz.o)

.debug_info     0x00000000     0x2714
 *(.debug_info)
 .debug_info    0x00000000       0xb1 d:/embedded systems/required/imt_sdk_win_64/imt_sdk_win_64/winavr/bin/../lib/gcc/avr/4.3.3/avr5\libgcc.a(_fixunssfsi.o)
 .debug_info    0x000000b1      0x47a d:/embedded systems/required/imt_sdk_win_64/imt_sdk_win_64/winavr/bin/../lib/gcc/avr/4.3.3/avr5\libgcc.a(_addsub_sf.o)
 .debug_info    0x0000052b      0x485 d:/embedded systems/required/imt_sdk_win_64/imt_sdk_win_64/winavr/bin/../lib/gcc/avr/4.3.3/avr5\libgcc.a(_mul_sf.o)
 .debug_info    0x000009b0      0x27f d:/embedded systems/required/imt_sdk_win_64/imt_sdk_win_64/winavr/bin/../lib/gcc/avr/4.3.3/avr5\libgcc.a(_eq_sf.o)
 .debug_info    0x00000c2f      0x27f d:/embedded systems/required/imt_sdk_win_64/imt_sdk_win_64/winavr/bin/../lib/gcc/avr/4.3.3/avr5\libgcc.a(_ne_sf.o)
 .debug_info    0x00000eae      0x27f d:/embedded systems/required/imt_sdk_win_64/imt_sdk_win_64/winavr/bin/../lib/gcc/avr/4.3.3/avr5\libgcc.a(_gt_sf.o)
 .debug_info    0x0000112d      0x27f d:/embedded systems/required/imt_sdk_win_64/imt_sdk_win_64/winavr/bin/../lib/gcc/avr/4.3.3/avr5\libgcc.a(_ge_sf.o)
 .debug_info    0x000013ac      0x27f d:/embedded systems/required/imt_sdk_win_64/imt_sdk_win_64/winavr/bin/../lib/gcc/avr/4.3.3/avr5\libgcc.a(_le_sf.o)
 .debug_info    0x0000162b      0x207 d:/embedded systems/required/imt_sdk_win_64/imt_sdk_win_64/winavr/bin/../lib/gcc/avr/4.3.3/avr5\libgcc.a(_si_to_sf.o)
 .debug_info    0x00001832      0x2b0 d:/embedded systems/required/imt_sdk_win_64/imt_sdk_win_64/winavr/bin/../lib/gcc/avr/4.3.3/avr5\libgcc.a(_sf_to_si.o)
 .debug_info    0x00001ae2      0x12c d:/embedded systems/required/imt_sdk_win_64/imt_sdk_win_64/winavr/bin/../lib/gcc/avr/4.3.3/avr5\libgcc.a(_thenan_sf.o)
 .debug_info    0x00001c0e      0x206 d:/embedded systems/required/imt_sdk_win_64/imt_sdk_win_64/winavr/bin/../lib/gcc/avr/4.3.3/avr5\libgcc.a(_usi_to_sf.o)
 .debug_info    0x00001e14      0x117 d:/embedded systems/required/imt_sdk_win_64/imt_sdk_win_64/winavr/bin/../lib/gcc/avr/4.3.3/avr5\libgcc.a(_clzsi2.o)
 .debug_info    0x00001f2b      0x2df d:/embedded systems/required/imt_sdk_win_64/imt_sdk_win_64/winavr/bin/../lib/gcc/avr/4.3.3/avr5\libgcc.a(_pack_sf.o)
 .debug_info    0x0000220a      0x251 d:/embedded systems/required/imt_sdk_win_64/imt_sdk_win_64/winavr/bin/../lib/gcc/avr/4.3.3/avr5\libgcc.a(_unpack_sf.o)
 .debug_info    0x0000245b      0x210 d:/embedded systems/required/imt_sdk_win_64/imt_sdk_win_64/winavr/bin/../lib/gcc/avr/4.3.3/avr5\libgcc.a(_fpcmp_parts_sf.o)
 .debug_info    0x0000266b       0xa9 d:/embedded systems/required/imt_sdk_win_64/imt_sdk_win_64/winavr/bin/../lib/gcc/avr/4.3.3/avr5\libgcc.a(_clz.o)
 *(.gnu.linkonce.wi.*)

.debug_abbrev   0x00000000     0x156c
 *(.debug_abbrev)
 .debug_abbrev  0x00000000       0x5d d:/embedded systems/required/imt_sdk_win_64/imt_sdk_win_64/winavr/bin/../lib/gcc/avr/4.3.3/avr5\libgcc.a(_fixunssfsi.o)
 .debug_abbrev  0x0000005d      0x1ea d:/embedded systems/required/imt_sdk_win_64/imt_sdk_win_64/winavr/bin/../lib/gcc/avr/4.3.3/avr5\libgcc.a(_addsub_sf.o)
 .debug_abbrev  0x00000247      0x21b d:/embedded systems/required/imt_sdk_win_64/imt_sdk_win_64/winavr/bin/../lib/gcc/avr/4.3.3/avr5\libgcc.a(_mul_sf.o)
 .debug_abbrev  0x00000462      0x15a d:/embedded systems/required/imt_sdk_win_64/imt_sdk_win_64/winavr/bin/../lib/gcc/avr/4.3.3/avr5\libgcc.a(_eq_sf.o)
 .debug_abbrev  0x000005bc      0x15a d:/embedded systems/required/imt_sdk_win_64/imt_sdk_win_64/winavr/bin/../lib/gcc/avr/4.3.3/avr5\libgcc.a(_ne_sf.o)
 .debug_abbrev  0x00000716      0x15a d:/embedded systems/required/imt_sdk_win_64/imt_sdk_win_64/winavr/bin/../lib/gcc/avr/4.3.3/avr5\libgcc.a(_gt_sf.o)
 .debug_abbrev  0x00000870      0x15a d:/embedded systems/required/imt_sdk_win_64/imt_sdk_win_64/winavr/bin/../lib/gcc/avr/4.3.3/avr5\libgcc.a(_ge_sf.o)
 .debug_abbrev  0x000009ca      0x15a d:/embedded systems/required/imt_sdk_win_64/imt_sdk_win_64/winavr/bin/../lib/gcc/avr/4.3.3/avr5\libgcc.a(_le_sf.o)
 .debug_abbrev  0x00000b24      0x148 d:/embedded systems/required/imt_sdk_win_64/imt_sdk_win_64/winavr/bin/../lib/gcc/avr/4.3.3/avr5\libgcc.a(_si_to_sf.o)
 .debug_abbrev  0x00000c6c      0x17f d:/embedded systems/required/imt_sdk_win_64/imt_sdk_win_64/winavr/bin/../lib/gcc/avr/4.3.3/avr5\libgcc.a(_sf_to_si.o)
 .debug_abbrev  0x00000deb       0xad d:/embedded systems/required/imt_sdk_win_64/imt_sdk_win_64/winavr/bin/../lib/gcc/avr/4.3.3/avr5\libgcc.a(_thenan_sf.o)
 .debug_abbrev  0x00000e98      0x157 d:/embedded systems/required/imt_sdk_win_64/imt_sdk_win_64/winavr/bin/../lib/gcc/avr/4.3.3/avr5\libgcc.a(_usi_to_sf.o)
 .debug_abbrev  0x00000fef       0xc4 d:/embedded systems/required/imt_sdk_win_64/imt_sdk_win_64/winavr/bin/../lib/gcc/avr/4.3.3/avr5\libgcc.a(_clzsi2.o)
 .debug_abbrev  0x000010b3      0x1c0 d:/embedded systems/required/imt_sdk_win_64/imt_sdk_win_64/winavr/bin/../lib/gcc/avr/4.3.3/avr5\libgcc.a(_pack_sf.o)
 .debug_abbrev  0x00001273      0x154 d:/embedded systems/required/imt_sdk_win_64/imt_sdk_win_64/winavr/bin/../lib/gcc/avr/4.3.3/avr5\libgcc.a(_unpack_sf.o)
 .debug_abbrev  0x000013c7      0x13b d:/embedded systems/required/imt_sdk_win_64/imt_sdk_win_64/winavr/bin/../lib/gcc/avr/4.3.3/avr5\libgcc.a(_fpcmp_parts_sf.o)
 .debug_abbrev  0x00001502       0x6a d:/embedded systems/required/imt_sdk_win_64/imt_sdk_win_64/winavr/bin/../lib/gcc/avr/4.3.3/avr5\libgcc.a(_clz.o)

.debug_line     0x00000000     0x12dc
 *(.debug_line)
 .debug_line    0x00000000       0xa7 d:/embedded systems/required/imt_sdk_win_64/imt_sdk_win_64/winavr/bin/../lib/gcc/avr/4.3.3/avr5\libgcc.a(_fixunssfsi.o)
 .debug_line    0x000000a7      0x2af d:/embedded systems/required/imt_sdk_win_64/imt_sdk_win_64/winavr/bin/../lib/gcc/avr/4.3.3/avr5\libgcc.a(_addsub_sf.o)
 .debug_line    0x00000356      0x239 d:/embedded systems/required/imt_sdk_win_64/imt_sdk_win_64/winavr/bin/../lib/gcc/avr/4.3.3/avr5\libgcc.a(_mul_sf.o)
 .debug_line    0x0000058f       0xd3 d:/embedded systems/required/imt_sdk_win_64/imt_sdk_win_64/winavr/bin/../lib/gcc/avr/4.3.3/avr5\libgcc.a(_eq_sf.o)
 .debug_line    0x00000662       0xd3 d:/embedded systems/required/imt_sdk_win_64/imt_sdk_win_64/winavr/bin/../lib/gcc/avr/4.3.3/avr5\libgcc.a(_ne_sf.o)
 .debug_line    0x00000735       0xd3 d:/embedded systems/required/imt_sdk_win_64/imt_sdk_win_64/winavr/bin/../lib/gcc/avr/4.3.3/avr5\libgcc.a(_gt_sf.o)
 .debug_line    0x00000808       0xd3 d:/embedded systems/required/imt_sdk_win_64/imt_sdk_win_64/winavr/bin/../lib/gcc/avr/4.3.3/avr5\libgcc.a(_ge_sf.o)
 .debug_line    0x000008db       0xd3 d:/embedded systems/required/imt_sdk_win_64/imt_sdk_win_64/winavr/bin/../lib/gcc/avr/4.3.3/avr5\libgcc.a(_le_sf.o)
 .debug_line    0x000009ae      0x135 d:/embedded systems/required/imt_sdk_win_64/imt_sdk_win_64/winavr/bin/../lib/gcc/avr/4.3.3/avr5\libgcc.a(_si_to_sf.o)
 .debug_line    0x00000ae3      0x109 d:/embedded systems/required/imt_sdk_win_64/imt_sdk_win_64/winavr/bin/../lib/gcc/avr/4.3.3/avr5\libgcc.a(_sf_to_si.o)
 .debug_line    0x00000bec       0x90 d:/embedded systems/required/imt_sdk_win_64/imt_sdk_win_64/winavr/bin/../lib/gcc/avr/4.3.3/avr5\libgcc.a(_thenan_sf.o)
 .debug_line    0x00000c7c      0x133 d:/embedded systems/required/imt_sdk_win_64/imt_sdk_win_64/winavr/bin/../lib/gcc/avr/4.3.3/avr5\libgcc.a(_usi_to_sf.o)
 .debug_line    0x00000daf       0xa5 d:/embedded systems/required/imt_sdk_win_64/imt_sdk_win_64/winavr/bin/../lib/gcc/avr/4.3.3/avr5\libgcc.a(_clzsi2.o)
 .debug_line    0x00000e54      0x18a d:/embedded systems/required/imt_sdk_win_64/imt_sdk_win_64/winavr/bin/../lib/gcc/avr/4.3.3/avr5\libgcc.a(_pack_sf.o)
 .debug_line    0x00000fde      0x14b d:/embedded systems/required/imt_sdk_win_64/imt_sdk_win_64/winavr/bin/../lib/gcc/avr/4.3.3/avr5\libgcc.a(_unpack_sf.o)
 .debug_line    0x00001129      0x137 d:/embedded systems/required/imt_sdk_win_64/imt_sdk_win_64/winavr/bin/../lib/gcc/avr/4.3.3/avr5\libgcc.a(_fpcmp_parts_sf.o)
 .debug_line    0x00001260       0x7c d:/embedded systems/required/imt_sdk_win_64/imt_sdk_win_64/winavr/bin/../lib/gcc/avr/4.3.3/avr5\libgcc.a(_clz.o)

.debug_frame    0x00000000      0x200
 *(.debug_frame)
 .debug_frame   0x00000000       0x20 d:/embedded systems/required/imt_sdk_win_64/imt_sdk_win_64/winavr/bin/../lib/gcc/avr/4.3.3/avr5\libgcc.a(_fixunssfsi.o)
 .debug_frame   0x00000020       0x40 d:/embedded systems/required/imt_sdk_win_64/imt_sdk_win_64/winavr/bin/../lib/gcc/avr/4.3.3/avr5\libgcc.a(_addsub_sf.o)
 .debug_frame   0x00000060       0x20 d:/embedded systems/required/imt_sdk_win_64/imt_sdk_win_64/winavr/bin/../lib/gcc/avr/4.3.3/avr5\libgcc.a(_mul_sf.o)
 .debug_frame   0x00000080       0x20 d:/embedded systems/required/imt_sdk_win_64/imt_sdk_win_64/winavr/bin/../lib/gcc/avr/4.3.3/avr5\libgcc.a(_eq_sf.o)
 .debug_frame   0x000000a0       0x20 d:/embedded systems/required/imt_sdk_win_64/imt_sdk_win_64/winavr/bin/../lib/gcc/avr/4.3.3/avr5\libgcc.a(_ne_sf.o)
 .debug_frame   0x000000c0       0x20 d:/embedded systems/required/imt_sdk_win_64/imt_sdk_win_64/winavr/bin/../lib/gcc/avr/4.3.3/avr5\libgcc.a(_gt_sf.o)
 .debug_frame   0x000000e0       0x20 d:/embedded systems/required/imt_sdk_win_64/imt_sdk_win_64/winavr/bin/../lib/gcc/avr/4.3.3/avr5\libgcc.a(_ge_sf.o)
 .debug_frame   0x00000100       0x20 d:/embedded systems/required/imt_sdk_win_64/imt_sdk_win_64/winavr/bin/../lib/gcc/avr/4.3.3/avr5\libgcc.a(_le_sf.o)
 .debug_frame   0x00000120       0x20 d:/embedded systems/required/imt_sdk_win_64/imt_sdk_win_64/winavr/bin/../lib/gcc/avr/4.3.3/avr5\libgcc.a(_si_to_sf.o)
 .debug_frame   0x00000140       0x20 d:/embedded systems/required/imt_sdk_win_64/imt_sdk_win_64/winavr/bin/../lib/gcc/avr/4.3.3/avr5\libgcc.a(_sf_to_si.o)
 .debug_frame   0x00000160       0x20 d:/embedded systems/required/imt_sdk_win_64/imt_sdk_win_64/winavr/bin/../lib/gcc/avr/4.3.3/avr5\libgcc.a(_usi_to_sf.o)
 .debug_frame   0x00000180       0x20 d:/embedded systems/required/imt_sdk_win_64/imt_sdk_win_64/winavr/bin/../lib/gcc/avr/4.3.3/avr5\libgcc.a(_clzsi2.o)
 .debug_frame   0x000001a0       0x20 d:/embedded systems/required/imt_sdk_win_64/imt_sdk_win_64/winavr/bin/../lib/gcc/avr/4.3.3/avr5\libgcc.a(_pack_sf.o)
 .debug_frame   0x000001c0       0x20 d:/embedded systems/required/imt_sdk_win_64/imt_sdk_win_64/winavr/bin/../lib/gcc/avr/4.3.3/avr5\libgcc.a(_unpack_sf.o)
 .debug_frame   0x000001e0       0x20 d:/embedded systems/required/imt_sdk_win_64/imt_sdk_win_64/winavr/bin/../lib/gcc/avr/4.3.3/avr5\libgcc.a(_fpcmp_parts_sf.o)

.debug_str      0x00000000      0x2e2
 *(.debug_str)
 .debug_str     0x00000000       0xbf d:/embedded systems/required/imt_sdk_win_64/imt_sdk_win_64/winavr/bin/../lib/gcc/avr/4.3.3/avr5\libgcc.a(_fixunssfsi.o)
                                 0xfe (size before relaxing)
 .debug_str     0x000000bf      0x14d d:/embedded systems/required/imt_sdk_win_64/imt_sdk_win_64/winavr/bin/../lib/gcc/avr/4.3.3/avr5\libgcc.a(_addsub_sf.o)
                                0x206 (size before relaxing)
 .debug_str     0x0000020c       0x27 d:/embedded systems/required/imt_sdk_win_64/imt_sdk_win_64/winavr/bin/../lib/gcc/avr/4.3.3/avr5\libgcc.a(_mul_sf.o)
                                0x1bf (size before relaxing)
 .debug_str     0x00000233        0x8 d:/embedded systems/required/imt_sdk_win_64/imt_sdk_win_64/winavr/bin/../lib/gcc/avr/4.3.3/avr5\libgcc.a(_eq_sf.o)
                                0x195 (size before relaxing)
 .debug_str     0x0000023b        0x8 d:/embedded systems/required/imt_sdk_win_64/imt_sdk_win_64/winavr/bin/../lib/gcc/avr/4.3.3/avr5\libgcc.a(_ne_sf.o)
                                0x195 (size before relaxing)
 .debug_str     0x00000243        0x8 d:/embedded systems/required/imt_sdk_win_64/imt_sdk_win_64/winavr/bin/../lib/gcc/avr/4.3.3/avr5\libgcc.a(_gt_sf.o)
                                0x195 (size before relaxing)
 .debug_str     0x0000024b        0x8 d:/embedded systems/required/imt_sdk_win_64/imt_sdk_win_64/winavr/bin/../lib/gcc/avr/4.3.3/avr5\libgcc.a(_ge_sf.o)
                                0x195 (size before relaxing)
 .debug_str     0x00000253        0x8 d:/embedded systems/required/imt_sdk_win_64/imt_sdk_win_64/winavr/bin/../lib/gcc/avr/4.3.3/avr5\libgcc.a(_le_sf.o)
                                0x195 (size before relaxing)
 .debug_str     0x0000025b       0x1e d:/embedded systems/required/imt_sdk_win_64/imt_sdk_win_64/winavr/bin/../lib/gcc/avr/4.3.3/avr5\libgcc.a(_si_to_sf.o)
                                0x17b (size before relaxing)
 .debug_str     0x00000279        0xa d:/embedded systems/required/imt_sdk_win_64/imt_sdk_win_64/winavr/bin/../lib/gcc/avr/4.3.3/avr5\libgcc.a(_sf_to_si.o)
                                0x19e (size before relaxing)
 .debug_str     0x00000000      0x103 d:/embedded systems/required/imt_sdk_win_64/imt_sdk_win_64/winavr/bin/../lib/gcc/avr/4.3.3/avr5\libgcc.a(_thenan_sf.o)
 .debug_str     0x00000283       0x14 d:/embedded systems/required/imt_sdk_win_64/imt_sdk_win_64/winavr/bin/../lib/gcc/avr/4.3.3/avr5\libgcc.a(_usi_to_sf.o)
                                0x177 (size before relaxing)
 .debug_str     0x00000297       0x20 d:/embedded systems/required/imt_sdk_win_64/imt_sdk_win_64/winavr/bin/../lib/gcc/avr/4.3.3/avr5\libgcc.a(_clzsi2.o)
                                0x111 (size before relaxing)
 .debug_str     0x000002b7       0x10 d:/embedded systems/required/imt_sdk_win_64/imt_sdk_win_64/winavr/bin/../lib/gcc/avr/4.3.3/avr5\libgcc.a(_pack_sf.o)
                                0x19d (size before relaxing)
 .debug_str     0x000002c7        0xb d:/embedded systems/required/imt_sdk_win_64/imt_sdk_win_64/winavr/bin/../lib/gcc/avr/4.3.3/avr5\libgcc.a(_unpack_sf.o)
                                0x17f (size before relaxing)
 .debug_str     0x000002d2       0x10 d:/embedded systems/required/imt_sdk_win_64/imt_sdk_win_64/winavr/bin/../lib/gcc/avr/4.3.3/avr5\libgcc.a(_fpcmp_parts_sf.o)
                                0x163 (size before relaxing)
 .debug_str     0x00000000       0xf4 d:/embedded systems/required/imt_sdk_win_64/imt_sdk_win_64/winavr/bin/../lib/gcc/avr/4.3.3/avr5\libgcc.a(_clz.o)

.debug_loc      0x00000000      0x9d2
 *(.debug_loc)
 .debug_loc     0x00000000       0x34 d:/embedded systems/required/imt_sdk_win_64/imt_sdk_win_64/winavr/bin/../lib/gcc/avr/4.3.3/avr5\libgcc.a(_fixunssfsi.o)
 .debug_loc     0x00000034      0x32a d:/embedded systems/required/imt_sdk_win_64/imt_sdk_win_64/winavr/bin/../lib/gcc/avr/4.3.3/avr5\libgcc.a(_addsub_sf.o)
 .debug_loc     0x0000035e      0x104 d:/embedded systems/required/imt_sdk_win_64/imt_sdk_win_64/winavr/bin/../lib/gcc/avr/4.3.3/avr5\libgcc.a(_mul_sf.o)
 .debug_loc     0x00000462       0x3c d:/embedded systems/required/imt_sdk_win_64/imt_sdk_win_64/winavr/bin/../lib/gcc/avr/4.3.3/avr5\libgcc.a(_eq_sf.o)
 .debug_loc     0x0000049e       0x3c d:/embedded systems/required/imt_sdk_win_64/imt_sdk_win_64/winavr/bin/../lib/gcc/avr/4.3.3/avr5\libgcc.a(_ne_sf.o)
 .debug_loc     0x000004da       0x3c d:/embedded systems/required/imt_sdk_win_64/imt_sdk_win_64/winavr/bin/../lib/gcc/avr/4.3.3/avr5\libgcc.a(_gt_sf.o)
 .debug_loc     0x00000516       0x3c d:/embedded systems/required/imt_sdk_win_64/imt_sdk_win_64/winavr/bin/../lib/gcc/avr/4.3.3/avr5\libgcc.a(_ge_sf.o)
 .debug_loc     0x00000552       0x3c d:/embedded systems/required/imt_sdk_win_64/imt_sdk_win_64/winavr/bin/../lib/gcc/avr/4.3.3/avr5\libgcc.a(_le_sf.o)
 .debug_loc     0x0000058e       0xac d:/embedded systems/required/imt_sdk_win_64/imt_sdk_win_64/winavr/bin/../lib/gcc/avr/4.3.3/avr5\libgcc.a(_si_to_sf.o)
 .debug_loc     0x0000063a       0x7e d:/embedded systems/required/imt_sdk_win_64/imt_sdk_win_64/winavr/bin/../lib/gcc/avr/4.3.3/avr5\libgcc.a(_sf_to_si.o)
 .debug_loc     0x000006b8       0x4c d:/embedded systems/required/imt_sdk_win_64/imt_sdk_win_64/winavr/bin/../lib/gcc/avr/4.3.3/avr5\libgcc.a(_usi_to_sf.o)
 .debug_loc     0x00000704       0x94 d:/embedded systems/required/imt_sdk_win_64/imt_sdk_win_64/winavr/bin/../lib/gcc/avr/4.3.3/avr5\libgcc.a(_clzsi2.o)
 .debug_loc     0x00000798      0x13e d:/embedded systems/required/imt_sdk_win_64/imt_sdk_win_64/winavr/bin/../lib/gcc/avr/4.3.3/avr5\libgcc.a(_pack_sf.o)
 .debug_loc     0x000008d6       0xac d:/embedded systems/required/imt_sdk_win_64/imt_sdk_win_64/winavr/bin/../lib/gcc/avr/4.3.3/avr5\libgcc.a(_unpack_sf.o)
 .debug_loc     0x00000982       0x50 d:/embedded systems/required/imt_sdk_win_64/imt_sdk_win_64/winavr/bin/../lib/gcc/avr/4.3.3/avr5\libgcc.a(_fpcmp_parts_sf.o)

.debug_macinfo
 *(.debug_macinfo)
OUTPUT(Challenge1.elf elf32-avr)
LOAD linker stubs

.debug_ranges   0x00000000       0x50
 .debug_ranges  0x00000000       0x50 d:/embedded systems/required/imt_sdk_win_64/imt_sdk_win_64/winavr/bin/../lib/gcc/avr/4.3.3/avr5\libgcc.a(_mul_sf.o)
